Archive member included to satisfy reference by file (symbol)

c:/st/stm32cubeide_1.4.0/stm32cubeide/plugins/com.st.stm32cube.ide.mcu.externaltools.gnu-tools-for-stm32.7-2018-q2-update.win32_1.5.0.202011040924/tools/bin/../lib/gcc/arm-none-eabi/7.3.1/../../../../arm-none-eabi/lib/thumb/v7e-m/fpv4-sp/hard\libc_nano.a(lib_a-errno.o)
                              Core/Src/syscalls.o (__errno)
c:/st/stm32cubeide_1.4.0/stm32cubeide/plugins/com.st.stm32cube.ide.mcu.externaltools.gnu-tools-for-stm32.7-2018-q2-update.win32_1.5.0.202011040924/tools/bin/../lib/gcc/arm-none-eabi/7.3.1/../../../../arm-none-eabi/lib/thumb/v7e-m/fpv4-sp/hard\libc_nano.a(lib_a-exit.o)
                              c:/st/stm32cubeide_1.4.0/stm32cubeide/plugins/com.st.stm32cube.ide.mcu.externaltools.gnu-tools-for-stm32.7-2018-q2-update.win32_1.5.0.202011040924/tools/bin/../lib/gcc/arm-none-eabi/7.3.1/../../../../arm-none-eabi/lib/thumb/v7e-m/fpv4-sp/hard/crt0.o (exit)
c:/st/stm32cubeide_1.4.0/stm32cubeide/plugins/com.st.stm32cube.ide.mcu.externaltools.gnu-tools-for-stm32.7-2018-q2-update.win32_1.5.0.202011040924/tools/bin/../lib/gcc/arm-none-eabi/7.3.1/../../../../arm-none-eabi/lib/thumb/v7e-m/fpv4-sp/hard\libc_nano.a(lib_a-impure.o)
                              c:/st/stm32cubeide_1.4.0/stm32cubeide/plugins/com.st.stm32cube.ide.mcu.externaltools.gnu-tools-for-stm32.7-2018-q2-update.win32_1.5.0.202011040924/tools/bin/../lib/gcc/arm-none-eabi/7.3.1/../../../../arm-none-eabi/lib/thumb/v7e-m/fpv4-sp/hard\libc_nano.a(lib_a-exit.o) (_global_impure_ptr)
c:/st/stm32cubeide_1.4.0/stm32cubeide/plugins/com.st.stm32cube.ide.mcu.externaltools.gnu-tools-for-stm32.7-2018-q2-update.win32_1.5.0.202011040924/tools/bin/../lib/gcc/arm-none-eabi/7.3.1/../../../../arm-none-eabi/lib/thumb/v7e-m/fpv4-sp/hard\libc_nano.a(lib_a-init.o)
                              c:/st/stm32cubeide_1.4.0/stm32cubeide/plugins/com.st.stm32cube.ide.mcu.externaltools.gnu-tools-for-stm32.7-2018-q2-update.win32_1.5.0.202011040924/tools/bin/../lib/gcc/arm-none-eabi/7.3.1/../../../../arm-none-eabi/lib/thumb/v7e-m/fpv4-sp/hard/crt0.o (__libc_init_array)
c:/st/stm32cubeide_1.4.0/stm32cubeide/plugins/com.st.stm32cube.ide.mcu.externaltools.gnu-tools-for-stm32.7-2018-q2-update.win32_1.5.0.202011040924/tools/bin/../lib/gcc/arm-none-eabi/7.3.1/../../../../arm-none-eabi/lib/thumb/v7e-m/fpv4-sp/hard\libc_nano.a(lib_a-memcpy-stub.o)
                              Core/Src/main.o (memcpy)
c:/st/stm32cubeide_1.4.0/stm32cubeide/plugins/com.st.stm32cube.ide.mcu.externaltools.gnu-tools-for-stm32.7-2018-q2-update.win32_1.5.0.202011040924/tools/bin/../lib/gcc/arm-none-eabi/7.3.1/../../../../arm-none-eabi/lib/thumb/v7e-m/fpv4-sp/hard\libc_nano.a(lib_a-memset.o)
                              c:/st/stm32cubeide_1.4.0/stm32cubeide/plugins/com.st.stm32cube.ide.mcu.externaltools.gnu-tools-for-stm32.7-2018-q2-update.win32_1.5.0.202011040924/tools/bin/../lib/gcc/arm-none-eabi/7.3.1/../../../../arm-none-eabi/lib/thumb/v7e-m/fpv4-sp/hard/crt0.o (memset)

Allocating common symbols
Common symbol       size              file

hUsbDeviceFS        0x2d0             USB_Device/App/usb_device.o
htim8               0x4c              Core/Src/main.o
htim4               0x4c              Core/Src/main.o
htim15              0x4c              Core/Src/main.o
htim17              0x4c              Core/Src/main.o
uwTick              0x4               Drivers/STM32G4xx_HAL_Driver/Src/stm32g4xx_hal.o
UserRxBufferFS      0x3e8             USB_Device/App/usbd_cdc_if.o
htim3               0x4c              Core/Src/main.o
UserTxBufferFS      0x3e8             USB_Device/App/usbd_cdc_if.o
htim1               0x4c              Core/Src/main.o
htim2               0x4c              Core/Src/main.o
hpcd_USB_FS         0x2f4             USB_Device/Target/usbd_conf.o
USBD_StrDesc        0x200             USB_Device/App/usbd_desc.o
htim16              0x4c              Core/Src/main.o
htim7               0x4c              Core/Src/main.o

Discarded input sections

 .text          0x0000000000000000        0x0 c:/st/stm32cubeide_1.4.0/stm32cubeide/plugins/com.st.stm32cube.ide.mcu.externaltools.gnu-tools-for-stm32.7-2018-q2-update.win32_1.5.0.202011040924/tools/bin/../lib/gcc/arm-none-eabi/7.3.1/thumb/v7e-m/fpv4-sp/hard/crti.o
 .data          0x0000000000000000        0x0 c:/st/stm32cubeide_1.4.0/stm32cubeide/plugins/com.st.stm32cube.ide.mcu.externaltools.gnu-tools-for-stm32.7-2018-q2-update.win32_1.5.0.202011040924/tools/bin/../lib/gcc/arm-none-eabi/7.3.1/thumb/v7e-m/fpv4-sp/hard/crti.o
 .bss           0x0000000000000000        0x0 c:/st/stm32cubeide_1.4.0/stm32cubeide/plugins/com.st.stm32cube.ide.mcu.externaltools.gnu-tools-for-stm32.7-2018-q2-update.win32_1.5.0.202011040924/tools/bin/../lib/gcc/arm-none-eabi/7.3.1/thumb/v7e-m/fpv4-sp/hard/crti.o
[...]
Memory Configuration

Name             Origin             Length             Attributes
RAM              0x0000000020000000 0x0000000000008000 xrw
FLASH            0x0000000008000000 0x0000000000020000 xr
*default*        0x0000000000000000 0xffffffffffffffff

Linker script and memory map

LOAD c:/st/stm32cubeide_1.4.0/stm32cubeide/plugins/com.st.stm32cube.ide.mcu.externaltools.gnu-tools-for-stm32.7-2018-q2-update.win32_1.5.0.202011040924/tools/bin/../lib/gcc/arm-none-eabi/7.3.1/thumb/v7e-m/fpv4-sp/hard/crti.o
LOAD c:/st/stm32cubeide_1.4.0/stm32cubeide/plugins/com.st.stm32cube.ide.mcu.externaltools.gnu-tools-for-stm32.7-2018-q2-update.win32_1.5.0.202011040924/tools/bin/../lib/gcc/arm-none-eabi/7.3.1/thumb/v7e-m/fpv4-sp/hard/crtbegin.o
LOAD c:/st/stm32cubeide_1.4.0/stm32cubeide/plugins/com.st.stm32cube.ide.mcu.externaltools.gnu-tools-for-stm32.7-2018-q2-update.win32_1.5.0.202011040924/tools/bin/../lib/gcc/arm-none-eabi/7.3.1/../../../../arm-none-eabi/lib/thumb/v7e-m/fpv4-sp/hard/crt0.o
LOAD Core/Src/main.o
LOAD Core/Src/stm32g4xx_hal_msp.o
LOAD Core/Src/stm32g4xx_it.o
LOAD Core/Src/syscalls.o
LOAD Core/Src/sysmem.o
LOAD Core/Src/system_stm32g4xx.o
LOAD Core/Startup/startup_stm32g431kbtx.o
LOAD Drivers/STM32G4xx_HAL_Driver/Src/stm32g4xx_hal.o
LOAD Drivers/STM32G4xx_HAL_Driver/Src/stm32g4xx_hal_cortex.o
LOAD Drivers/STM32G4xx_HAL_Driver/Src/stm32g4xx_hal_dma.o
LOAD Drivers/STM32G4xx_HAL_Driver/Src/stm32g4xx_hal_dma_ex.o
LOAD Drivers/STM32G4xx_HAL_Driver/Src/stm32g4xx_hal_exti.o
LOAD Drivers/STM32G4xx_HAL_Driver/Src/stm32g4xx_hal_flash.o
LOAD Drivers/STM32G4xx_HAL_Driver/Src/stm32g4xx_hal_flash_ex.o
LOAD Drivers/STM32G4xx_HAL_Driver/Src/stm32g4xx_hal_flash_ramfunc.o
LOAD Drivers/STM32G4xx_HAL_Driver/Src/stm32g4xx_hal_gpio.o
LOAD Drivers/STM32G4xx_HAL_Driver/Src/stm32g4xx_hal_pcd.o
LOAD Drivers/STM32G4xx_HAL_Driver/Src/stm32g4xx_hal_pcd_ex.o
LOAD Drivers/STM32G4xx_HAL_Driver/Src/stm32g4xx_hal_pwr.o
LOAD Drivers/STM32G4xx_HAL_Driver/Src/stm32g4xx_hal_pwr_ex.o
LOAD Drivers/STM32G4xx_HAL_Driver/Src/stm32g4xx_hal_rcc.o
LOAD Drivers/STM32G4xx_HAL_Driver/Src/stm32g4xx_hal_rcc_ex.o
LOAD Drivers/STM32G4xx_HAL_Driver/Src/stm32g4xx_hal_tim.o
LOAD Drivers/STM32G4xx_HAL_Driver/Src/stm32g4xx_hal_tim_ex.o
LOAD Drivers/STM32G4xx_HAL_Driver/Src/stm32g4xx_ll_usb.o
LOAD Middlewares/ST/STM32_USB_Device_Library/Class/CDC/Src/usbd_cdc.o
LOAD Middlewares/ST/STM32_USB_Device_Library/Core/Src/usbd_core.o
LOAD Middlewares/ST/STM32_USB_Device_Library/Core/Src/usbd_ctlreq.o
LOAD Middlewares/ST/STM32_USB_Device_Library/Core/Src/usbd_ioreq.o
LOAD USB_Device/App/usb_device.o
LOAD USB_Device/App/usbd_cdc_if.o
LOAD USB_Device/App/usbd_desc.o
LOAD USB_Device/Target/usbd_conf.o
START GROUP
LOAD c:/st/stm32cubeide_1.4.0/stm32cubeide/plugins/com.st.stm32cube.ide.mcu.externaltools.gnu-tools-for-stm32.7-2018-q2-update.win32_1.5.0.202011040924/tools/bin/../lib/gcc/arm-none-eabi/7.3.1/../../../../arm-none-eabi/lib/thumb/v7e-m/fpv4-sp/hard\libc_nano.a
LOAD c:/st/stm32cubeide_1.4.0/stm32cubeide/plugins/com.st.stm32cube.ide.mcu.externaltools.gnu-tools-for-stm32.7-2018-q2-update.win32_1.5.0.202011040924/tools/bin/../lib/gcc/arm-none-eabi/7.3.1/../../../../arm-none-eabi/lib/thumb/v7e-m/fpv4-sp/hard\libm.a
END GROUP
START GROUP
LOAD c:/st/stm32cubeide_1.4.0/stm32cubeide/plugins/com.st.stm32cube.ide.mcu.externaltools.gnu-tools-for-stm32.7-2018-q2-update.win32_1.5.0.202011040924/tools/bin/../lib/gcc/arm-none-eabi/7.3.1/thumb/v7e-m/fpv4-sp/hard\libgcc.a
LOAD c:/st/stm32cubeide_1.4.0/stm32cubeide/plugins/com.st.stm32cube.ide.mcu.externaltools.gnu-tools-for-stm32.7-2018-q2-update.win32_1.5.0.202011040924/tools/bin/../lib/gcc/arm-none-eabi/7.3.1/../../../../arm-none-eabi/lib/thumb/v7e-m/fpv4-sp/hard\libc_nano.a
END GROUP
START GROUP
LOAD c:/st/stm32cubeide_1.4.0/stm32cubeide/plugins/com.st.stm32cube.ide.mcu.externaltools.gnu-tools-for-stm32.7-2018-q2-update.win32_1.5.0.202011040924/tools/bin/../lib/gcc/arm-none-eabi/7.3.1/thumb/v7e-m/fpv4-sp/hard\libgcc.a
LOAD c:/st/stm32cubeide_1.4.0/stm32cubeide/plugins/com.st.stm32cube.ide.mcu.externaltools.gnu-tools-for-stm32.7-2018-q2-update.win32_1.5.0.202011040924/tools/bin/../lib/gcc/arm-none-eabi/7.3.1/../../../../arm-none-eabi/lib/thumb/v7e-m/fpv4-sp/hard\libc_nano.a
LOAD c:/st/stm32cubeide_1.4.0/stm32cubeide/plugins/com.st.stm32cube.ide.mcu.externaltools.gnu-tools-for-stm32.7-2018-q2-update.win32_1.5.0.202011040924/tools/bin/../lib/gcc/arm-none-eabi/7.3.1/../../../../arm-none-eabi/lib/thumb/v7e-m/fpv4-sp/hard\libnosys.a
END GROUP
START GROUP
LOAD c:/st/stm32cubeide_1.4.0/stm32cubeide/plugins/com.st.stm32cube.ide.mcu.externaltools.gnu-tools-for-stm32.7-2018-q2-update.win32_1.5.0.202011040924/tools/bin/../lib/gcc/arm-none-eabi/7.3.1/thumb/v7e-m/fpv4-sp/hard\libgcc.a
LOAD c:/st/stm32cubeide_1.4.0/stm32cubeide/plugins/com.st.stm32cube.ide.mcu.externaltools.gnu-tools-for-stm32.7-2018-q2-update.win32_1.5.0.202011040924/tools/bin/../lib/gcc/arm-none-eabi/7.3.1/../../../../arm-none-eabi/lib/thumb/v7e-m/fpv4-sp/hard\libc_nano.a
LOAD c:/st/stm32cubeide_1.4.0/stm32cubeide/plugins/com.st.stm32cube.ide.mcu.externaltools.gnu-tools-for-stm32.7-2018-q2-update.win32_1.5.0.202011040924/tools/bin/../lib/gcc/arm-none-eabi/7.3.1/../../../../arm-none-eabi/lib/thumb/v7e-m/fpv4-sp/hard\libnosys.a
END GROUP
LOAD c:/st/stm32cubeide_1.4.0/stm32cubeide/plugins/com.st.stm32cube.ide.mcu.externaltools.gnu-tools-for-stm32.7-2018-q2-update.win32_1.5.0.202011040924/tools/bin/../lib/gcc/arm-none-eabi/7.3.1/thumb/v7e-m/fpv4-sp/hard/crtend.o
LOAD c:/st/stm32cubeide_1.4.0/stm32cubeide/plugins/com.st.stm32cube.ide.mcu.externaltools.gnu-tools-for-stm32.7-2018-q2-update.win32_1.5.0.202011040924/tools/bin/../lib/gcc/arm-none-eabi/7.3.1/thumb/v7e-m/fpv4-sp/hard/crtn.o
                0x0000000020008000                _estack = (ORIGIN (RAM) + LENGTH (RAM))
                0x0000000000000200                _Min_Heap_Size = 0x200
                0x0000000000000400                _Min_Stack_Size = 0x400

.isr_vector     0x0000000008000000      0x1d8
                0x0000000008000000                . = ALIGN (0x4)
 *(.isr_vector)
 .isr_vector    0x0000000008000000      0x1d8 Core/Startup/startup_stm32g431kbtx.o
                0x0000000008000000                g_pfnVectors
                0x00000000080001d8                . = ALIGN (0x4)

.text           0x00000000080001d8     0x9a0c
                0x00000000080001d8                . = ALIGN (0x4)
 *(.text)
 .text          0x00000000080001d8       0x40 c:/st/stm32cubeide_1.4.0/stm32cubeide/plugins/com.st.stm32cube.ide.mcu.externaltools.gnu-tools-for-stm32.7-2018-q2-update.win32_1.5.0.202011040924/tools/bin/../lib/gcc/arm-none-eabi/7.3.1/thumb/v7e-m/fpv4-sp/hard/crtbegin.o
 *(.text*)
 .text.CDC_On_Receive
                0x0000000008000218       0x40 Core/Src/main.o
                0x0000000008000218                CDC_On_Receive
 .text.main     0x0000000008000258      0x2d4 Core/Src/main.o
                0x0000000008000258                main
 .text.SystemClock_Config
                0x000000000800052c       0xce Core/Src/main.o
                0x000000000800052c                SystemClock_Config
 *fill*         0x00000000080005fa        0x2 
 .text.MX_TIM1_Init
                0x00000000080005fc      0x160 Core/Src/main.o
 .text.MX_TIM2_Init
                0x000000000800075c       0xa8 Core/Src/main.o
 .text.MX_TIM3_Init
                0x0000000008000804       0xe8 Core/Src/main.o
 .text.MX_TIM4_Init
                0x00000000080008ec       0xac Core/Src/main.o
 .text.MX_TIM7_Init
                0x0000000008000998       0x6c Core/Src/main.o
 .text.MX_TIM8_Init
                0x0000000008000a04       0xe0 Core/Src/main.o
 .text.MX_TIM15_Init
                0x0000000008000ae4      0x10c Core/Src/main.o
 .text.MX_TIM16_Init
                0x0000000008000bf0       0xf4 Core/Src/main.o
 .text.MX_TIM17_Init
                0x0000000008000ce4       0xf4 Core/Src/main.o
 .text.MX_GPIO_Init
                0x0000000008000dd8       0x94 Core/Src/main.o
 .text.HAL_TIM_PeriodElapsedCallback
                0x0000000008000e6c      0x128 Core/Src/main.o
                0x0000000008000e6c                HAL_TIM_PeriodElapsedCallback
 .text.Error_Handler
                0x0000000008000f94        0xe Core/Src/main.o
                0x0000000008000f94                Error_Handler
 *fill*         0x0000000008000fa2        0x2 
 .text.HAL_MspInit
                0x0000000008000fa4       0x48 Core/Src/stm32g4xx_hal_msp.o
                0x0000000008000fa4                HAL_MspInit
 .text.HAL_TIM_PWM_MspInit
                0x0000000008000fec       0x90 Core/Src/stm32g4xx_hal_msp.o
                0x0000000008000fec                HAL_TIM_PWM_MspInit
 .text.HAL_TIM_Encoder_MspInit
                0x000000000800107c      0x184 Core/Src/stm32g4xx_hal_msp.o
                0x000000000800107c                HAL_TIM_Encoder_MspInit
 .text.HAL_TIM_Base_MspInit
                0x0000000008001200       0x9c Core/Src/stm32g4xx_hal_msp.o
                0x0000000008001200                HAL_TIM_Base_MspInit
 .text.HAL_TIM_MspPostInit
                0x000000000800129c      0x1d0 Core/Src/stm32g4xx_hal_msp.o
                0x000000000800129c                HAL_TIM_MspPostInit
 .text.NMI_Handler
                0x000000000800146c        0xe Core/Src/stm32g4xx_it.o
                0x000000000800146c                NMI_Handler
 .text.HardFault_Handler
                0x000000000800147a        0x6 Core/Src/stm32g4xx_it.o
                0x000000000800147a                HardFault_Handler
 .text.MemManage_Handler
                0x0000000008001480        0x6 Core/Src/stm32g4xx_it.o
                0x0000000008001480                MemManage_Handler
 .text.BusFault_Handler
                0x0000000008001486        0x6 Core/Src/stm32g4xx_it.o
                0x0000000008001486                BusFault_Handler
 .text.UsageFault_Handler
                0x000000000800148c        0x6 Core/Src/stm32g4xx_it.o
                0x000000000800148c                UsageFault_Handler
 .text.SVC_Handler
                0x0000000008001492        0xe Core/Src/stm32g4xx_it.o
                0x0000000008001492                SVC_Handler
 .text.DebugMon_Handler
                0x00000000080014a0        0xe Core/Src/stm32g4xx_it.o
                0x00000000080014a0                DebugMon_Handler
 .text.PendSV_Handler
                0x00000000080014ae        0xe Core/Src/stm32g4xx_it.o
                0x00000000080014ae                PendSV_Handler
 .text.SysTick_Handler
                0x00000000080014bc        0xc Core/Src/stm32g4xx_it.o
                0x00000000080014bc                SysTick_Handler
 .text.USB_LP_IRQHandler
                0x00000000080014c8       0x14 Core/Src/stm32g4xx_it.o
                0x00000000080014c8                USB_LP_IRQHandler
 .text.TIM7_IRQHandler
                0x00000000080014dc       0x14 Core/Src/stm32g4xx_it.o
                0x00000000080014dc                TIM7_IRQHandler
 .text.SystemInit
                0x00000000080014f0       0x2c Core/Src/system_stm32g4xx.o
                0x00000000080014f0                SystemInit
 .text.Reset_Handler
                0x000000000800151c       0x50 Core/Startup/startup_stm32g431kbtx.o
                0x000000000800151c                Reset_Handler
 .text.Default_Handler
                0x000000000800156c        0x2 Core/Startup/startup_stm32g431kbtx.o
                0x000000000800156c                RTC_Alarm_IRQHandler
                0x000000000800156c                EXTI2_IRQHandler
                0x000000000800156c                TIM8_TRG_COM_IRQHandler
                0x000000000800156c                TIM8_CC_IRQHandler
                0x000000000800156c                TIM1_CC_IRQHandler
                0x000000000800156c                USB_HP_IRQHandler
                0x000000000800156c                CORDIC_IRQHandler
                0x000000000800156c                EXTI3_IRQHandler
                0x000000000800156c                I2C3_ER_IRQHandler
                0x000000000800156c                EXTI0_IRQHandler
                0x000000000800156c                I2C2_EV_IRQHandler
                0x000000000800156c                FPU_IRQHandler
                0x000000000800156c                FDCAN1_IT1_IRQHandler
                0x000000000800156c                TIM1_UP_TIM16_IRQHandler
                0x000000000800156c                ADC1_2_IRQHandler
                0x000000000800156c                SPI1_IRQHandler
                0x000000000800156c                TIM6_DAC_IRQHandler
                0x000000000800156c                TIM8_UP_IRQHandler
                0x000000000800156c                DMA2_Channel2_IRQHandler
                0x000000000800156c                DMA1_Channel4_IRQHandler
                0x000000000800156c                USART3_IRQHandler
                0x000000000800156c                TIM4_IRQHandler
                0x000000000800156c                DMA2_Channel1_IRQHandler
                0x000000000800156c                I2C1_EV_IRQHandler
                0x000000000800156c                DMA1_Channel6_IRQHandler
                0x000000000800156c                UART4_IRQHandler
                0x000000000800156c                DMA2_Channel4_IRQHandler
                0x000000000800156c                TIM3_IRQHandler
                0x000000000800156c                RCC_IRQHandler
                0x000000000800156c                DMA1_Channel1_IRQHandler
                0x000000000800156c                Default_Handler
                0x000000000800156c                RTC_TAMP_LSECSS_IRQHandler
                0x000000000800156c                FMAC_IRQHandler
                0x000000000800156c                EXTI15_10_IRQHandler
                0x000000000800156c                UCPD1_IRQHandler
                0x000000000800156c                I2C3_EV_IRQHandler
                0x000000000800156c                EXTI9_5_IRQHandler
                0x000000000800156c                RTC_WKUP_IRQHandler
                0x000000000800156c                PVD_PVM_IRQHandler
                0x000000000800156c                SPI2_IRQHandler
                0x000000000800156c                DMA2_Channel5_IRQHandler
                0x000000000800156c                CRS_IRQHandler
                0x000000000800156c                DMA1_Channel5_IRQHandler
                0x000000000800156c                EXTI4_IRQHandler
                0x000000000800156c                RNG_IRQHandler
                0x000000000800156c                TIM1_TRG_COM_TIM17_IRQHandler
                0x000000000800156c                DMA1_Channel3_IRQHandler
                0x000000000800156c                WWDG_IRQHandler
                0x000000000800156c                LPUART1_IRQHandler
                0x000000000800156c                DMA2_Channel6_IRQHandler
                0x000000000800156c                FDCAN1_IT0_IRQHandler
                0x000000000800156c                TIM2_IRQHandler
                0x000000000800156c                COMP1_2_3_IRQHandler
                0x000000000800156c                EXTI1_IRQHandler
                0x000000000800156c                USART2_IRQHandler
                0x000000000800156c                I2C2_ER_IRQHandler
                0x000000000800156c                DMA1_Channel2_IRQHandler
                0x000000000800156c                TIM8_BRK_IRQHandler
                0x000000000800156c                FLASH_IRQHandler
                0x000000000800156c                USART1_IRQHandler
                0x000000000800156c                SPI3_IRQHandler
                0x000000000800156c                I2C1_ER_IRQHandler
                0x000000000800156c                LPTIM1_IRQHandler
                0x000000000800156c                DMAMUX_OVR_IRQHandler
                0x000000000800156c                USBWakeUp_IRQHandler
                0x000000000800156c                SAI1_IRQHandler
                0x000000000800156c                DMA2_Channel3_IRQHandler
                0x000000000800156c                COMP4_IRQHandler
                0x000000000800156c                TIM1_BRK_TIM15_IRQHandler
 .text.HAL_Init
                0x000000000800156e       0x30 Drivers/STM32G4xx_HAL_Driver/Src/stm32g4xx_hal.o
                0x000000000800156e                HAL_Init
 *fill*         0x000000000800159e        0x2 
 .text.HAL_InitTick
                0x00000000080015a0       0x74 Drivers/STM32G4xx_HAL_Driver/Src/stm32g4xx_hal.o
                0x00000000080015a0                HAL_InitTick
 .text.HAL_IncTick
                0x0000000008001614       0x24 Drivers/STM32G4xx_HAL_Driver/Src/stm32g4xx_hal.o
                0x0000000008001614                HAL_IncTick
 .text.HAL_GetTick
                0x0000000008001638       0x18 Drivers/STM32G4xx_HAL_Driver/Src/stm32g4xx_hal.o
                0x0000000008001638                HAL_GetTick
 .text.__NVIC_SetPriorityGrouping
                0x0000000008001650       0x48 Drivers/STM32G4xx_HAL_Driver/Src/stm32g4xx_hal_cortex.o
 .text.__NVIC_GetPriorityGrouping
                0x0000000008001698       0x1c Drivers/STM32G4xx_HAL_Driver/Src/stm32g4xx_hal_cortex.o
 .text.__NVIC_EnableIRQ
                0x00000000080016b4       0x3c Drivers/STM32G4xx_HAL_Driver/Src/stm32g4xx_hal_cortex.o
 .text.__NVIC_SetPriority
                0x00000000080016f0       0x54 Drivers/STM32G4xx_HAL_Driver/Src/stm32g4xx_hal_cortex.o
 .text.NVIC_EncodePriority
                0x0000000008001744       0x66 Drivers/STM32G4xx_HAL_Driver/Src/stm32g4xx_hal_cortex.o
 *fill*         0x00000000080017aa        0x2 
 .text.SysTick_Config
                0x00000000080017ac       0x44 Drivers/STM32G4xx_HAL_Driver/Src/stm32g4xx_hal_cortex.o
 .text.HAL_NVIC_SetPriorityGrouping
                0x00000000080017f0       0x16 Drivers/STM32G4xx_HAL_Driver/Src/stm32g4xx_hal_cortex.o
                0x00000000080017f0                HAL_NVIC_SetPriorityGrouping
 .text.HAL_NVIC_SetPriority
                0x0000000008001806       0x34 Drivers/STM32G4xx_HAL_Driver/Src/stm32g4xx_hal_cortex.o
                0x0000000008001806                HAL_NVIC_SetPriority
 .text.HAL_NVIC_EnableIRQ
                0x000000000800183a       0x1c Drivers/STM32G4xx_HAL_Driver/Src/stm32g4xx_hal_cortex.o
                0x000000000800183a                HAL_NVIC_EnableIRQ
 .text.HAL_SYSTICK_Config
                0x0000000008001856       0x18 Drivers/STM32G4xx_HAL_Driver/Src/stm32g4xx_hal_cortex.o
                0x0000000008001856                HAL_SYSTICK_Config
 *fill*         0x000000000800186e        0x2 
 .text.HAL_GPIO_Init
                0x0000000008001870      0x304 Drivers/STM32G4xx_HAL_Driver/Src/stm32g4xx_hal_gpio.o
                0x0000000008001870                HAL_GPIO_Init
 .text.HAL_GPIO_WritePin
                0x0000000008001b74       0x30 Drivers/STM32G4xx_HAL_Driver/Src/stm32g4xx_hal_gpio.o
                0x0000000008001b74                HAL_GPIO_WritePin
 .text.HAL_GPIO_TogglePin
                0x0000000008001ba4       0x34 Drivers/STM32G4xx_HAL_Driver/Src/stm32g4xx_hal_gpio.o
                0x0000000008001ba4                HAL_GPIO_TogglePin
 .text.HAL_PCD_Init
                0x0000000008001bd8      0x1ca Drivers/STM32G4xx_HAL_Driver/Src/stm32g4xx_hal_pcd.o
                0x0000000008001bd8                HAL_PCD_Init
 .text.HAL_PCD_Start
                0x0000000008001da2       0x44 Drivers/STM32G4xx_HAL_Driver/Src/stm32g4xx_hal_pcd.o
                0x0000000008001da2                HAL_PCD_Start
 .text.HAL_PCD_IRQHandler
                0x0000000008001de6      0x29c Drivers/STM32G4xx_HAL_Driver/Src/stm32g4xx_hal_pcd.o
                0x0000000008001de6                HAL_PCD_IRQHandler
 .text.HAL_PCD_SetAddress
                0x0000000008002082       0x4a Drivers/STM32G4xx_HAL_Driver/Src/stm32g4xx_hal_pcd.o
                0x0000000008002082                HAL_PCD_SetAddress
 .text.HAL_PCD_EP_Open
                0x00000000080020cc       0xcc Drivers/STM32G4xx_HAL_Driver/Src/stm32g4xx_hal_pcd.o
                0x00000000080020cc                HAL_PCD_EP_Open
 .text.HAL_PCD_EP_Close
                0x0000000008002198       0x90 Drivers/STM32G4xx_HAL_Driver/Src/stm32g4xx_hal_pcd.o
                0x0000000008002198                HAL_PCD_EP_Close
 .text.HAL_PCD_EP_Receive
                0x0000000008002228       0x7a Drivers/STM32G4xx_HAL_Driver/Src/stm32g4xx_hal_pcd.o
                0x0000000008002228                HAL_PCD_EP_Receive
 .text.HAL_PCD_EP_GetRxCount
                0x00000000080022a2       0x30 Drivers/STM32G4xx_HAL_Driver/Src/stm32g4xx_hal_pcd.o
                0x00000000080022a2                HAL_PCD_EP_GetRxCount
 .text.HAL_PCD_EP_Transmit
                0x00000000080022d2       0x86 Drivers/STM32G4xx_HAL_Driver/Src/stm32g4xx_hal_pcd.o
                0x00000000080022d2                HAL_PCD_EP_Transmit
 .text.HAL_PCD_EP_SetStall
                0x0000000008002358       0xc0 Drivers/STM32G4xx_HAL_Driver/Src/stm32g4xx_hal_pcd.o
                0x0000000008002358                HAL_PCD_EP_SetStall
 .text.HAL_PCD_EP_ClrStall
                0x0000000008002418       0xa8 Drivers/STM32G4xx_HAL_Driver/Src/stm32g4xx_hal_pcd.o
                0x0000000008002418                HAL_PCD_EP_ClrStall
 .text.PCD_EP_ISR_Handler
                0x00000000080024c0      0x5ca Drivers/STM32G4xx_HAL_Driver/Src/stm32g4xx_hal_pcd.o
 .text.HAL_PCD_EP_DB_Receive
                0x0000000008002a8a      0x212 Drivers/STM32G4xx_HAL_Driver/Src/stm32g4xx_hal_pcd.o
 .text.HAL_PCD_EP_DB_Transmit
                0x0000000008002c9c      0x532 Drivers/STM32G4xx_HAL_Driver/Src/stm32g4xx_hal_pcd.o
 .text.HAL_PCDEx_PMAConfig
                0x00000000080031ce       0x86 Drivers/STM32G4xx_HAL_Driver/Src/stm32g4xx_hal_pcd_ex.o
                0x00000000080031ce                HAL_PCDEx_PMAConfig
 .text.HAL_PCDEx_ActivateLPM
                0x0000000008003254       0x54 Drivers/STM32G4xx_HAL_Driver/Src/stm32g4xx_hal_pcd_ex.o
                0x0000000008003254                HAL_PCDEx_ActivateLPM
 .text.HAL_PWREx_ControlVoltageScaling
                0x00000000080032a8      0x148 Drivers/STM32G4xx_HAL_Driver/Src/stm32g4xx_hal_pwr_ex.o
                0x00000000080032a8                HAL_PWREx_ControlVoltageScaling
 .text.HAL_PWREx_DisableUCPDDeadBattery
                0x00000000080033f0       0x20 Drivers/STM32G4xx_HAL_Driver/Src/stm32g4xx_hal_pwr_ex.o
                0x00000000080033f0                HAL_PWREx_DisableUCPDDeadBattery
 .text.HAL_RCC_OscConfig
                0x0000000008003410      0x630 Drivers/STM32G4xx_HAL_Driver/Src/stm32g4xx_hal_rcc.o
                0x0000000008003410                HAL_RCC_OscConfig
 .text.HAL_RCC_ClockConfig
                0x0000000008003a40      0x278 Drivers/STM32G4xx_HAL_Driver/Src/stm32g4xx_hal_rcc.o
                0x0000000008003a40                HAL_RCC_ClockConfig
 .text.HAL_RCC_GetSysClockFreq
                0x0000000008003cb8       0xc4 Drivers/STM32G4xx_HAL_Driver/Src/stm32g4xx_hal_rcc.o
                0x0000000008003cb8                HAL_RCC_GetSysClockFreq
 .text.RCC_GetSysClockFreqFromPLLSource
                0x0000000008003d7c       0x8c Drivers/STM32G4xx_HAL_Driver/Src/stm32g4xx_hal_rcc.o
 .text.HAL_RCCEx_PeriphCLKConfig
                0x0000000008003e08      0x3e0 Drivers/STM32G4xx_HAL_Driver/Src/stm32g4xx_hal_rcc_ex.o
                0x0000000008003e08                HAL_RCCEx_PeriphCLKConfig
 .text.HAL_TIM_Base_Init
                0x00000000080041e8       0xae Drivers/STM32G4xx_HAL_Driver/Src/stm32g4xx_hal_tim.o
                0x00000000080041e8                HAL_TIM_Base_Init
 *fill*         0x0000000008004296        0x2 
 .text.HAL_TIM_Base_Start_IT
                0x0000000008004298       0xd4 Drivers/STM32G4xx_HAL_Driver/Src/stm32g4xx_hal_tim.o
                0x0000000008004298                HAL_TIM_Base_Start_IT
 .text.HAL_TIM_PWM_Init
                0x000000000800436c       0xae Drivers/STM32G4xx_HAL_Driver/Src/stm32g4xx_hal_tim.o
                0x000000000800436c                HAL_TIM_PWM_Init
 *fill*         0x000000000800441a        0x2 
 .text.HAL_TIM_PWM_Start
                0x000000000800441c      0x200 Drivers/STM32G4xx_HAL_Driver/Src/stm32g4xx_hal_tim.o
                0x000000000800441c                HAL_TIM_PWM_Start
 .text.HAL_TIM_Encoder_Init
                0x000000000800461c      0x14c Drivers/STM32G4xx_HAL_Driver/Src/stm32g4xx_hal_tim.o
                0x000000000800461c                HAL_TIM_Encoder_Init
 .text.HAL_TIM_Encoder_Start
                0x0000000008004768      0x11a Drivers/STM32G4xx_HAL_Driver/Src/stm32g4xx_hal_tim.o
                0x0000000008004768                HAL_TIM_Encoder_Start
 .text.HAL_TIM_IRQHandler
                0x0000000008004882      0x2fe Drivers/STM32G4xx_HAL_Driver/Src/stm32g4xx_hal_tim.o
                0x0000000008004882                HAL_TIM_IRQHandler
 .text.HAL_TIM_PWM_ConfigChannel
                0x0000000008004b80      0x220 Drivers/STM32G4xx_HAL_Driver/Src/stm32g4xx_hal_tim.o
                0x0000000008004b80                HAL_TIM_PWM_ConfigChannel
 .text.HAL_TIM_OC_DelayElapsedCallback
                0x0000000008004da0       0x14 Drivers/STM32G4xx_HAL_Driver/Src/stm32g4xx_hal_tim.o
                0x0000000008004da0                HAL_TIM_OC_DelayElapsedCallback
 .text.HAL_TIM_IC_CaptureCallback
                0x0000000008004db4       0x14 Drivers/STM32G4xx_HAL_Driver/Src/stm32g4xx_hal_tim.o
                0x0000000008004db4                HAL_TIM_IC_CaptureCallback
 .text.HAL_TIM_PWM_PulseFinishedCallback
                0x0000000008004dc8       0x14 Drivers/STM32G4xx_HAL_Driver/Src/stm32g4xx_hal_tim.o
                0x0000000008004dc8                HAL_TIM_PWM_PulseFinishedCallback
 .text.HAL_TIM_TriggerCallback
                0x0000000008004ddc       0x14 Drivers/STM32G4xx_HAL_Driver/Src/stm32g4xx_hal_tim.o
                0x0000000008004ddc                HAL_TIM_TriggerCallback
 .text.TIM_Base_SetConfig
                0x0000000008004df0      0x120 Drivers/STM32G4xx_HAL_Driver/Src/stm32g4xx_hal_tim.o
                0x0000000008004df0                TIM_Base_SetConfig
 .text.TIM_OC1_SetConfig
                0x0000000008004f10      0x120 Drivers/STM32G4xx_HAL_Driver/Src/stm32g4xx_hal_tim.o
 .text.TIM_OC2_SetConfig
                0x0000000008005030      0x114 Drivers/STM32G4xx_HAL_Driver/Src/stm32g4xx_hal_tim.o
                0x0000000008005030                TIM_OC2_SetConfig
 .text.TIM_OC3_SetConfig
                0x0000000008005144      0x110 Drivers/STM32G4xx_HAL_Driver/Src/stm32g4xx_hal_tim.o
 .text.TIM_OC4_SetConfig
                0x0000000008005254      0x114 Drivers/STM32G4xx_HAL_Driver/Src/stm32g4xx_hal_tim.o
 .text.TIM_OC5_SetConfig
                0x0000000008005368       0xc8 Drivers/STM32G4xx_HAL_Driver/Src/stm32g4xx_hal_tim.o
 .text.TIM_OC6_SetConfig
                0x0000000008005430       0xcc Drivers/STM32G4xx_HAL_Driver/Src/stm32g4xx_hal_tim.o
 .text.TIM_CCxChannelCmd
                0x00000000080054fc       0x4a Drivers/STM32G4xx_HAL_Driver/Src/stm32g4xx_hal_tim.o
                0x00000000080054fc                TIM_CCxChannelCmd
 *fill*         0x0000000008005546        0x2 
 .text.HAL_TIMEx_MasterConfigSynchronization
                0x0000000008005548      0x104 Drivers/STM32G4xx_HAL_Driver/Src/stm32g4xx_hal_tim_ex.o
                0x0000000008005548                HAL_TIMEx_MasterConfigSynchronization
 .text.HAL_TIMEx_ConfigBreakDeadTime
                0x000000000800564c      0x140 Drivers/STM32G4xx_HAL_Driver/Src/stm32g4xx_hal_tim_ex.o
                0x000000000800564c                HAL_TIMEx_ConfigBreakDeadTime
 .text.HAL_TIMEx_CommutCallback
                0x000000000800578c       0x14 Drivers/STM32G4xx_HAL_Driver/Src/stm32g4xx_hal_tim_ex.o
                0x000000000800578c                HAL_TIMEx_CommutCallback
 .text.HAL_TIMEx_BreakCallback
                0x00000000080057a0       0x14 Drivers/STM32G4xx_HAL_Driver/Src/stm32g4xx_hal_tim_ex.o
                0x00000000080057a0                HAL_TIMEx_BreakCallback
 .text.HAL_TIMEx_Break2Callback
                0x00000000080057b4       0x14 Drivers/STM32G4xx_HAL_Driver/Src/stm32g4xx_hal_tim_ex.o
                0x00000000080057b4                HAL_TIMEx_Break2Callback
 .text.HAL_TIMEx_EncoderIndexCallback
                0x00000000080057c8       0x14 Drivers/STM32G4xx_HAL_Driver/Src/stm32g4xx_hal_tim_ex.o
                0x00000000080057c8                HAL_TIMEx_EncoderIndexCallback
 .text.HAL_TIMEx_DirectionChangeCallback
                0x00000000080057dc       0x14 Drivers/STM32G4xx_HAL_Driver/Src/stm32g4xx_hal_tim_ex.o
                0x00000000080057dc                HAL_TIMEx_DirectionChangeCallback
 .text.HAL_TIMEx_IndexErrorCallback
                0x00000000080057f0       0x14 Drivers/STM32G4xx_HAL_Driver/Src/stm32g4xx_hal_tim_ex.o
                0x00000000080057f0                HAL_TIMEx_IndexErrorCallback
 .text.HAL_TIMEx_TransitionErrorCallback
                0x0000000008005804       0x14 Drivers/STM32G4xx_HAL_Driver/Src/stm32g4xx_hal_tim_ex.o
                0x0000000008005804                HAL_TIMEx_TransitionErrorCallback
 .text.USB_EnableGlobalInt
                0x0000000008005818       0x2e Drivers/STM32G4xx_HAL_Driver/Src/stm32g4xx_ll_usb.o
                0x0000000008005818                USB_EnableGlobalInt
 .text.USB_DisableGlobalInt
                0x0000000008005846       0x36 Drivers/STM32G4xx_HAL_Driver/Src/stm32g4xx_ll_usb.o
                0x0000000008005846                USB_DisableGlobalInt
 .text.USB_DevInit
                0x000000000800587c       0x42 Drivers/STM32G4xx_HAL_Driver/Src/stm32g4xx_ll_usb.o
                0x000000000800587c                USB_DevInit
 *fill*         0x00000000080058be        0x2 
 .text.USB_ActivateEndpoint
                0x00000000080058c0      0x6dc Drivers/STM32G4xx_HAL_Driver/Src/stm32g4xx_ll_usb.o
                0x00000000080058c0                USB_ActivateEndpoint
 .text.USB_DeactivateEndpoint
                0x0000000008005f9c      0x3da Drivers/STM32G4xx_HAL_Driver/Src/stm32g4xx_ll_usb.o
                0x0000000008005f9c                USB_DeactivateEndpoint
 .text.USB_EPStartXfer
                0x0000000008006376     0x125e Drivers/STM32G4xx_HAL_Driver/Src/stm32g4xx_ll_usb.o
                0x0000000008006376                USB_EPStartXfer
 .text.USB_EPSetStall
                0x00000000080075d4       0xa2 Drivers/STM32G4xx_HAL_Driver/Src/stm32g4xx_ll_usb.o
                0x00000000080075d4                USB_EPSetStall
 .text.USB_EPClearStall
                0x0000000008007676      0x15c Drivers/STM32G4xx_HAL_Driver/Src/stm32g4xx_ll_usb.o
                0x0000000008007676                USB_EPClearStall
 .text.USB_SetDevAddress
                0x00000000080077d2       0x28 Drivers/STM32G4xx_HAL_Driver/Src/stm32g4xx_ll_usb.o
                0x00000000080077d2                USB_SetDevAddress
 .text.USB_DevConnect
                0x00000000080077fa       0x2e Drivers/STM32G4xx_HAL_Driver/Src/stm32g4xx_ll_usb.o
                0x00000000080077fa                USB_DevConnect
 .text.USB_ReadInterrupts
                0x0000000008007828       0x20 Drivers/STM32G4xx_HAL_Driver/Src/stm32g4xx_ll_usb.o
                0x0000000008007828                USB_ReadInterrupts
 .text.USB_EP0_OutStart
                0x0000000008007848       0x18 Drivers/STM32G4xx_HAL_Driver/Src/stm32g4xx_ll_usb.o
                0x0000000008007848                USB_EP0_OutStart
 .text.USB_WritePMA
                0x0000000008007860       0x82 Drivers/STM32G4xx_HAL_Driver/Src/stm32g4xx_ll_usb.o
                0x0000000008007860                USB_WritePMA
 .text.USB_ReadPMA
                0x00000000080078e2       0x98 Drivers/STM32G4xx_HAL_Driver/Src/stm32g4xx_ll_usb.o
                0x00000000080078e2                USB_ReadPMA
 .text.USBD_CDC_Init
                0x000000000800797a       0xfe Middlewares/ST/STM32_USB_Device_Library/Class/CDC/Src/usbd_cdc.o
 .text.USBD_CDC_DeInit
                0x0000000008007a78       0x74 Middlewares/ST/STM32_USB_Device_Library/Class/CDC/Src/usbd_cdc.o
 .text.USBD_CDC_Setup
                0x0000000008007aec      0x178 Middlewares/ST/STM32_USB_Device_Library/Class/CDC/Src/usbd_cdc.o
 .text.USBD_CDC_DataIn
                0x0000000008007c64       0xca Middlewares/ST/STM32_USB_Device_Library/Class/CDC/Src/usbd_cdc.o
 .text.USBD_CDC_DataOut
                0x0000000008007d2e       0x56 Middlewares/ST/STM32_USB_Device_Library/Class/CDC/Src/usbd_cdc.o
 .text.USBD_CDC_EP0_RxReady
                0x0000000008007d84       0x50 Middlewares/ST/STM32_USB_Device_Library/Class/CDC/Src/usbd_cdc.o
 .text.USBD_CDC_GetFSCfgDesc
                0x0000000008007dd4       0x20 Middlewares/ST/STM32_USB_Device_Library/Class/CDC/Src/usbd_cdc.o
 .text.USBD_CDC_GetHSCfgDesc
                0x0000000008007df4       0x20 Middlewares/ST/STM32_USB_Device_Library/Class/CDC/Src/usbd_cdc.o
 .text.USBD_CDC_GetOtherSpeedCfgDesc
                0x0000000008007e14       0x20 Middlewares/ST/STM32_USB_Device_Library/Class/CDC/Src/usbd_cdc.o
 .text.USBD_CDC_GetDeviceQualifierDescriptor
                0x0000000008007e34       0x20 Middlewares/ST/STM32_USB_Device_Library/Class/CDC/Src/usbd_cdc.o
                0x0000000008007e34                USBD_CDC_GetDeviceQualifierDescriptor
 .text.USBD_CDC_RegisterInterface
                0x0000000008007e54       0x2a Middlewares/ST/STM32_USB_Device_Library/Class/CDC/Src/usbd_cdc.o
                0x0000000008007e54                USBD_CDC_RegisterInterface
 .text.USBD_CDC_SetTxBuffer
                0x0000000008007e7e       0x32 Middlewares/ST/STM32_USB_Device_Library/Class/CDC/Src/usbd_cdc.o
                0x0000000008007e7e                USBD_CDC_SetTxBuffer
 .text.USBD_CDC_SetRxBuffer
                0x0000000008007eb0       0x28 Middlewares/ST/STM32_USB_Device_Library/Class/CDC/Src/usbd_cdc.o
                0x0000000008007eb0                USBD_CDC_SetRxBuffer
 .text.USBD_CDC_TransmitPacket
                0x0000000008007ed8       0x60 Middlewares/ST/STM32_USB_Device_Library/Class/CDC/Src/usbd_cdc.o
                0x0000000008007ed8                USBD_CDC_TransmitPacket
 .text.USBD_CDC_ReceivePacket
                0x0000000008007f38       0x54 Middlewares/ST/STM32_USB_Device_Library/Class/CDC/Src/usbd_cdc.o
                0x0000000008007f38                USBD_CDC_ReceivePacket
 .text.USBD_Init
                0x0000000008007f8c       0x60 Middlewares/ST/STM32_USB_Device_Library/Core/Src/usbd_core.o
                0x0000000008007f8c                USBD_Init
 .text.USBD_RegisterClass
                0x0000000008007fec       0x4e Middlewares/ST/STM32_USB_Device_Library/Core/Src/usbd_core.o
                0x0000000008007fec                USBD_RegisterClass
 .text.USBD_Start
                0x000000000800803a       0x18 Middlewares/ST/STM32_USB_Device_Library/Core/Src/usbd_core.o
                0x000000000800803a                USBD_Start
 .text.USBD_RunTestMode
                0x0000000008008052       0x16 Middlewares/ST/STM32_USB_Device_Library/Core/Src/usbd_core.o
                0x0000000008008052                USBD_RunTestMode
 .text.USBD_SetClassConfig
                0x0000000008008068       0x38 Middlewares/ST/STM32_USB_Device_Library/Core/Src/usbd_core.o
                0x0000000008008068                USBD_SetClassConfig
 .text.USBD_ClrClassConfig
                0x00000000080080a0       0x30 Middlewares/ST/STM32_USB_Device_Library/Core/Src/usbd_core.o
                0x00000000080080a0                USBD_ClrClassConfig
 .text.USBD_LL_SetupStage
                0x00000000080080d0       0xa6 Middlewares/ST/STM32_USB_Device_Library/Core/Src/usbd_core.o
                0x00000000080080d0                USBD_LL_SetupStage
 .text.USBD_LL_DataOutStage
                0x0000000008008176       0xc6 Middlewares/ST/STM32_USB_Device_Library/Core/Src/usbd_core.o
                0x0000000008008176                USBD_LL_DataOutStage
 .text.USBD_LL_DataInStage
                0x000000000800823c      0x12c Middlewares/ST/STM32_USB_Device_Library/Core/Src/usbd_core.o
                0x000000000800823c                USBD_LL_DataInStage
 .text.USBD_LL_Reset
                0x0000000008008368       0x82 Middlewares/ST/STM32_USB_Device_Library/Core/Src/usbd_core.o
                0x0000000008008368                USBD_LL_Reset
 .text.USBD_LL_SetSpeed
                0x00000000080083ea       0x20 Middlewares/ST/STM32_USB_Device_Library/Core/Src/usbd_core.o
                0x00000000080083ea                USBD_LL_SetSpeed
 .text.USBD_LL_Suspend
                0x000000000800840a       0x2a Middlewares/ST/STM32_USB_Device_Library/Core/Src/usbd_core.o
                0x000000000800840a                USBD_LL_Suspend
 .text.USBD_LL_Resume
                0x0000000008008434       0x2c Middlewares/ST/STM32_USB_Device_Library/Core/Src/usbd_core.o
                0x0000000008008434                USBD_LL_Resume
 .text.USBD_LL_SOF
                0x0000000008008460       0x34 Middlewares/ST/STM32_USB_Device_Library/Core/Src/usbd_core.o
                0x0000000008008460                USBD_LL_SOF
 .text.SWAPBYTE
                0x0000000008008494       0x3c Middlewares/ST/STM32_USB_Device_Library/Core/Src/usbd_ctlreq.o
 .text.USBD_StdDevReq
                0x00000000080084d0       0xdc Middlewares/ST/STM32_USB_Device_Library/Core/Src/usbd_ctlreq.o
                0x00000000080084d0                USBD_StdDevReq
 .text.USBD_StdItfReq
                0x00000000080085ac       0x8c Middlewares/ST/STM32_USB_Device_Library/Core/Src/usbd_ctlreq.o
                0x00000000080085ac                USBD_StdItfReq
 .text.USBD_StdEPReq
                0x0000000008008638      0x2ae Middlewares/ST/STM32_USB_Device_Library/Core/Src/usbd_ctlreq.o
                0x0000000008008638                USBD_StdEPReq
 *fill*         0x00000000080088e6        0x2 
 .text.USBD_GetDescriptor
                0x00000000080088e8      0x328 Middlewares/ST/STM32_USB_Device_Library/Core/Src/usbd_ctlreq.o
 .text.USBD_SetAddress
                0x0000000008008c10       0x84 Middlewares/ST/STM32_USB_Device_Library/Core/Src/usbd_ctlreq.o
 .text.USBD_SetConfig
                0x0000000008008c94      0x148 Middlewares/ST/STM32_USB_Device_Library/Core/Src/usbd_ctlreq.o
 .text.USBD_GetConfig
                0x0000000008008ddc       0x68 Middlewares/ST/STM32_USB_Device_Library/Core/Src/usbd_ctlreq.o
 .text.USBD_GetStatus
                0x0000000008008e44       0x66 Middlewares/ST/STM32_USB_Device_Library/Core/Src/usbd_ctlreq.o
 .text.USBD_SetFeature
                0x0000000008008eaa       0x28 Middlewares/ST/STM32_USB_Device_Library/Core/Src/usbd_ctlreq.o
 .text.USBD_ClrFeature
                0x0000000008008ed2       0x42 Middlewares/ST/STM32_USB_Device_Library/Core/Src/usbd_ctlreq.o
 .text.USBD_ParseSetupRequest
                0x0000000008008f14       0x74 Middlewares/ST/STM32_USB_Device_Library/Core/Src/usbd_ctlreq.o
                0x0000000008008f14                USBD_ParseSetupRequest
 .text.USBD_CtlError
                0x0000000008008f88       0x22 Middlewares/ST/STM32_USB_Device_Library/Core/Src/usbd_ctlreq.o
                0x0000000008008f88                USBD_CtlError
 .text.USBD_GetString
                0x0000000008008faa       0x8c Middlewares/ST/STM32_USB_Device_Library/Core/Src/usbd_ctlreq.o
                0x0000000008008faa                USBD_GetString
 .text.USBD_GetLen
                0x0000000008009036       0x34 Middlewares/ST/STM32_USB_Device_Library/Core/Src/usbd_ctlreq.o
 .text.USBD_CtlSendData
                0x000000000800906a       0x36 Middlewares/ST/STM32_USB_Device_Library/Core/Src/usbd_ioreq.o
                0x000000000800906a                USBD_CtlSendData
 .text.USBD_CtlContinueSendData
                0x00000000080090a0       0x22 Middlewares/ST/STM32_USB_Device_Library/Core/Src/usbd_ioreq.o
                0x00000000080090a0                USBD_CtlContinueSendData
 .text.USBD_CtlPrepareRx
                0x00000000080090c2       0x3a Middlewares/ST/STM32_USB_Device_Library/Core/Src/usbd_ioreq.o
                0x00000000080090c2                USBD_CtlPrepareRx
 .text.USBD_CtlContinueRx
                0x00000000080090fc       0x22 Middlewares/ST/STM32_USB_Device_Library/Core/Src/usbd_ioreq.o
                0x00000000080090fc                USBD_CtlContinueRx
 .text.USBD_CtlSendStatus
                0x000000000800911e       0x26 Middlewares/ST/STM32_USB_Device_Library/Core/Src/usbd_ioreq.o
                0x000000000800911e                USBD_CtlSendStatus
 .text.USBD_CtlReceiveStatus
                0x0000000008009144       0x26 Middlewares/ST/STM32_USB_Device_Library/Core/Src/usbd_ioreq.o
                0x0000000008009144                USBD_CtlReceiveStatus
 *fill*         0x000000000800916a        0x2 
 .text.MX_USB_Device_Init
                0x000000000800916c       0x60 USB_Device/App/usb_device.o
                0x000000000800916c                MX_USB_Device_Init
 .text.CDC_Init_FS
                0x00000000080091cc       0x28 USB_Device/App/usbd_cdc_if.o
 .text.CDC_DeInit_FS
                0x00000000080091f4       0x10 USB_Device/App/usbd_cdc_if.o
 .text.CDC_Control_FS
                0x0000000008009204       0xbc USB_Device/App/usbd_cdc_if.o
 .text.CDC_Receive_FS
                0x00000000080092c0       0x30 USB_Device/App/usbd_cdc_if.o
 .text.CDC_Transmit_FS
                0x00000000080092f0       0x4c USB_Device/App/usbd_cdc_if.o
                0x00000000080092f0                CDC_Transmit_FS
 .text.CDC_TransmitCplt_FS
                0x000000000800933c       0x22 USB_Device/App/usbd_cdc_if.o
 *fill*         0x000000000800935e        0x2 
 .text.USBD_CDC_DeviceDescriptor
                0x0000000008009360       0x24 USB_Device/App/usbd_desc.o
                0x0000000008009360                USBD_CDC_DeviceDescriptor
 .text.USBD_CDC_LangIDStrDescriptor
                0x0000000008009384       0x24 USB_Device/App/usbd_desc.o
                0x0000000008009384                USBD_CDC_LangIDStrDescriptor
 .text.USBD_CDC_ProductStrDescriptor
                0x00000000080093a8       0x3c USB_Device/App/usbd_desc.o
                0x00000000080093a8                USBD_CDC_ProductStrDescriptor
 .text.USBD_CDC_ManufacturerStrDescriptor
                0x00000000080093e4       0x28 USB_Device/App/usbd_desc.o
                0x00000000080093e4                USBD_CDC_ManufacturerStrDescriptor
 .text.USBD_CDC_SerialStrDescriptor
                0x000000000800940c       0x24 USB_Device/App/usbd_desc.o
                0x000000000800940c                USBD_CDC_SerialStrDescriptor
 .text.USBD_CDC_ConfigStrDescriptor
                0x0000000008009430       0x3c USB_Device/App/usbd_desc.o
                0x0000000008009430                USBD_CDC_ConfigStrDescriptor
 .text.USBD_CDC_InterfaceStrDescriptor
                0x000000000800946c       0x3c USB_Device/App/usbd_desc.o
                0x000000000800946c                USBD_CDC_InterfaceStrDescriptor
 .text.Get_SerialNum
                0x00000000080094a8       0x58 USB_Device/App/usbd_desc.o
 .text.IntToUnicode
                0x0000000008009500       0x7c USB_Device/App/usbd_desc.o
 .text.HAL_PCD_MspInit
                0x000000000800957c       0x4c USB_Device/Target/usbd_conf.o
                0x000000000800957c                HAL_PCD_MspInit
 .text.HAL_PCD_SetupStageCallback
                0x00000000080095c8       0x24 USB_Device/Target/usbd_conf.o
                0x00000000080095c8                HAL_PCD_SetupStageCallback
 .text.HAL_PCD_DataOutStageCallback
                0x00000000080095ec       0x36 USB_Device/Target/usbd_conf.o
                0x00000000080095ec                HAL_PCD_DataOutStageCallback
 .text.HAL_PCD_DataInStageCallback
                0x0000000008009622       0x34 USB_Device/Target/usbd_conf.o
                0x0000000008009622                HAL_PCD_DataInStageCallback
 .text.HAL_PCD_SOFCallback
                0x0000000008009656       0x1c USB_Device/Target/usbd_conf.o
                0x0000000008009656                HAL_PCD_SOFCallback
 .text.HAL_PCD_ResetCallback
                0x0000000008009672       0x3c USB_Device/Target/usbd_conf.o
                0x0000000008009672                HAL_PCD_ResetCallback
 *fill*         0x00000000080096ae        0x2 
 .text.HAL_PCD_SuspendCallback
                0x00000000080096b0       0x34 USB_Device/Target/usbd_conf.o
                0x00000000080096b0                HAL_PCD_SuspendCallback
 .text.HAL_PCD_ResumeCallback
                0x00000000080096e4       0x38 USB_Device/Target/usbd_conf.o
                0x00000000080096e4                HAL_PCD_ResumeCallback
 .text.USBD_LL_Init
                0x000000000800971c       0xc0 USB_Device/Target/usbd_conf.o
                0x000000000800971c                USBD_LL_Init
 .text.USBD_LL_Start
                0x00000000080097dc       0x36 USB_Device/Target/usbd_conf.o
                0x00000000080097dc                USBD_LL_Start
 .text.USBD_LL_OpenEP
                0x0000000008009812       0x4c USB_Device/Target/usbd_conf.o
                0x0000000008009812                USBD_LL_OpenEP
 .text.USBD_LL_CloseEP
                0x000000000800985e       0x3e USB_Device/Target/usbd_conf.o
                0x000000000800985e                USBD_LL_CloseEP
 .text.USBD_LL_StallEP
                0x000000000800989c       0x3e USB_Device/Target/usbd_conf.o
                0x000000000800989c                USBD_LL_StallEP
 .text.USBD_LL_ClearStallEP
                0x00000000080098da       0x3e USB_Device/Target/usbd_conf.o
                0x00000000080098da                USBD_LL_ClearStallEP
 .text.USBD_LL_IsStallEP
                0x0000000008009918       0x5a USB_Device/Target/usbd_conf.o
                0x0000000008009918                USBD_LL_IsStallEP
 .text.USBD_LL_SetUSBAddress
                0x0000000008009972       0x3e USB_Device/Target/usbd_conf.o
                0x0000000008009972                USBD_LL_SetUSBAddress
 .text.USBD_LL_Transmit
                0x00000000080099b0       0x42 USB_Device/Target/usbd_conf.o
                0x00000000080099b0                USBD_LL_Transmit
 .text.USBD_LL_PrepareReceive
                0x00000000080099f2       0x42 USB_Device/Target/usbd_conf.o
                0x00000000080099f2                USBD_LL_PrepareReceive
 .text.USBD_LL_GetRxDataSize
                0x0000000008009a34       0x26 USB_Device/Target/usbd_conf.o
                0x0000000008009a34                USBD_LL_GetRxDataSize
 *fill*         0x0000000008009a5a        0x2 
 .text.HAL_PCDEx_LPM_Callback
                0x0000000008009a5c       0x6c USB_Device/Target/usbd_conf.o
                0x0000000008009a5c                HAL_PCDEx_LPM_Callback
 .text.USBD_static_malloc
                0x0000000008009ac8       0x1c USB_Device/Target/usbd_conf.o
                0x0000000008009ac8                USBD_static_malloc
 .text.USBD_static_free
                0x0000000008009ae4       0x14 USB_Device/Target/usbd_conf.o
                0x0000000008009ae4                USBD_static_free
 .text.SystemClockConfig_Resume
                0x0000000008009af8        0xc USB_Device/Target/usbd_conf.o
 .text.USBD_Get_USB_Status
                0x0000000008009b04       0x58 USB_Device/Target/usbd_conf.o
 .text.__libc_init_array
                0x0000000008009b5c       0x48 c:/st/stm32cubeide_1.4.0/stm32cubeide/plugins/com.st.stm32cube.ide.mcu.externaltools.gnu-tools-for-stm32.7-2018-q2-update.win32_1.5.0.202011040924/tools/bin/../lib/gcc/arm-none-eabi/7.3.1/../../../../arm-none-eabi/lib/thumb/v7e-m/fpv4-sp/hard\libc_nano.a(lib_a-init.o)
                0x0000000008009b5c                __libc_init_array
 .text.memcpy   0x0000000008009ba4       0x16 c:/st/stm32cubeide_1.4.0/stm32cubeide/plugins/com.st.stm32cube.ide.mcu.externaltools.gnu-tools-for-stm32.7-2018-q2-update.win32_1.5.0.202011040924/tools/bin/../lib/gcc/arm-none-eabi/7.3.1/../../../../arm-none-eabi/lib/thumb/v7e-m/fpv4-sp/hard\libc_nano.a(lib_a-memcpy-stub.o)
                0x0000000008009ba4                memcpy
 .text.memset   0x0000000008009bba       0x10 c:/st/stm32cubeide_1.4.0/stm32cubeide/plugins/com.st.stm32cube.ide.mcu.externaltools.gnu-tools-for-stm32.7-2018-q2-update.win32_1.5.0.202011040924/tools/bin/../lib/gcc/arm-none-eabi/7.3.1/../../../../arm-none-eabi/lib/thumb/v7e-m/fpv4-sp/hard\libc_nano.a(lib_a-memset.o)
                0x0000000008009bba                memset
 *(.glue_7)
 .glue_7        0x0000000008009bca        0x0 linker stubs
 *(.glue_7t)
 .glue_7t       0x0000000008009bca        0x0 linker stubs
 *(.eh_frame)
 *fill*         0x0000000008009bca        0x2 
 .eh_frame      0x0000000008009bcc        0x0 c:/st/stm32cubeide_1.4.0/stm32cubeide/plugins/com.st.stm32cube.ide.mcu.externaltools.gnu-tools-for-stm32.7-2018-q2-update.win32_1.5.0.202011040924/tools/bin/../lib/gcc/arm-none-eabi/7.3.1/thumb/v7e-m/fpv4-sp/hard/crtbegin.o
 *(.init)
 .init          0x0000000008009bcc        0x4 c:/st/stm32cubeide_1.4.0/stm32cubeide/plugins/com.st.stm32cube.ide.mcu.externaltools.gnu-tools-for-stm32.7-2018-q2-update.win32_1.5.0.202011040924/tools/bin/../lib/gcc/arm-none-eabi/7.3.1/thumb/v7e-m/fpv4-sp/hard/crti.o
                0x0000000008009bcc                _init
 .init          0x0000000008009bd0        0x8 c:/st/stm32cubeide_1.4.0/stm32cubeide/plugins/com.st.stm32cube.ide.mcu.externaltools.gnu-tools-for-stm32.7-2018-q2-update.win32_1.5.0.202011040924/tools/bin/../lib/gcc/arm-none-eabi/7.3.1/thumb/v7e-m/fpv4-sp/hard/crtn.o
 *(.fini)
 .fini          0x0000000008009bd8        0x4 c:/st/stm32cubeide_1.4.0/stm32cubeide/plugins/com.st.stm32cube.ide.mcu.externaltools.gnu-tools-for-stm32.7-2018-q2-update.win32_1.5.0.202011040924/tools/bin/../lib/gcc/arm-none-eabi/7.3.1/thumb/v7e-m/fpv4-sp/hard/crti.o
                0x0000000008009bd8                _fini
 .fini          0x0000000008009bdc        0x8 c:/st/stm32cubeide_1.4.0/stm32cubeide/plugins/com.st.stm32cube.ide.mcu.externaltools.gnu-tools-for-stm32.7-2018-q2-update.win32_1.5.0.202011040924/tools/bin/../lib/gcc/arm-none-eabi/7.3.1/thumb/v7e-m/fpv4-sp/hard/crtn.o
                0x0000000008009be4                . = ALIGN (0x4)
                0x0000000008009be4                _etext = .

.vfp11_veneer   0x0000000008009be4        0x0
 .vfp11_veneer  0x0000000008009be4        0x0 linker stubs

.v4_bx          0x0000000008009be4        0x0
 .v4_bx         0x0000000008009be4        0x0 linker stubs

.iplt           0x0000000008009be4        0x0
 .iplt          0x0000000008009be4        0x0 c:/st/stm32cubeide_1.4.0/stm32cubeide/plugins/com.st.stm32cube.ide.mcu.externaltools.gnu-tools-for-stm32.7-2018-q2-update.win32_1.5.0.202011040924/tools/bin/../lib/gcc/arm-none-eabi/7.3.1/thumb/v7e-m/fpv4-sp/hard/crtbegin.o

.rodata         0x0000000008009be4       0x58
                0x0000000008009be4                . = ALIGN (0x4)
 *(.rodata)
 .rodata        0x0000000008009be4       0x46 USB_Device/App/usbd_desc.o
 *(.rodata*)
 *fill*         0x0000000008009c2a        0x2 
 .rodata.AHBPrescTable
                0x0000000008009c2c       0x10 Core/Src/system_stm32g4xx.o
                0x0000000008009c2c                AHBPrescTable
                0x0000000008009c3c                . = ALIGN (0x4)

.rel.dyn        0x0000000008009c3c        0x0
 .rel.iplt      0x0000000008009c3c        0x0 c:/st/stm32cubeide_1.4.0/stm32cubeide/plugins/com.st.stm32cube.ide.mcu.externaltools.gnu-tools-for-stm32.7-2018-q2-update.win32_1.5.0.202011040924/tools/bin/../lib/gcc/arm-none-eabi/7.3.1/thumb/v7e-m/fpv4-sp/hard/crtbegin.o

.ARM.extab      0x0000000008009c3c        0x0
                0x0000000008009c3c                . = ALIGN (0x4)
 *(.ARM.extab* .gnu.linkonce.armextab.*)
                0x0000000008009c3c                . = ALIGN (0x4)

.ARM            0x0000000008009c3c        0x0
                0x0000000008009c3c                . = ALIGN (0x4)
                0x0000000008009c3c                __exidx_start = .
 *(.ARM.exidx*)
                0x0000000008009c3c                __exidx_end = .
                0x0000000008009c3c                . = ALIGN (0x4)

.preinit_array  0x0000000008009c3c        0x0
                0x0000000008009c3c                . = ALIGN (0x4)
                0x0000000008009c3c                PROVIDE (__preinit_array_start = .)
 *(.preinit_array*)
                0x0000000008009c3c                PROVIDE (__preinit_array_end = .)
                0x0000000008009c3c                . = ALIGN (0x4)

.init_array     0x0000000008009c3c        0x4
                0x0000000008009c3c                . = ALIGN (0x4)
                0x0000000008009c3c                PROVIDE (__init_array_start = .)
 *(SORT_BY_NAME(.init_array.*))
 *(.init_array*)
 .init_array    0x0000000008009c3c        0x4 c:/st/stm32cubeide_1.4.0/stm32cubeide/plugins/com.st.stm32cube.ide.mcu.externaltools.gnu-tools-for-stm32.7-2018-q2-update.win32_1.5.0.202011040924/tools/bin/../lib/gcc/arm-none-eabi/7.3.1/thumb/v7e-m/fpv4-sp/hard/crtbegin.o
                0x0000000008009c40                PROVIDE (__init_array_end = .)
                0x0000000008009c40                . = ALIGN (0x4)

.fini_array     0x0000000008009c40        0x4
                0x0000000008009c40                . = ALIGN (0x4)
                [!provide]                        PROVIDE (__fini_array_start = .)
 *(SORT_BY_NAME(.fini_array.*))
 *(.fini_array*)
 .fini_array    0x0000000008009c40        0x4 c:/st/stm32cubeide_1.4.0/stm32cubeide/plugins/com.st.stm32cube.ide.mcu.externaltools.gnu-tools-for-stm32.7-2018-q2-update.win32_1.5.0.202011040924/tools/bin/../lib/gcc/arm-none-eabi/7.3.1/thumb/v7e-m/fpv4-sp/hard/crtbegin.o
                [!provide]                        PROVIDE (__fini_array_end = .)
                0x0000000008009c44                . = ALIGN (0x4)
                0x0000000008009c44                _sidata = LOADADDR (.data)

.data           0x0000000020000000      0x184 load address 0x0000000008009c44
                0x0000000020000000                . = ALIGN (0x4)
                0x0000000020000000                _sdata = .
 *(.data)
 *(.data*)
 .data.SystemCoreClock
                0x0000000020000000        0x4 Core/Src/system_stm32g4xx.o
                0x0000000020000000                SystemCoreClock
 .data.uwTickPrio
                0x0000000020000004        0x4 Drivers/STM32G4xx_HAL_Driver/Src/stm32g4xx_hal.o
                0x0000000020000004                uwTickPrio
 .data.uwTickFreq
                0x0000000020000008        0x4 Drivers/STM32G4xx_HAL_Driver/Src/stm32g4xx_hal.o
                0x0000000020000008                uwTickFreq
 .data.USBD_CDC_DeviceQualifierDesc
                0x000000002000000c        0xa Middlewares/ST/STM32_USB_Device_Library/Class/CDC/Src/usbd_cdc.o
 *fill*         0x0000000020000016        0x2 
 .data.USBD_CDC
                0x0000000020000018       0x38 Middlewares/ST/STM32_USB_Device_Library/Class/CDC/Src/usbd_cdc.o
                0x0000000020000018                USBD_CDC
 .data.USBD_CDC_CfgHSDesc
                0x0000000020000050       0x43 Middlewares/ST/STM32_USB_Device_Library/Class/CDC/Src/usbd_cdc.o
 *fill*         0x0000000020000093        0x1 
 .data.USBD_CDC_CfgFSDesc
                0x0000000020000094       0x43 Middlewares/ST/STM32_USB_Device_Library/Class/CDC/Src/usbd_cdc.o
 *fill*         0x00000000200000d7        0x1 
 .data.USBD_CDC_OtherSpeedCfgDesc
                0x00000000200000d8       0x43 Middlewares/ST/STM32_USB_Device_Library/Class/CDC/Src/usbd_cdc.o
 *fill*         0x000000002000011b        0x1 
 .data.USBD_Interface_fops_FS
                0x000000002000011c       0x14 USB_Device/App/usbd_cdc_if.o
                0x000000002000011c                USBD_Interface_fops_FS
 .data.CDC_Desc
                0x0000000020000130       0x20 USB_Device/App/usbd_desc.o
                0x0000000020000130                CDC_Desc
 .data.USBD_CDC_DeviceDesc
                0x0000000020000150       0x12 USB_Device/App/usbd_desc.o
                0x0000000020000150                USBD_CDC_DeviceDesc
 *fill*         0x0000000020000162        0x2 
 .data.USBD_LangIDDesc
                0x0000000020000164        0x4 USB_Device/App/usbd_desc.o
                0x0000000020000164                USBD_LangIDDesc
 .data.USBD_StringSerial
                0x0000000020000168       0x1a USB_Device/App/usbd_desc.o
                0x0000000020000168                USBD_StringSerial
                0x0000000020000184                . = ALIGN (0x4)
 *fill*         0x0000000020000182        0x2 
                0x0000000020000184                _edata = .

.igot.plt       0x0000000020000184        0x0 load address 0x0000000008009dc8
 .igot.plt      0x0000000020000184        0x0 c:/st/stm32cubeide_1.4.0/stm32cubeide/plugins/com.st.stm32cube.ide.mcu.externaltools.gnu-tools-for-stm32.7-2018-q2-update.win32_1.5.0.202011040924/tools/bin/../lib/gcc/arm-none-eabi/7.3.1/thumb/v7e-m/fpv4-sp/hard/crtbegin.o
                0x0000000020000184                . = ALIGN (0x4)

.bss            0x0000000020000184     0x14b4 load address 0x0000000008009dc8
                0x0000000020000184                _sbss = .
                0x0000000020000184                __bss_start__ = _sbss
 *(.bss)
 .bss           0x0000000020000184       0x1c c:/st/stm32cubeide_1.4.0/stm32cubeide/plugins/com.st.stm32cube.ide.mcu.externaltools.gnu-tools-for-stm32.7-2018-q2-update.win32_1.5.0.202011040924/tools/bin/../lib/gcc/arm-none-eabi/7.3.1/thumb/v7e-m/fpv4-sp/hard/crtbegin.o
 *(.bss*)
 .bss.command   0x00000000200001a0       0x14 Core/Src/main.o
                0x00000000200001a0                command
 .bss.feedback  0x00000000200001b4       0x14 Core/Src/main.o
                0x00000000200001b4                feedback
 .bss.command_received
                0x00000000200001c8        0x1 Core/Src/main.o
                0x00000000200001c8                command_received
 .bss.current_period
                0x00000000200001c9        0x1 Core/Src/main.o
                0x00000000200001c9                current_period
 .bss.command_received_period
                0x00000000200001ca        0x1 Core/Src/main.o
                0x00000000200001ca                command_received_period
 *fill*         0x00000000200001cb        0x1 
 .bss.motor1_position_prev
                0x00000000200001cc        0x2 Core/Src/main.o
                0x00000000200001cc                motor1_position_prev
 .bss.motor2_position_prev
                0x00000000200001ce        0x2 Core/Src/main.o
                0x00000000200001ce                motor2_position_prev
 .bss.motor3_position_prev
                0x00000000200001d0        0x2 Core/Src/main.o
                0x00000000200001d0                motor3_position_prev
 .bss.cfgidx.10491
                0x00000000200001d2        0x1 Middlewares/ST/STM32_USB_Device_Library/Core/Src/usbd_ctlreq.o
 *fill*         0x00000000200001d3        0x1 
 .bss.mem.10569
                0x00000000200001d4      0x220 USB_Device/Target/usbd_conf.o
 *(COMMON)
 COMMON         0x00000000200003f4      0x2ac Core/Src/main.o
                0x00000000200003f4                htim8
                0x0000000020000440                htim4
                0x000000002000048c                htim15
                0x00000000200004d8                htim17
                0x0000000020000524                htim3
                0x0000000020000570                htim1
                0x00000000200005bc                htim2
                0x0000000020000608                htim16
                0x0000000020000654                htim7
 COMMON         0x00000000200006a0        0x4 Drivers/STM32G4xx_HAL_Driver/Src/stm32g4xx_hal.o
                0x00000000200006a0                uwTick
 COMMON         0x00000000200006a4      0x2d0 USB_Device/App/usb_device.o
                0x00000000200006a4                hUsbDeviceFS
 COMMON         0x0000000020000974      0x7d0 USB_Device/App/usbd_cdc_if.o
                0x0000000020000974                UserRxBufferFS
                0x0000000020000d5c                UserTxBufferFS
 COMMON         0x0000000020001144      0x200 USB_Device/App/usbd_desc.o
                0x0000000020001144                USBD_StrDesc
 COMMON         0x0000000020001344      0x2f4 USB_Device/Target/usbd_conf.o
                0x0000000020001344                hpcd_USB_FS
                0x0000000020001638                . = ALIGN (0x4)
                0x0000000020001638                _ebss = .
                0x0000000020001638                __bss_end__ = _ebss

._user_heap_stack
                0x0000000020001638      0x600 load address 0x0000000008009dc8
                0x0000000020001638                . = ALIGN (0x8)
                [!provide]                        PROVIDE (end = .)
                0x0000000020001638                PROVIDE (_end = .)
                0x0000000020001838                . = (. + _Min_Heap_Size)
 *fill*         0x0000000020001638      0x200 
                0x0000000020001c38                . = (. + _Min_Stack_Size)
 *fill*         0x0000000020001838      0x400 
                0x0000000020001c38                . = ALIGN (0x8)

/DISCARD/
 libc.a(*)
 libm.a(*)
 libgcc.a(*)

.ARM.attributes
                0x0000000000000000       0x30
 *(.ARM.attributes)
 .ARM.attributes
                0x0000000000000000       0x22 c:/st/stm32cubeide_1.4.0/stm32cubeide/plugins/com.st.stm32cube.ide.mcu.externaltools.gnu-tools-for-stm32.7-2018-q2-update.win32_1.5.0.202011040924/tools/bin/../lib/gcc/arm-none-eabi/7.3.1/thumb/v7e-m/fpv4-sp/hard/crti.o
 .ARM.attributes
                0x0000000000000022       0x34 c:/st/stm32cubeide_1.4.0/stm32cubeide/plugins/com.st.stm32cube.ide.mcu.externaltools.gnu-tools-for-stm32.7-2018-q2-update.win32_1.5.0.202011040924/tools/bin/../lib/gcc/arm-none-eabi/7.3.1/thumb/v7e-m/fpv4-sp/hard/crtbegin.o
 .ARM.attributes
                0x0000000000000056       0x39 Core/Src/main.o
 .ARM.attributes
                0x000000000000008f       0x39 Core/Src/stm32g4xx_hal_msp.o
 .ARM.attributes
                0x00000000000000c8       0x39 Core/Src/stm32g4xx_it.o
 .ARM.attributes
                0x0000000000000101       0x39 Core/Src/system_stm32g4xx.o
 .ARM.attributes
                0x000000000000013a       0x21 Core/Startup/startup_stm32g431kbtx.o
 .ARM.attributes
                0x000000000000015b       0x39 Drivers/STM32G4xx_HAL_Driver/Src/stm32g4xx_hal.o
 .ARM.attributes
                0x0000000000000194       0x39 Drivers/STM32G4xx_HAL_Driver/Src/stm32g4xx_hal_cortex.o
 .ARM.attributes
                0x00000000000001cd       0x39 Drivers/STM32G4xx_HAL_Driver/Src/stm32g4xx_hal_gpio.o
 .ARM.attributes
                0x0000000000000206       0x39 Drivers/STM32G4xx_HAL_Driver/Src/stm32g4xx_hal_pcd.o
 .ARM.attributes
                0x000000000000023f       0x39 Drivers/STM32G4xx_HAL_Driver/Src/stm32g4xx_hal_pcd_ex.o
 .ARM.attributes
                0x0000000000000278       0x39 Drivers/STM32G4xx_HAL_Driver/Src/stm32g4xx_hal_pwr_ex.o
 .ARM.attributes
                0x00000000000002b1       0x39 Drivers/STM32G4xx_HAL_Driver/Src/stm32g4xx_hal_rcc.o
 .ARM.attributes
                0x00000000000002ea       0x39 Drivers/STM32G4xx_HAL_Driver/Src/stm32g4xx_hal_rcc_ex.o
 .ARM.attributes
                0x0000000000000323       0x39 Drivers/STM32G4xx_HAL_Driver/Src/stm32g4xx_hal_tim.o
 .ARM.attributes
                0x000000000000035c       0x39 Drivers/STM32G4xx_HAL_Driver/Src/stm32g4xx_hal_tim_ex.o
 .ARM.attributes
                0x0000000000000395       0x39 Drivers/STM32G4xx_HAL_Driver/Src/stm32g4xx_ll_usb.o
 .ARM.attributes
                0x00000000000003ce       0x39 Middlewares/ST/STM32_USB_Device_Library/Class/CDC/Src/usbd_cdc.o
 .ARM.attributes
                0x0000000000000407       0x39 Middlewares/ST/STM32_USB_Device_Library/Core/Src/usbd_core.o
 .ARM.attributes
                0x0000000000000440       0x39 Middlewares/ST/STM32_USB_Device_Library/Core/Src/usbd_ctlreq.o
 .ARM.attributes
                0x0000000000000479       0x39 Middlewares/ST/STM32_USB_Device_Library/Core/Src/usbd_ioreq.o
 .ARM.attributes
                0x00000000000004b2       0x39 USB_Device/App/usb_device.o
 .ARM.attributes
                0x00000000000004eb       0x39 USB_Device/App/usbd_cdc_if.o
 .ARM.attributes
                0x0000000000000524       0x39 USB_Device/App/usbd_desc.o
 .ARM.attributes
                0x000000000000055d       0x39 USB_Device/Target/usbd_conf.o
 .ARM.attributes
                0x0000000000000596       0x34 c:/st/stm32cubeide_1.4.0/stm32cubeide/plugins/com.st.stm32cube.ide.mcu.externaltools.gnu-tools-for-stm32.7-2018-q2-update.win32_1.5.0.202011040924/tools/bin/../lib/gcc/arm-none-eabi/7.3.1/../../../../arm-none-eabi/lib/thumb/v7e-m/fpv4-sp/hard\libc_nano.a(lib_a-init.o)
 .ARM.attributes
                0x00000000000005ca       0x34 c:/st/stm32cubeide_1.4.0/stm32cubeide/plugins/com.st.stm32cube.ide.mcu.externaltools.gnu-tools-for-stm32.7-2018-q2-update.win32_1.5.0.202011040924/tools/bin/../lib/gcc/arm-none-eabi/7.3.1/../../../../arm-none-eabi/lib/thumb/v7e-m/fpv4-sp/hard\libc_nano.a(lib_a-memcpy-stub.o)
 .ARM.attributes
                0x00000000000005fe       0x34 c:/st/stm32cubeide_1.4.0/stm32cubeide/plugins/com.st.stm32cube.ide.mcu.externaltools.gnu-tools-for-stm32.7-2018-q2-update.win32_1.5.0.202011040924/tools/bin/../lib/gcc/arm-none-eabi/7.3.1/../../../../arm-none-eabi/lib/thumb/v7e-m/fpv4-sp/hard\libc_nano.a(lib_a-memset.o)
 .ARM.attributes
                0x0000000000000632       0x22 c:/st/stm32cubeide_1.4.0/stm32cubeide/plugins/com.st.stm32cube.ide.mcu.externaltools.gnu-tools-for-stm32.7-2018-q2-update.win32_1.5.0.202011040924/tools/bin/../lib/gcc/arm-none-eabi/7.3.1/thumb/v7e-m/fpv4-sp/hard/crtn.o
OUTPUT(delta x mainboard.elf elf32-littlearm)

.debug_info     0x0000000000000000    0x1ad35
 .debug_info    0x0000000000000000     0x1e29 Core/Src/main.o
 .debug_info    0x0000000000001e29     0x11a2 Core/Src/stm32g4xx_hal_msp.o
 .debug_info    0x0000000000002fcb      0xe7d Core/Src/stm32g4xx_it.o
 .debug_info    0x0000000000003e48      0x6af Core/Src/system_stm32g4xx.o
 .debug_info    0x00000000000044f7       0x22 Core/Startup/startup_stm32g431kbtx.o
 .debug_info    0x0000000000004519      0xbaa Drivers/STM32G4xx_HAL_Driver/Src/stm32g4xx_hal.o
 .debug_info    0x00000000000050c3      0xebb Drivers/STM32G4xx_HAL_Driver/Src/stm32g4xx_hal_cortex.o
 .debug_info    0x0000000000005f7e      0x978 Drivers/STM32G4xx_HAL_Driver/Src/stm32g4xx_hal_gpio.o
 .debug_info    0x00000000000068f6     0x1285 Drivers/STM32G4xx_HAL_Driver/Src/stm32g4xx_hal_pcd.o
 .debug_info    0x0000000000007b7b      0x980 Drivers/STM32G4xx_HAL_Driver/Src/stm32g4xx_hal_pcd_ex.o
 .debug_info    0x00000000000084fb      0xa9c Drivers/STM32G4xx_HAL_Driver/Src/stm32g4xx_hal_pwr_ex.o
 .debug_info    0x0000000000008f97      0xca5 Drivers/STM32G4xx_HAL_Driver/Src/stm32g4xx_hal_rcc.o
 .debug_info    0x0000000000009c3c      0xd92 Drivers/STM32G4xx_HAL_Driver/Src/stm32g4xx_hal_rcc_ex.o
 .debug_info    0x000000000000a9ce     0x2b3d Drivers/STM32G4xx_HAL_Driver/Src/stm32g4xx_hal_tim.o
 .debug_info    0x000000000000d50b     0x1ca9 Drivers/STM32G4xx_HAL_Driver/Src/stm32g4xx_hal_tim_ex.o
 .debug_info    0x000000000000f1b4     0x19b5 Drivers/STM32G4xx_HAL_Driver/Src/stm32g4xx_ll_usb.o
 .debug_info    0x0000000000010b69     0x1933 Middlewares/ST/STM32_USB_Device_Library/Class/CDC/Src/usbd_cdc.o
 .debug_info    0x000000000001249c     0x1368 Middlewares/ST/STM32_USB_Device_Library/Core/Src/usbd_core.o
 .debug_info    0x0000000000013804     0x1332 Middlewares/ST/STM32_USB_Device_Library/Core/Src/usbd_ctlreq.o
 .debug_info    0x0000000000014b36     0x107d Middlewares/ST/STM32_USB_Device_Library/Core/Src/usbd_ioreq.o
 .debug_info    0x0000000000015bb3      0xff0 USB_Device/App/usb_device.o
 .debug_info    0x0000000000016ba3     0x1202 USB_Device/App/usbd_cdc_if.o
 .debug_info    0x0000000000017da5      0xe0c USB_Device/App/usbd_desc.o
 .debug_info    0x0000000000018bb1     0x2184 USB_Device/Target/usbd_conf.o

.debug_abbrev   0x0000000000000000     0x3465
 .debug_abbrev  0x0000000000000000      0x2d7 Core/Src/main.o
 .debug_abbrev  0x00000000000002d7      0x23d Core/Src/stm32g4xx_hal_msp.o
 .debug_abbrev  0x0000000000000514      0x1b0 Core/Src/stm32g4xx_it.o
 .debug_abbrev  0x00000000000006c4      0x147 Core/Src/system_stm32g4xx.o
 .debug_abbrev  0x000000000000080b       0x12 Core/Startup/startup_stm32g431kbtx.o
 .debug_abbrev  0x000000000000081d      0x1fb Drivers/STM32G4xx_HAL_Driver/Src/stm32g4xx_hal.o
 .debug_abbrev  0x0000000000000a18      0x2f1 Drivers/STM32G4xx_HAL_Driver/Src/stm32g4xx_hal_cortex.o
 .debug_abbrev  0x0000000000000d09      0x1c0 Drivers/STM32G4xx_HAL_Driver/Src/stm32g4xx_hal_gpio.o
 .debug_abbrev  0x0000000000000ec9      0x268 Drivers/STM32G4xx_HAL_Driver/Src/stm32g4xx_hal_pcd.o
 .debug_abbrev  0x0000000000001131      0x1eb Drivers/STM32G4xx_HAL_Driver/Src/stm32g4xx_hal_pcd_ex.o
 .debug_abbrev  0x000000000000131c      0x1fd Drivers/STM32G4xx_HAL_Driver/Src/stm32g4xx_hal_pwr_ex.o
 .debug_abbrev  0x0000000000001519      0x245 Drivers/STM32G4xx_HAL_Driver/Src/stm32g4xx_hal_rcc.o
 .debug_abbrev  0x000000000000175e      0x204 Drivers/STM32G4xx_HAL_Driver/Src/stm32g4xx_hal_rcc_ex.o
 .debug_abbrev  0x0000000000001962      0x25b Drivers/STM32G4xx_HAL_Driver/Src/stm32g4xx_hal_tim.o
 .debug_abbrev  0x0000000000001bbd      0x261 Drivers/STM32G4xx_HAL_Driver/Src/stm32g4xx_hal_tim_ex.o
 .debug_abbrev  0x0000000000001e1e      0x231 Drivers/STM32G4xx_HAL_Driver/Src/stm32g4xx_ll_usb.o
 .debug_abbrev  0x000000000000204f      0x2af Middlewares/ST/STM32_USB_Device_Library/Class/CDC/Src/usbd_cdc.o
 .debug_abbrev  0x00000000000022fe      0x27d Middlewares/ST/STM32_USB_Device_Library/Core/Src/usbd_core.o
 .debug_abbrev  0x000000000000257b      0x2ba Middlewares/ST/STM32_USB_Device_Library/Core/Src/usbd_ctlreq.o
 .debug_abbrev  0x0000000000002835      0x1fc Middlewares/ST/STM32_USB_Device_Library/Core/Src/usbd_ioreq.o
 .debug_abbrev  0x0000000000002a31      0x1da USB_Device/App/usb_device.o
 .debug_abbrev  0x0000000000002c0b      0x2ca USB_Device/App/usbd_cdc_if.o
 .debug_abbrev  0x0000000000002ed5      0x290 USB_Device/App/usbd_desc.o
 .debug_abbrev  0x0000000000003165      0x300 USB_Device/Target/usbd_conf.o

.debug_aranges  0x0000000000000000     0x1390
 .debug_aranges
                0x0000000000000000       0x90 Core/Src/main.o
 .debug_aranges
                0x0000000000000090       0x58 Core/Src/stm32g4xx_hal_msp.o
 .debug_aranges
                0x00000000000000e8       0x70 Core/Src/stm32g4xx_it.o
 .debug_aranges
                0x0000000000000158       0x28 Core/Src/system_stm32g4xx.o
 .debug_aranges
                0x0000000000000180       0x28 Core/Startup/startup_stm32g431kbtx.o
 .debug_aranges
                0x00000000000001a8      0x130 Drivers/STM32G4xx_HAL_Driver/Src/stm32g4xx_hal.o
 .debug_aranges
                0x00000000000002d8      0x118 Drivers/STM32G4xx_HAL_Driver/Src/stm32g4xx_hal_cortex.o
 .debug_aranges
                0x00000000000003f0       0x58 Drivers/STM32G4xx_HAL_Driver/Src/stm32g4xx_hal_gpio.o
 .debug_aranges
                0x0000000000000448      0x130 Drivers/STM32G4xx_HAL_Driver/Src/stm32g4xx_hal_pcd.o
 .debug_aranges
                0x0000000000000578       0x58 Drivers/STM32G4xx_HAL_Driver/Src/stm32g4xx_hal_pcd_ex.o
 .debug_aranges
                0x00000000000005d0      0x140 Drivers/STM32G4xx_HAL_Driver/Src/stm32g4xx_hal_pwr_ex.o
 .debug_aranges
                0x0000000000000710       0x98 Drivers/STM32G4xx_HAL_Driver/Src/stm32g4xx_hal_rcc.o
 .debug_aranges
                0x00000000000007a8       0xb0 Drivers/STM32G4xx_HAL_Driver/Src/stm32g4xx_hal_rcc_ex.o
 .debug_aranges
                0x0000000000000858      0x3e0 Drivers/STM32G4xx_HAL_Driver/Src/stm32g4xx_hal_tim.o
 .debug_aranges
                0x0000000000000c38      0x240 Drivers/STM32G4xx_HAL_Driver/Src/stm32g4xx_hal_tim_ex.o
 .debug_aranges
                0x0000000000000e78      0x108 Drivers/STM32G4xx_HAL_Driver/Src/stm32g4xx_ll_usb.o
 .debug_aranges
                0x0000000000000f80       0x90 Middlewares/ST/STM32_USB_Device_Library/Class/CDC/Src/usbd_cdc.o
 .debug_aranges
                0x0000000000001010       0xb8 Middlewares/ST/STM32_USB_Device_Library/Core/Src/usbd_core.o
 .debug_aranges
                0x00000000000010c8       0x90 Middlewares/ST/STM32_USB_Device_Library/Core/Src/usbd_ctlreq.o
 .debug_aranges
                0x0000000000001158       0x50 Middlewares/ST/STM32_USB_Device_Library/Core/Src/usbd_ioreq.o
 .debug_aranges
                0x00000000000011a8       0x20 USB_Device/App/usb_device.o
 .debug_aranges
                0x00000000000011c8       0x48 USB_Device/App/usbd_cdc_if.o
 .debug_aranges
                0x0000000000001210       0x60 USB_Device/App/usbd_desc.o
 .debug_aranges
                0x0000000000001270      0x120 USB_Device/Target/usbd_conf.o

.debug_ranges   0x0000000000000000     0x1218
 .debug_ranges  0x0000000000000000       0x80 Core/Src/main.o
 .debug_ranges  0x0000000000000080       0x48 Core/Src/stm32g4xx_hal_msp.o
 .debug_ranges  0x00000000000000c8       0x60 Core/Src/stm32g4xx_it.o
 .debug_ranges  0x0000000000000128       0x18 Core/Src/system_stm32g4xx.o
 .debug_ranges  0x0000000000000140       0x20 Core/Startup/startup_stm32g431kbtx.o
 .debug_ranges  0x0000000000000160      0x120 Drivers/STM32G4xx_HAL_Driver/Src/stm32g4xx_hal.o
 .debug_ranges  0x0000000000000280      0x108 Drivers/STM32G4xx_HAL_Driver/Src/stm32g4xx_hal_cortex.o
 .debug_ranges  0x0000000000000388       0x48 Drivers/STM32G4xx_HAL_Driver/Src/stm32g4xx_hal_gpio.o
 .debug_ranges  0x00000000000003d0      0x120 Drivers/STM32G4xx_HAL_Driver/Src/stm32g4xx_hal_pcd.o
 .debug_ranges  0x00000000000004f0       0x48 Drivers/STM32G4xx_HAL_Driver/Src/stm32g4xx_hal_pcd_ex.o
 .debug_ranges  0x0000000000000538      0x130 Drivers/STM32G4xx_HAL_Driver/Src/stm32g4xx_hal_pwr_ex.o
 .debug_ranges  0x0000000000000668       0x88 Drivers/STM32G4xx_HAL_Driver/Src/stm32g4xx_hal_rcc.o
 .debug_ranges  0x00000000000006f0       0xa0 Drivers/STM32G4xx_HAL_Driver/Src/stm32g4xx_hal_rcc_ex.o
 .debug_ranges  0x0000000000000790      0x3d0 Drivers/STM32G4xx_HAL_Driver/Src/stm32g4xx_hal_tim.o
 .debug_ranges  0x0000000000000b60      0x230 Drivers/STM32G4xx_HAL_Driver/Src/stm32g4xx_hal_tim_ex.o
 .debug_ranges  0x0000000000000d90       0xf8 Drivers/STM32G4xx_HAL_Driver/Src/stm32g4xx_ll_usb.o
 .debug_ranges  0x0000000000000e88       0x80 Middlewares/ST/STM32_USB_Device_Library/Class/CDC/Src/usbd_cdc.o
 .debug_ranges  0x0000000000000f08       0xa8 Middlewares/ST/STM32_USB_Device_Library/Core/Src/usbd_core.o
 .debug_ranges  0x0000000000000fb0       0x80 Middlewares/ST/STM32_USB_Device_Library/Core/Src/usbd_ctlreq.o
 .debug_ranges  0x0000000000001030       0x40 Middlewares/ST/STM32_USB_Device_Library/Core/Src/usbd_ioreq.o
 .debug_ranges  0x0000000000001070       0x10 USB_Device/App/usb_device.o
 .debug_ranges  0x0000000000001080       0x38 USB_Device/App/usbd_cdc_if.o
 .debug_ranges  0x00000000000010b8       0x50 USB_Device/App/usbd_desc.o
 .debug_ranges  0x0000000000001108      0x110 USB_Device/Target/usbd_conf.o

.debug_macro    0x0000000000000000    0x20593
 .debug_macro   0x0000000000000000      0x3ca Core/Src/main.o
 .debug_macro   0x00000000000003ca      0xa5a Core/Src/main.o
 .debug_macro   0x0000000000000e24      0x15b Core/Src/main.o
 .debug_macro   0x0000000000000f7f       0x2e Core/Src/main.o
 .debug_macro   0x0000000000000fad       0x28 Core/Src/main.o
 .debug_macro   0x0000000000000fd5       0x22 Core/Src/main.o
 .debug_macro   0x0000000000000ff7       0x8e Core/Src/main.o
 .debug_macro   0x0000000000001085       0x51 Core/Src/main.o
 .debug_macro   0x00000000000010d6       0xef Core/Src/main.o
 .debug_macro   0x00000000000011c5       0x6a Core/Src/main.o
 .debug_macro   0x000000000000122f      0x1df Core/Src/main.o
 .debug_macro   0x000000000000140e       0x1c Core/Src/main.o
 .debug_macro   0x000000000000142a       0x22 Core/Src/main.o
 .debug_macro   0x000000000000144c      0x101 Core/Src/main.o
 .debug_macro   0x000000000000154d     0x1011 Core/Src/main.o
 .debug_macro   0x000000000000255e      0x11f Core/Src/main.o
 .debug_macro   0x000000000000267d    0x1138f Core/Src/main.o
 .debug_macro   0x0000000000013a0c       0x43 Core/Src/main.o
 .debug_macro   0x0000000000013a4f     0x34ed Core/Src/main.o
 .debug_macro   0x0000000000016f3c      0x174 Core/Src/main.o
 .debug_macro   0x00000000000170b0       0x5a Core/Src/main.o
 .debug_macro   0x000000000001710a     0x13de Core/Src/main.o
 .debug_macro   0x00000000000184e8      0x535 Core/Src/main.o
 .debug_macro   0x0000000000018a1d      0x137 Core/Src/main.o
 .debug_macro   0x0000000000018b54      0x289 Core/Src/main.o
 .debug_macro   0x0000000000018ddd      0x41d Core/Src/main.o
 .debug_macro   0x00000000000191fa      0x18b Core/Src/main.o
 .debug_macro   0x0000000000019385       0x43 Core/Src/main.o
 .debug_macro   0x00000000000193c8      0x23d Core/Src/main.o
 .debug_macro   0x0000000000019605      0x212 Core/Src/main.o
 .debug_macro   0x0000000000019817      0x401 Core/Src/main.o
 .debug_macro   0x0000000000019c18      0x107 Core/Src/main.o
 .debug_macro   0x0000000000019d1f       0x65 Core/Src/main.o
 .debug_macro   0x0000000000019d84      0x234 Core/Src/main.o
 .debug_macro   0x0000000000019fb8      0x122 Core/Src/main.o
 .debug_macro   0x000000000001a0da      0x3d1 Core/Src/main.o
 .debug_macro   0x000000000001a4ab      0xbbe Core/Src/main.o
 .debug_macro   0x000000000001b069      0x47e Core/Src/main.o
 .debug_macro   0x000000000001b4e7      0x307 Core/Src/main.o
 .debug_macro   0x000000000001b7ee       0x46 Core/Src/main.o
 .debug_macro   0x000000000001b834       0x18 Core/Src/main.o
 .debug_macro   0x000000000001b84c       0x3c Core/Src/main.o
 .debug_macro   0x000000000001b888       0x34 Core/Src/main.o
 .debug_macro   0x000000000001b8bc       0x16 Core/Src/main.o
 .debug_macro   0x000000000001b8d2       0x35 Core/Src/main.o
 .debug_macro   0x000000000001b907      0x32a Core/Src/main.o
 .debug_macro   0x000000000001bc31       0x10 Core/Src/main.o
 .debug_macro   0x000000000001bc41       0x52 Core/Src/main.o
 .debug_macro   0x000000000001bc93       0x1f Core/Src/main.o
 .debug_macro   0x000000000001bcb2       0x43 Core/Src/main.o
 .debug_macro   0x000000000001bcf5       0x20 Core/Src/main.o
 .debug_macro   0x000000000001bd15      0x1a3 Core/Src/main.o
 .debug_macro   0x000000000001beb8       0x10 Core/Src/main.o
 .debug_macro   0x000000000001bec8       0x1c Core/Src/main.o
 .debug_macro   0x000000000001bee4       0x52 Core/Src/main.o
 .debug_macro   0x000000000001bf36       0x40 Core/Src/main.o
 .debug_macro   0x000000000001bf76       0x10 Core/Src/main.o
 .debug_macro   0x000000000001bf86       0x40 Core/Src/main.o
 .debug_macro   0x000000000001bfc6       0xd7 Core/Src/main.o
 .debug_macro   0x000000000001c09d       0x1c Core/Src/main.o
 .debug_macro   0x000000000001c0b9       0x3d Core/Src/main.o
 .debug_macro   0x000000000001c0f6       0x16 Core/Src/main.o
 .debug_macro   0x000000000001c10c      0x145 Core/Src/main.o
 .debug_macro   0x000000000001c251       0x16 Core/Src/main.o
 .debug_macro   0x000000000001c267       0x16 Core/Src/main.o
 .debug_macro   0x000000000001c27d       0x29 Core/Src/main.o
 .debug_macro   0x000000000001c2a6       0x16 Core/Src/main.o
 .debug_macro   0x000000000001c2bc       0x20 Core/Src/main.o
 .debug_macro   0x000000000001c2dc       0x5f Core/Src/main.o
 .debug_macro   0x000000000001c33b      0x1c4 Core/Src/main.o
 .debug_macro   0x000000000001c4ff      0x1e8 Core/Src/stm32g4xx_hal_msp.o
 .debug_macro   0x000000000001c6e7      0x1f2 Core/Src/stm32g4xx_it.o
 .debug_macro   0x000000000001c8d9      0x1e4 Core/Src/system_stm32g4xx.o
 .debug_macro   0x000000000001cabd      0x22c Drivers/STM32G4xx_HAL_Driver/Src/stm32g4xx_hal.o
 .debug_macro   0x000000000001cce9      0x1de Drivers/STM32G4xx_HAL_Driver/Src/stm32g4xx_hal_cortex.o
 .debug_macro   0x000000000001cec7      0x216 Drivers/STM32G4xx_HAL_Driver/Src/stm32g4xx_hal_gpio.o
 .debug_macro   0x000000000001d0dd      0x1ea Drivers/STM32G4xx_HAL_Driver/Src/stm32g4xx_hal_pcd.o
 .debug_macro   0x000000000001d2c7      0x1de Drivers/STM32G4xx_HAL_Driver/Src/stm32g4xx_hal_pcd_ex.o
 .debug_macro   0x000000000001d4a5      0x208 Drivers/STM32G4xx_HAL_Driver/Src/stm32g4xx_hal_pwr_ex.o
 .debug_macro   0x000000000001d6ad      0x21a Drivers/STM32G4xx_HAL_Driver/Src/stm32g4xx_hal_rcc.o
 .debug_macro   0x000000000001d8c7      0x208 Drivers/STM32G4xx_HAL_Driver/Src/stm32g4xx_hal_rcc_ex.o
 .debug_macro   0x000000000001dacf      0x1e6 Drivers/STM32G4xx_HAL_Driver/Src/stm32g4xx_hal_tim.o
 .debug_macro   0x000000000001dcb5      0x1e4 Drivers/STM32G4xx_HAL_Driver/Src/stm32g4xx_hal_tim_ex.o
 .debug_macro   0x000000000001de99      0x1de Drivers/STM32G4xx_HAL_Driver/Src/stm32g4xx_ll_usb.o
 .debug_macro   0x000000000001e077      0x3eb Middlewares/ST/STM32_USB_Device_Library/Class/CDC/Src/usbd_cdc.o
 .debug_macro   0x000000000001e462       0x97 Middlewares/ST/STM32_USB_Device_Library/Class/CDC/Src/usbd_cdc.o
 .debug_macro   0x000000000001e4f9       0xfd Middlewares/ST/STM32_USB_Device_Library/Class/CDC/Src/usbd_cdc.o
 .debug_macro   0x000000000001e5f6       0xfb Middlewares/ST/STM32_USB_Device_Library/Class/CDC/Src/usbd_cdc.o
 .debug_macro   0x000000000001e6f1       0x54 Middlewares/ST/STM32_USB_Device_Library/Class/CDC/Src/usbd_cdc.o
 .debug_macro   0x000000000001e745       0x8f Middlewares/ST/STM32_USB_Device_Library/Class/CDC/Src/usbd_cdc.o
 .debug_macro   0x000000000001e7d4      0x3d2 Middlewares/ST/STM32_USB_Device_Library/Core/Src/usbd_core.o
 .debug_macro   0x000000000001eba6      0x1ca Middlewares/ST/STM32_USB_Device_Library/Core/Src/usbd_core.o
 .debug_macro   0x000000000001ed70      0x3dc Middlewares/ST/STM32_USB_Device_Library/Core/Src/usbd_ctlreq.o
 .debug_macro   0x000000000001f14c      0x3d8 Middlewares/ST/STM32_USB_Device_Library/Core/Src/usbd_ioreq.o
 .debug_macro   0x000000000001f524      0x411 USB_Device/App/usb_device.o
 .debug_macro   0x000000000001f935       0x22 USB_Device/App/usb_device.o
 .debug_macro   0x000000000001f957       0x16 USB_Device/App/usb_device.o
 .debug_macro   0x000000000001f96d      0x3f6 USB_Device/App/usbd_cdc_if.o
 .debug_macro   0x000000000001fd63       0x10 USB_Device/App/usbd_cdc_if.o
 .debug_macro   0x000000000001fd73      0x40f USB_Device/App/usbd_desc.o
 .debug_macro   0x0000000000020182       0x1c USB_Device/App/usbd_desc.o
 .debug_macro   0x000000000002019e      0x3f5 USB_Device/Target/usbd_conf.o

.debug_line     0x0000000000000000    0x11be0
 .debug_line    0x0000000000000000      0xc24 Core/Src/main.o
 .debug_line    0x0000000000000c24      0x833 Core/Src/stm32g4xx_hal_msp.o
 .debug_line    0x0000000000001457      0x7b8 Core/Src/stm32g4xx_it.o
 .debug_line    0x0000000000001c0f      0x70a Core/Src/system_stm32g4xx.o
 .debug_line    0x0000000000002319       0x89 Core/Startup/startup_stm32g431kbtx.o
 .debug_line    0x00000000000023a2      0x990 Drivers/STM32G4xx_HAL_Driver/Src/stm32g4xx_hal.o
 .debug_line    0x0000000000002d32      0xa18 Drivers/STM32G4xx_HAL_Driver/Src/stm32g4xx_hal_cortex.o
 .debug_line    0x000000000000374a      0x892 Drivers/STM32G4xx_HAL_Driver/Src/stm32g4xx_hal_gpio.o
 .debug_line    0x0000000000003fdc      0xcc6 Drivers/STM32G4xx_HAL_Driver/Src/stm32g4xx_hal_pcd.o
 .debug_line    0x0000000000004ca2      0x7b7 Drivers/STM32G4xx_HAL_Driver/Src/stm32g4xx_hal_pcd_ex.o
 .debug_line    0x0000000000005459      0xa7b Drivers/STM32G4xx_HAL_Driver/Src/stm32g4xx_hal_pwr_ex.o
 .debug_line    0x0000000000005ed4      0x9cf Drivers/STM32G4xx_HAL_Driver/Src/stm32g4xx_hal_rcc.o
 .debug_line    0x00000000000068a3      0xb79 Drivers/STM32G4xx_HAL_Driver/Src/stm32g4xx_hal_rcc_ex.o
 .debug_line    0x000000000000741c     0x280e Drivers/STM32G4xx_HAL_Driver/Src/stm32g4xx_hal_tim.o
 .debug_line    0x0000000000009c2a     0x1835 Drivers/STM32G4xx_HAL_Driver/Src/stm32g4xx_hal_tim_ex.o
 .debug_line    0x000000000000b45f      0xd97 Drivers/STM32G4xx_HAL_Driver/Src/stm32g4xx_ll_usb.o
 .debug_line    0x000000000000c1f6      0xba6 Middlewares/ST/STM32_USB_Device_Library/Class/CDC/Src/usbd_cdc.o
 .debug_line    0x000000000000cd9c      0xbc3 Middlewares/ST/STM32_USB_Device_Library/Core/Src/usbd_core.o
 .debug_line    0x000000000000d95f      0xcbb Middlewares/ST/STM32_USB_Device_Library/Core/Src/usbd_ctlreq.o
 .debug_line    0x000000000000e61a      0xa41 Middlewares/ST/STM32_USB_Device_Library/Core/Src/usbd_ioreq.o
 .debug_line    0x000000000000f05b      0xa23 USB_Device/App/usb_device.o
 .debug_line    0x000000000000fa7e      0xa6a USB_Device/App/usbd_cdc_if.o
 .debug_line    0x00000000000104e8      0xa75 USB_Device/App/usbd_desc.o
 .debug_line    0x0000000000010f5d      0xc83 USB_Device/Target/usbd_conf.o

.debug_str      0x0000000000000000    0xc4312
 .debug_str     0x0000000000000000    0xbeff3 Core/Src/main.o
                                      0xbf46b (size before relaxing)
 .debug_str     0x00000000000beff3      0x528 Core/Src/stm32g4xx_hal_msp.o
                                      0xba656 (size before relaxing)
 .debug_str     0x00000000000bf51b      0x3a9 Core/Src/stm32g4xx_it.o
                                      0xba387 (size before relaxing)
 .debug_str     0x00000000000bf8c4       0xc6 Core/Src/system_stm32g4xx.o
                                      0xb9b80 (size before relaxing)
 .debug_str     0x00000000000bf98a       0x36 Core/Startup/startup_stm32g431kbtx.o
                                         0x79 (size before relaxing)
 .debug_str     0x00000000000bf9c0      0x591 Drivers/STM32G4xx_HAL_Driver/Src/stm32g4xx_hal.o
                                      0xba63e (size before relaxing)
 .debug_str     0x00000000000bff51      0x389 Drivers/STM32G4xx_HAL_Driver/Src/stm32g4xx_hal_cortex.o
                                      0xba346 (size before relaxing)
 .debug_str     0x00000000000c02da      0x218 Drivers/STM32G4xx_HAL_Driver/Src/stm32g4xx_hal_gpio.o
                                      0xb9ded (size before relaxing)
 .debug_str     0x00000000000c04f2      0x3d8 Drivers/STM32G4xx_HAL_Driver/Src/stm32g4xx_hal_pcd.o
                                      0xba134 (size before relaxing)
 .debug_str     0x00000000000c08ca      0x1c6 Drivers/STM32G4xx_HAL_Driver/Src/stm32g4xx_hal_pcd_ex.o
                                      0xb9f0c (size before relaxing)
 .debug_str     0x00000000000c0a90      0x4d2 Drivers/STM32G4xx_HAL_Driver/Src/stm32g4xx_hal_pwr_ex.o
                                      0xba05f (size before relaxing)
 .debug_str     0x00000000000c0f62      0x3ab Drivers/STM32G4xx_HAL_Driver/Src/stm32g4xx_hal_rcc.o
                                      0xba0f9 (size before relaxing)
 .debug_str     0x00000000000c130d      0x3fa Drivers/STM32G4xx_HAL_Driver/Src/stm32g4xx_hal_rcc_ex.o
                                      0xba212 (size before relaxing)
 .debug_str     0x00000000000c1707      0xd55 Drivers/STM32G4xx_HAL_Driver/Src/stm32g4xx_hal_tim.o
                                      0xbaf35 (size before relaxing)
 .debug_str     0x00000000000c245c      0x971 Drivers/STM32G4xx_HAL_Driver/Src/stm32g4xx_hal_tim_ex.o
                                      0xbabf9 (size before relaxing)
 .debug_str     0x00000000000c2dcd      0x2f0 Drivers/STM32G4xx_HAL_Driver/Src/stm32g4xx_ll_usb.o
                                      0xb9f30 (size before relaxing)
 .debug_str     0x00000000000c30bd      0x92b Middlewares/ST/STM32_USB_Device_Library/Class/CDC/Src/usbd_cdc.o
                                      0xbf217 (size before relaxing)
 .debug_str     0x00000000000c39e8      0x1a2 Middlewares/ST/STM32_USB_Device_Library/Core/Src/usbd_core.o
                                      0xbeae6 (size before relaxing)
 .debug_str     0x00000000000c3b8a      0x15b Middlewares/ST/STM32_USB_Device_Library/Core/Src/usbd_ctlreq.o
                                      0xbeaa4 (size before relaxing)
 .debug_str     0x00000000000c3ce5       0xc9 Middlewares/ST/STM32_USB_Device_Library/Core/Src/usbd_ioreq.o
                                      0xbe9f4 (size before relaxing)
 .debug_str     0x00000000000c3dae      0x119 USB_Device/App/usb_device.o
                                      0xbed69 (size before relaxing)
 .debug_str     0x00000000000c3ec7       0x8a USB_Device/App/usbd_cdc_if.o
                                      0xbedba (size before relaxing)
 .debug_str     0x00000000000c3f51      0x254 USB_Device/App/usbd_desc.o
                                      0xbe92d (size before relaxing)
 .debug_str     0x00000000000c41a5      0x16d USB_Device/Target/usbd_conf.o
                                      0xbf890 (size before relaxing)

.comment        0x0000000000000000       0x7b
 .comment       0x0000000000000000       0x7b Core/Src/main.o
                                         0x7c (size before relaxing)
 .comment       0x000000000000007b       0x7c Core/Src/stm32g4xx_hal_msp.o
 .comment       0x000000000000007b       0x7c Core/Src/stm32g4xx_it.o
 .comment       0x000000000000007b       0x7c Core/Src/system_stm32g4xx.o
 .comment       0x000000000000007b       0x7c Drivers/STM32G4xx_HAL_Driver/Src/stm32g4xx_hal.o
 .comment       0x000000000000007b       0x7c Drivers/STM32G4xx_HAL_Driver/Src/stm32g4xx_hal_cortex.o
 .comment       0x000000000000007b       0x7c Drivers/STM32G4xx_HAL_Driver/Src/stm32g4xx_hal_gpio.o
 .comment       0x000000000000007b       0x7c Drivers/STM32G4xx_HAL_Driver/Src/stm32g4xx_hal_pcd.o
 .comment       0x000000000000007b       0x7c Drivers/STM32G4xx_HAL_Driver/Src/stm32g4xx_hal_pcd_ex.o
 .comment       0x000000000000007b       0x7c Drivers/STM32G4xx_HAL_Driver/Src/stm32g4xx_hal_pwr_ex.o
 .comment       0x000000000000007b       0x7c Drivers/STM32G4xx_HAL_Driver/Src/stm32g4xx_hal_rcc.o
 .comment       0x000000000000007b       0x7c Drivers/STM32G4xx_HAL_Driver/Src/stm32g4xx_hal_rcc_ex.o
 .comment       0x000000000000007b       0x7c Drivers/STM32G4xx_HAL_Driver/Src/stm32g4xx_hal_tim.o
 .comment       0x000000000000007b       0x7c Drivers/STM32G4xx_HAL_Driver/Src/stm32g4xx_hal_tim_ex.o
 .comment       0x000000000000007b       0x7c Drivers/STM32G4xx_HAL_Driver/Src/stm32g4xx_ll_usb.o
 .comment       0x000000000000007b       0x7c Middlewares/ST/STM32_USB_Device_Library/Class/CDC/Src/usbd_cdc.o
 .comment       0x000000000000007b       0x7c Middlewares/ST/STM32_USB_Device_Library/Core/Src/usbd_core.o
 .comment       0x000000000000007b       0x7c Middlewares/ST/STM32_USB_Device_Library/Core/Src/usbd_ctlreq.o
 .comment       0x000000000000007b       0x7c Middlewares/ST/STM32_USB_Device_Library/Core/Src/usbd_ioreq.o
 .comment       0x000000000000007b       0x7c USB_Device/App/usb_device.o
 .comment       0x000000000000007b       0x7c USB_Device/App/usbd_cdc_if.o
 .comment       0x000000000000007b       0x7c USB_Device/App/usbd_desc.o
 .comment       0x000000000000007b       0x7c USB_Device/Target/usbd_conf.o

.debug_frame    0x0000000000000000     0x5180
 .debug_frame   0x0000000000000000      0x22c Core/Src/main.o
 .debug_frame   0x000000000000022c      0x138 Core/Src/stm32g4xx_hal_msp.o
 .debug_frame   0x0000000000000364      0x144 Core/Src/stm32g4xx_it.o
 .debug_frame   0x00000000000004a8       0x58 Core/Src/system_stm32g4xx.o
 .debug_frame   0x0000000000000500      0x4a0 Drivers/STM32G4xx_HAL_Driver/Src/stm32g4xx_hal.o
 .debug_frame   0x00000000000009a0      0x498 Drivers/STM32G4xx_HAL_Driver/Src/stm32g4xx_hal_cortex.o
 .debug_frame   0x0000000000000e38      0x14c Drivers/STM32G4xx_HAL_Driver/Src/stm32g4xx_hal_gpio.o
 .debug_frame   0x0000000000000f84      0x554 Drivers/STM32G4xx_HAL_Driver/Src/stm32g4xx_hal_pcd.o
 .debug_frame   0x00000000000014d8      0x14c Drivers/STM32G4xx_HAL_Driver/Src/stm32g4xx_hal_pcd_ex.o
 .debug_frame   0x0000000000001624      0x4fc Drivers/STM32G4xx_HAL_Driver/Src/stm32g4xx_hal_pwr_ex.o
 .debug_frame   0x0000000000001b20      0x23c Drivers/STM32G4xx_HAL_Driver/Src/stm32g4xx_hal_rcc.o
 .debug_frame   0x0000000000001d5c      0x2ac Drivers/STM32G4xx_HAL_Driver/Src/stm32g4xx_hal_rcc_ex.o
 .debug_frame   0x0000000000002008     0x121c Drivers/STM32G4xx_HAL_Driver/Src/stm32g4xx_hal_tim.o
 .debug_frame   0x0000000000003224      0xa68 Drivers/STM32G4xx_HAL_Driver/Src/stm32g4xx_hal_tim_ex.o
 .debug_frame   0x0000000000003c8c      0x4c8 Drivers/STM32G4xx_HAL_Driver/Src/stm32g4xx_ll_usb.o
 .debug_frame   0x0000000000004154      0x248 Middlewares/ST/STM32_USB_Device_Library/Class/CDC/Src/usbd_cdc.o
 .debug_frame   0x000000000000439c      0x2fc Middlewares/ST/STM32_USB_Device_Library/Core/Src/usbd_core.o
 .debug_frame   0x0000000000004698      0x23c Middlewares/ST/STM32_USB_Device_Library/Core/Src/usbd_ctlreq.o
 .debug_frame   0x00000000000048d4      0x10c Middlewares/ST/STM32_USB_Device_Library/Core/Src/usbd_ioreq.o
 .debug_frame   0x00000000000049e0       0x2c USB_Device/App/usb_device.o
 .debug_frame   0x0000000000004a0c       0xe4 USB_Device/App/usbd_cdc_if.o
 .debug_frame   0x0000000000004af0      0x160 USB_Device/App/usbd_desc.o
 .debug_frame   0x0000000000004c50      0x4bc USB_Device/Target/usbd_conf.o
 .debug_frame   0x000000000000510c       0x2c c:/st/stm32cubeide_1.4.0/stm32cubeide/plugins/com.st.stm32cube.ide.mcu.externaltools.gnu-tools-for-stm32.7-2018-q2-update.win32_1.5.0.202011040924/tools/bin/../lib/gcc/arm-none-eabi/7.3.1/../../../../arm-none-eabi/lib/thumb/v7e-m/fpv4-sp/hard\libc_nano.a(lib_a-init.o)
 .debug_frame   0x0000000000005138       0x28 c:/st/stm32cubeide_1.4.0/stm32cubeide/plugins/com.st.stm32cube.ide.mcu.externaltools.gnu-tools-for-stm32.7-2018-q2-update.win32_1.5.0.202011040924/tools/bin/../lib/gcc/arm-none-eabi/7.3.1/../../../../arm-none-eabi/lib/thumb/v7e-m/fpv4-sp/hard\libc_nano.a(lib_a-memcpy-stub.o)
 .debug_frame   0x0000000000005160       0x20 c:/st/stm32cubeide_1.4.0/stm32cubeide/plugins/com.st.stm32cube.ide.mcu.externaltools.gnu-tools-for-stm32.7-2018-q2-update.win32_1.5.0.202011040924/tools/bin/../lib/gcc/arm-none-eabi/7.3.1/../../../../arm-none-eabi/lib/thumb/v7e-m/fpv4-sp/hard\libc_nano.a(lib_a-memset.o)