Archive member included to satisfy reference by file (symbol)

c:/st/stm32cubeide_1.4.0/stm32cubeide/plugins/com.st.stm32cube.ide.mcu.externaltools.gnu-tools-for-stm32.7-2018-q2-update.win32_1.5.0.202011040924/tools/bin/../lib/gcc/arm-none-eabi/7.3.1/../../../../arm-none-eabi/lib/thumb/v7e-m/fpv4-sp/hard\libc_nano.a(lib_a-errno.o)
                              Core/Src/syscalls.o (__errno)
c:/st/stm32cubeide_1.4.0/stm32cubeide/plugins/com.st.stm32cube.ide.mcu.externaltools.gnu-tools-for-stm32.7-2018-q2-update.win32_1.5.0.202011040924/tools/bin/../lib/gcc/arm-none-eabi/7.3.1/../../../../arm-none-eabi/lib/thumb/v7e-m/fpv4-sp/hard\libc_nano.a(lib_a-exit.o)
                              c:/st/stm32cubeide_1.4.0/stm32cubeide/plugins/com.st.stm32cube.ide.mcu.externaltools.gnu-tools-for-stm32.7-2018-q2-update.win32_1.5.0.202011040924/tools/bin/../lib/gcc/arm-none-eabi/7.3.1/../../../../arm-none-eabi/lib/thumb/v7e-m/fpv4-sp/hard/crt0.o (exit)
c:/st/stm32cubeide_1.4.0/stm32cubeide/plugins/com.st.stm32cube.ide.mcu.externaltools.gnu-tools-for-stm32.7-2018-q2-update.win32_1.5.0.202011040924/tools/bin/../lib/gcc/arm-none-eabi/7.3.1/../../../../arm-none-eabi/lib/thumb/v7e-m/fpv4-sp/hard\libc_nano.a(lib_a-impure.o)
                              c:/st/stm32cubeide_1.4.0/stm32cubeide/plugins/com.st.stm32cube.ide.mcu.externaltools.gnu-tools-for-stm32.7-2018-q2-update.win32_1.5.0.202011040924/tools/bin/../lib/gcc/arm-none-eabi/7.3.1/../../../../arm-none-eabi/lib/thumb/v7e-m/fpv4-sp/hard\libc_nano.a(lib_a-exit.o) (_global_impure_ptr)
c:/st/stm32cubeide_1.4.0/stm32cubeide/plugins/com.st.stm32cube.ide.mcu.externaltools.gnu-tools-for-stm32.7-2018-q2-update.win32_1.5.0.202011040924/tools/bin/../lib/gcc/arm-none-eabi/7.3.1/../../../../arm-none-eabi/lib/thumb/v7e-m/fpv4-sp/hard\libc_nano.a(lib_a-init.o)
                              c:/st/stm32cubeide_1.4.0/stm32cubeide/plugins/com.st.stm32cube.ide.mcu.externaltools.gnu-tools-for-stm32.7-2018-q2-update.win32_1.5.0.202011040924/tools/bin/../lib/gcc/arm-none-eabi/7.3.1/../../../../arm-none-eabi/lib/thumb/v7e-m/fpv4-sp/hard/crt0.o (__libc_init_array)
c:/st/stm32cubeide_1.4.0/stm32cubeide/plugins/com.st.stm32cube.ide.mcu.externaltools.gnu-tools-for-stm32.7-2018-q2-update.win32_1.5.0.202011040924/tools/bin/../lib/gcc/arm-none-eabi/7.3.1/../../../../arm-none-eabi/lib/thumb/v7e-m/fpv4-sp/hard\libc_nano.a(lib_a-memcpy-stub.o)
                              Core/Src/main.o (memcpy)
c:/st/stm32cubeide_1.4.0/stm32cubeide/plugins/com.st.stm32cube.ide.mcu.externaltools.gnu-tools-for-stm32.7-2018-q2-update.win32_1.5.0.202011040924/tools/bin/../lib/gcc/arm-none-eabi/7.3.1/../../../../arm-none-eabi/lib/thumb/v7e-m/fpv4-sp/hard\libc_nano.a(lib_a-memset.o)
                              c:/st/stm32cubeide_1.4.0/stm32cubeide/plugins/com.st.stm32cube.ide.mcu.externaltools.gnu-tools-for-stm32.7-2018-q2-update.win32_1.5.0.202011040924/tools/bin/../lib/gcc/arm-none-eabi/7.3.1/../../../../arm-none-eabi/lib/thumb/v7e-m/fpv4-sp/hard/crt0.o (memset)

Allocating common symbols
Common symbol       size              file

hUsbDeviceFS        0x2d0             USB_Device/App/usb_device.o
htim8               0x4c              Core/Src/main.o
htim4               0x4c              Core/Src/main.o
htim15              0x4c              Core/Src/main.o
htim17              0x4c              Core/Src/main.o
uwTick              0x4               Drivers/STM32G4xx_HAL_Driver/Src/stm32g4xx_hal.o
UserRxBufferFS      0x3e8             USB_Device/App/usbd_cdc_if.o
htim3               0x4c              Core/Src/main.o
UserTxBufferFS      0x3e8             USB_Device/App/usbd_cdc_if.o
htim1               0x4c              Core/Src/main.o
htim2               0x4c              Core/Src/main.o
hpcd_USB_FS         0x2f4             USB_Device/Target/usbd_conf.o
USBD_StrDesc        0x200             USB_Device/App/usbd_desc.o
htim16              0x4c              Core/Src/main.o
htim7               0x4c              Core/Src/main.o

Discarded input sections

 .text          0x0000000000000000        0x0 c:/st/stm32cubeide_1.4.0/stm32cubeide/plugins/com.st.stm32cube.ide.mcu.externaltools.gnu-tools-for-stm32.7-2018-q2-update.win32_1.5.0.202011040924/tools/bin/../lib/gcc/arm-none-eabi/7.3.1/thumb/v7e-m/fpv4-sp/hard/crti.o
 .data          0x0000000000000000        0x0 c:/st/stm32cubeide_1.4.0/stm32cubeide/plugins/com.st.stm32cube.ide.mcu.externaltools.gnu-tools-for-stm32.7-2018-q2-update.win32_1.5.0.202011040924/tools/bin/../lib/gcc/arm-none-eabi/7.3.1/thumb/v7e-m/fpv4-sp/hard/crti.o
 .bss           0x0000000000000000        0x0 c:/st/stm32cubeide_1.4.0/stm32cubeide/plugins/com.st.stm32cube.ide.mcu.externaltools.gnu-tools-for-stm32.7-2018-q2-update.win32_1.5.0.202011040924/tools/bin/../lib/gcc/arm-none-eabi/7.3.1/thumb/v7e-m/fpv4-sp/hard/crti.o
[...]
Memory Configuration

Name             Origin             Length             Attributes
RAM              0x0000000020000000 0x0000000000008000 xrw
FLASH            0x0000000008000000 0x0000000000020000 xr
*default*        0x0000000000000000 0xffffffffffffffff

Linker script and memory map

LOAD c:/st/stm32cubeide_1.4.0/stm32cubeide/plugins/com.st.stm32cube.ide.mcu.externaltools.gnu-tools-for-stm32.7-2018-q2-update.win32_1.5.0.202011040924/tools/bin/../lib/gcc/arm-none-eabi/7.3.1/thumb/v7e-m/fpv4-sp/hard/crti.o
LOAD c:/st/stm32cubeide_1.4.0/stm32cubeide/plugins/com.st.stm32cube.ide.mcu.externaltools.gnu-tools-for-stm32.7-2018-q2-update.win32_1.5.0.202011040924/tools/bin/../lib/gcc/arm-none-eabi/7.3.1/thumb/v7e-m/fpv4-sp/hard/crtbegin.o
LOAD c:/st/stm32cubeide_1.4.0/stm32cubeide/plugins/com.st.stm32cube.ide.mcu.externaltools.gnu-tools-for-stm32.7-2018-q2-update.win32_1.5.0.202011040924/tools/bin/../lib/gcc/arm-none-eabi/7.3.1/../../../../arm-none-eabi/lib/thumb/v7e-m/fpv4-sp/hard/crt0.o
LOAD Core/Src/main.o
LOAD Core/Src/stm32g4xx_hal_msp.o
LOAD Core/Src/stm32g4xx_it.o
LOAD Core/Src/syscalls.o
LOAD Core/Src/sysmem.o
LOAD Core/Src/system_stm32g4xx.o
LOAD Core/Startup/startup_stm32g431kbtx.o
LOAD Drivers/STM32G4xx_HAL_Driver/Src/stm32g4xx_hal.o
LOAD Drivers/STM32G4xx_HAL_Driver/Src/stm32g4xx_hal_cortex.o
LOAD Drivers/STM32G4xx_HAL_Driver/Src/stm32g4xx_hal_dma.o
LOAD Drivers/STM32G4xx_HAL_Driver/Src/stm32g4xx_hal_dma_ex.o
LOAD Drivers/STM32G4xx_HAL_Driver/Src/stm32g4xx_hal_exti.o
LOAD Drivers/STM32G4xx_HAL_Driver/Src/stm32g4xx_hal_flash.o
LOAD Drivers/STM32G4xx_HAL_Driver/Src/stm32g4xx_hal_flash_ex.o
LOAD Drivers/STM32G4xx_HAL_Driver/Src/stm32g4xx_hal_flash_ramfunc.o
LOAD Drivers/STM32G4xx_HAL_Driver/Src/stm32g4xx_hal_gpio.o
LOAD Drivers/STM32G4xx_HAL_Driver/Src/stm32g4xx_hal_pcd.o
LOAD Drivers/STM32G4xx_HAL_Driver/Src/stm32g4xx_hal_pcd_ex.o
LOAD Drivers/STM32G4xx_HAL_Driver/Src/stm32g4xx_hal_pwr.o
LOAD Drivers/STM32G4xx_HAL_Driver/Src/stm32g4xx_hal_pwr_ex.o
LOAD Drivers/STM32G4xx_HAL_Driver/Src/stm32g4xx_hal_rcc.o
LOAD Drivers/STM32G4xx_HAL_Driver/Src/stm32g4xx_hal_rcc_ex.o
LOAD Drivers/STM32G4xx_HAL_Driver/Src/stm32g4xx_hal_tim.o
LOAD Drivers/STM32G4xx_HAL_Driver/Src/stm32g4xx_hal_tim_ex.o
LOAD Drivers/STM32G4xx_HAL_Driver/Src/stm32g4xx_ll_usb.o
LOAD Middlewares/ST/STM32_USB_Device_Library/Class/CDC/Src/usbd_cdc.o
LOAD Middlewares/ST/STM32_USB_Device_Library/Core/Src/usbd_core.o
LOAD Middlewares/ST/STM32_USB_Device_Library/Core/Src/usbd_ctlreq.o
LOAD Middlewares/ST/STM32_USB_Device_Library/Core/Src/usbd_ioreq.o
LOAD USB_Device/App/usb_device.o
LOAD USB_Device/App/usbd_cdc_if.o
LOAD USB_Device/App/usbd_desc.o
LOAD USB_Device/Target/usbd_conf.o
START GROUP
LOAD c:/st/stm32cubeide_1.4.0/stm32cubeide/plugins/com.st.stm32cube.ide.mcu.externaltools.gnu-tools-for-stm32.7-2018-q2-update.win32_1.5.0.202011040924/tools/bin/../lib/gcc/arm-none-eabi/7.3.1/../../../../arm-none-eabi/lib/thumb/v7e-m/fpv4-sp/hard\libc_nano.a
LOAD c:/st/stm32cubeide_1.4.0/stm32cubeide/plugins/com.st.stm32cube.ide.mcu.externaltools.gnu-tools-for-stm32.7-2018-q2-update.win32_1.5.0.202011040924/tools/bin/../lib/gcc/arm-none-eabi/7.3.1/../../../../arm-none-eabi/lib/thumb/v7e-m/fpv4-sp/hard\libm.a
END GROUP
START GROUP
LOAD c:/st/stm32cubeide_1.4.0/stm32cubeide/plugins/com.st.stm32cube.ide.mcu.externaltools.gnu-tools-for-stm32.7-2018-q2-update.win32_1.5.0.202011040924/tools/bin/../lib/gcc/arm-none-eabi/7.3.1/thumb/v7e-m/fpv4-sp/hard\libgcc.a
LOAD c:/st/stm32cubeide_1.4.0/stm32cubeide/plugins/com.st.stm32cube.ide.mcu.externaltools.gnu-tools-for-stm32.7-2018-q2-update.win32_1.5.0.202011040924/tools/bin/../lib/gcc/arm-none-eabi/7.3.1/../../../../arm-none-eabi/lib/thumb/v7e-m/fpv4-sp/hard\libc_nano.a
END GROUP
START GROUP
LOAD c:/st/stm32cubeide_1.4.0/stm32cubeide/plugins/com.st.stm32cube.ide.mcu.externaltools.gnu-tools-for-stm32.7-2018-q2-update.win32_1.5.0.202011040924/tools/bin/../lib/gcc/arm-none-eabi/7.3.1/thumb/v7e-m/fpv4-sp/hard\libgcc.a
LOAD c:/st/stm32cubeide_1.4.0/stm32cubeide/plugins/com.st.stm32cube.ide.mcu.externaltools.gnu-tools-for-stm32.7-2018-q2-update.win32_1.5.0.202011040924/tools/bin/../lib/gcc/arm-none-eabi/7.3.1/../../../../arm-none-eabi/lib/thumb/v7e-m/fpv4-sp/hard\libc_nano.a
LOAD c:/st/stm32cubeide_1.4.0/stm32cubeide/plugins/com.st.stm32cube.ide.mcu.externaltools.gnu-tools-for-stm32.7-2018-q2-update.win32_1.5.0.202011040924/tools/bin/../lib/gcc/arm-none-eabi/7.3.1/../../../../arm-none-eabi/lib/thumb/v7e-m/fpv4-sp/hard\libnosys.a
END GROUP
START GROUP
LOAD c:/st/stm32cubeide_1.4.0/stm32cubeide/plugins/com.st.stm32cube.ide.mcu.externaltools.gnu-tools-for-stm32.7-2018-q2-update.win32_1.5.0.202011040924/tools/bin/../lib/gcc/arm-none-eabi/7.3.1/thumb/v7e-m/fpv4-sp/hard\libgcc.a
LOAD c:/st/stm32cubeide_1.4.0/stm32cubeide/plugins/com.st.stm32cube.ide.mcu.externaltools.gnu-tools-for-stm32.7-2018-q2-update.win32_1.5.0.202011040924/tools/bin/../lib/gcc/arm-none-eabi/7.3.1/../../../../arm-none-eabi/lib/thumb/v7e-m/fpv4-sp/hard\libc_nano.a
LOAD c:/st/stm32cubeide_1.4.0/stm32cubeide/plugins/com.st.stm32cube.ide.mcu.externaltools.gnu-tools-for-stm32.7-2018-q2-update.win32_1.5.0.202011040924/tools/bin/../lib/gcc/arm-none-eabi/7.3.1/../../../../arm-none-eabi/lib/thumb/v7e-m/fpv4-sp/hard\libnosys.a
END GROUP
LOAD c:/st/stm32cubeide_1.4.0/stm32cubeide/plugins/com.st.stm32cube.ide.mcu.externaltools.gnu-tools-for-stm32.7-2018-q2-update.win32_1.5.0.202011040924/tools/bin/../lib/gcc/arm-none-eabi/7.3.1/thumb/v7e-m/fpv4-sp/hard/crtend.o
LOAD c:/st/stm32cubeide_1.4.0/stm32cubeide/plugins/com.st.stm32cube.ide.mcu.externaltools.gnu-tools-for-stm32.7-2018-q2-update.win32_1.5.0.202011040924/tools/bin/../lib/gcc/arm-none-eabi/7.3.1/thumb/v7e-m/fpv4-sp/hard/crtn.o
                0x0000000020008000                _estack = (ORIGIN (RAM) + LENGTH (RAM))
                0x0000000000000200                _Min_Heap_Size = 0x200
                0x0000000000000400                _Min_Stack_Size = 0x400

.isr_vector     0x0000000008000000      0x1d8
                0x0000000008000000                . = ALIGN (0x4)
 *(.isr_vector)
 .isr_vector    0x0000000008000000      0x1d8 Core/Startup/startup_stm32g431kbtx.o
                0x0000000008000000                g_pfnVectors
                0x00000000080001d8                . = ALIGN (0x4)

.text           0x00000000080001d8     0x9970
                0x00000000080001d8                . = ALIGN (0x4)
 *(.text)
 .text          0x00000000080001d8       0x40 c:/st/stm32cubeide_1.4.0/stm32cubeide/plugins/com.st.stm32cube.ide.mcu.externaltools.gnu-tools-for-stm32.7-2018-q2-update.win32_1.5.0.202011040924/tools/bin/../lib/gcc/arm-none-eabi/7.3.1/thumb/v7e-m/fpv4-sp/hard/crtbegin.o
 *(.text*)
 .text.CDC_On_Receive
                0x0000000008000218       0x40 Core/Src/main.o
                0x0000000008000218                CDC_On_Receive
 .text.Set_Motor_Speed
                0x0000000008000258       0xb0 Core/Src/main.o
                0x0000000008000258                Set_Motor_Speed
 .text.main     0x0000000008000308      0x194 Core/Src/main.o
                0x0000000008000308                main
 .text.SystemClock_Config
                0x000000000800049c       0xce Core/Src/main.o
                0x000000000800049c                SystemClock_Config
 *fill*         0x000000000800056a        0x2 
 .text.MX_TIM1_Init
                0x000000000800056c      0x160 Core/Src/main.o
 .text.MX_TIM2_Init
                0x00000000080006cc       0xa8 Core/Src/main.o
 .text.MX_TIM3_Init
                0x0000000008000774       0xe8 Core/Src/main.o
 .text.MX_TIM4_Init
                0x000000000800085c       0xac Core/Src/main.o
 .text.MX_TIM7_Init
                0x0000000008000908       0x6c Core/Src/main.o
 .text.MX_TIM8_Init
                0x0000000008000974       0xe0 Core/Src/main.o
 .text.MX_TIM15_Init
                0x0000000008000a54      0x10c Core/Src/main.o
 .text.MX_TIM16_Init
                0x0000000008000b60       0xf4 Core/Src/main.o
 .text.MX_TIM17_Init
                0x0000000008000c54       0xf4 Core/Src/main.o
 .text.MX_GPIO_Init
                0x0000000008000d48       0x94 Core/Src/main.o
 .text.HAL_TIM_PeriodElapsedCallback
                0x0000000008000ddc      0x11c Core/Src/main.o
                0x0000000008000ddc                HAL_TIM_PeriodElapsedCallback
 .text.Error_Handler
                0x0000000008000ef8        0xe Core/Src/main.o
                0x0000000008000ef8                Error_Handler
 *fill*         0x0000000008000f06        0x2 
 .text.HAL_MspInit
                0x0000000008000f08       0x48 Core/Src/stm32g4xx_hal_msp.o
                0x0000000008000f08                HAL_MspInit
 .text.HAL_TIM_PWM_MspInit
                0x0000000008000f50       0x90 Core/Src/stm32g4xx_hal_msp.o
                0x0000000008000f50                HAL_TIM_PWM_MspInit
 .text.HAL_TIM_Encoder_MspInit
                0x0000000008000fe0      0x184 Core/Src/stm32g4xx_hal_msp.o
                0x0000000008000fe0                HAL_TIM_Encoder_MspInit
 .text.HAL_TIM_Base_MspInit
                0x0000000008001164       0x9c Core/Src/stm32g4xx_hal_msp.o
                0x0000000008001164                HAL_TIM_Base_MspInit
 .text.HAL_TIM_MspPostInit
                0x0000000008001200      0x1d0 Core/Src/stm32g4xx_hal_msp.o
                0x0000000008001200                HAL_TIM_MspPostInit
 .text.NMI_Handler
                0x00000000080013d0        0xe Core/Src/stm32g4xx_it.o
                0x00000000080013d0                NMI_Handler
 .text.HardFault_Handler
                0x00000000080013de        0x6 Core/Src/stm32g4xx_it.o
                0x00000000080013de                HardFault_Handler
 .text.MemManage_Handler
                0x00000000080013e4        0x6 Core/Src/stm32g4xx_it.o
                0x00000000080013e4                MemManage_Handler
 .text.BusFault_Handler
                0x00000000080013ea        0x6 Core/Src/stm32g4xx_it.o
                0x00000000080013ea                BusFault_Handler
 .text.UsageFault_Handler
                0x00000000080013f0        0x6 Core/Src/stm32g4xx_it.o
                0x00000000080013f0                UsageFault_Handler
 .text.SVC_Handler
                0x00000000080013f6        0xe Core/Src/stm32g4xx_it.o
                0x00000000080013f6                SVC_Handler
 .text.DebugMon_Handler
                0x0000000008001404        0xe Core/Src/stm32g4xx_it.o
                0x0000000008001404                DebugMon_Handler
 .text.PendSV_Handler
                0x0000000008001412        0xe Core/Src/stm32g4xx_it.o
                0x0000000008001412                PendSV_Handler
 .text.SysTick_Handler
                0x0000000008001420        0xc Core/Src/stm32g4xx_it.o
                0x0000000008001420                SysTick_Handler
 .text.USB_LP_IRQHandler
                0x000000000800142c       0x14 Core/Src/stm32g4xx_it.o
                0x000000000800142c                USB_LP_IRQHandler
 .text.TIM7_IRQHandler
                0x0000000008001440       0x14 Core/Src/stm32g4xx_it.o
                0x0000000008001440                TIM7_IRQHandler
 .text.SystemInit
                0x0000000008001454       0x2c Core/Src/system_stm32g4xx.o
                0x0000000008001454                SystemInit
 .text.Reset_Handler
                0x0000000008001480       0x50 Core/Startup/startup_stm32g431kbtx.o
                0x0000000008001480                Reset_Handler
 .text.Default_Handler
                0x00000000080014d0        0x2 Core/Startup/startup_stm32g431kbtx.o
                0x00000000080014d0                RTC_Alarm_IRQHandler
                0x00000000080014d0                EXTI2_IRQHandler
                0x00000000080014d0                TIM8_TRG_COM_IRQHandler
                0x00000000080014d0                TIM8_CC_IRQHandler
                0x00000000080014d0                TIM1_CC_IRQHandler
                0x00000000080014d0                USB_HP_IRQHandler
                0x00000000080014d0                CORDIC_IRQHandler
                0x00000000080014d0                EXTI3_IRQHandler
                0x00000000080014d0                I2C3_ER_IRQHandler
                0x00000000080014d0                EXTI0_IRQHandler
                0x00000000080014d0                I2C2_EV_IRQHandler
                0x00000000080014d0                FPU_IRQHandler
                0x00000000080014d0                FDCAN1_IT1_IRQHandler
                0x00000000080014d0                TIM1_UP_TIM16_IRQHandler
                0x00000000080014d0                ADC1_2_IRQHandler
                0x00000000080014d0                SPI1_IRQHandler
                0x00000000080014d0                TIM6_DAC_IRQHandler
                0x00000000080014d0                TIM8_UP_IRQHandler
                0x00000000080014d0                DMA2_Channel2_IRQHandler
                0x00000000080014d0                DMA1_Channel4_IRQHandler
                0x00000000080014d0                USART3_IRQHandler
                0x00000000080014d0                TIM4_IRQHandler
                0x00000000080014d0                DMA2_Channel1_IRQHandler
                0x00000000080014d0                I2C1_EV_IRQHandler
                0x00000000080014d0                DMA1_Channel6_IRQHandler
                0x00000000080014d0                UART4_IRQHandler
                0x00000000080014d0                DMA2_Channel4_IRQHandler
                0x00000000080014d0                TIM3_IRQHandler
                0x00000000080014d0                RCC_IRQHandler
                0x00000000080014d0                DMA1_Channel1_IRQHandler
                0x00000000080014d0                Default_Handler
                0x00000000080014d0                RTC_TAMP_LSECSS_IRQHandler
                0x00000000080014d0                FMAC_IRQHandler
                0x00000000080014d0                EXTI15_10_IRQHandler
                0x00000000080014d0                UCPD1_IRQHandler
                0x00000000080014d0                I2C3_EV_IRQHandler
                0x00000000080014d0                EXTI9_5_IRQHandler
                0x00000000080014d0                RTC_WKUP_IRQHandler
                0x00000000080014d0                PVD_PVM_IRQHandler
                0x00000000080014d0                SPI2_IRQHandler
                0x00000000080014d0                DMA2_Channel5_IRQHandler
                0x00000000080014d0                CRS_IRQHandler
                0x00000000080014d0                DMA1_Channel5_IRQHandler
                0x00000000080014d0                EXTI4_IRQHandler
                0x00000000080014d0                RNG_IRQHandler
                0x00000000080014d0                TIM1_TRG_COM_TIM17_IRQHandler
                0x00000000080014d0                DMA1_Channel3_IRQHandler
                0x00000000080014d0                WWDG_IRQHandler
                0x00000000080014d0                LPUART1_IRQHandler
                0x00000000080014d0                DMA2_Channel6_IRQHandler
                0x00000000080014d0                FDCAN1_IT0_IRQHandler
                0x00000000080014d0                TIM2_IRQHandler
                0x00000000080014d0                COMP1_2_3_IRQHandler
                0x00000000080014d0                EXTI1_IRQHandler
                0x00000000080014d0                USART2_IRQHandler
                0x00000000080014d0                I2C2_ER_IRQHandler
                0x00000000080014d0                DMA1_Channel2_IRQHandler
                0x00000000080014d0                TIM8_BRK_IRQHandler
                0x00000000080014d0                FLASH_IRQHandler
                0x00000000080014d0                USART1_IRQHandler
                0x00000000080014d0                SPI3_IRQHandler
                0x00000000080014d0                I2C1_ER_IRQHandler
                0x00000000080014d0                LPTIM1_IRQHandler
                0x00000000080014d0                DMAMUX_OVR_IRQHandler
                0x00000000080014d0                USBWakeUp_IRQHandler
                0x00000000080014d0                SAI1_IRQHandler
                0x00000000080014d0                DMA2_Channel3_IRQHandler
                0x00000000080014d0                COMP4_IRQHandler
                0x00000000080014d0                TIM1_BRK_TIM15_IRQHandler
 .text.HAL_Init
                0x00000000080014d2       0x30 Drivers/STM32G4xx_HAL_Driver/Src/stm32g4xx_hal.o
                0x00000000080014d2                HAL_Init
 *fill*         0x0000000008001502        0x2 
 .text.HAL_InitTick
                0x0000000008001504       0x74 Drivers/STM32G4xx_HAL_Driver/Src/stm32g4xx_hal.o
                0x0000000008001504                HAL_InitTick
 .text.HAL_IncTick
                0x0000000008001578       0x24 Drivers/STM32G4xx_HAL_Driver/Src/stm32g4xx_hal.o
                0x0000000008001578                HAL_IncTick
 .text.HAL_GetTick
                0x000000000800159c       0x18 Drivers/STM32G4xx_HAL_Driver/Src/stm32g4xx_hal.o
                0x000000000800159c                HAL_GetTick
 .text.__NVIC_SetPriorityGrouping
                0x00000000080015b4       0x48 Drivers/STM32G4xx_HAL_Driver/Src/stm32g4xx_hal_cortex.o
 .text.__NVIC_GetPriorityGrouping
                0x00000000080015fc       0x1c Drivers/STM32G4xx_HAL_Driver/Src/stm32g4xx_hal_cortex.o
 .text.__NVIC_EnableIRQ
                0x0000000008001618       0x3c Drivers/STM32G4xx_HAL_Driver/Src/stm32g4xx_hal_cortex.o
 .text.__NVIC_SetPriority
                0x0000000008001654       0x54 Drivers/STM32G4xx_HAL_Driver/Src/stm32g4xx_hal_cortex.o
 .text.NVIC_EncodePriority
                0x00000000080016a8       0x66 Drivers/STM32G4xx_HAL_Driver/Src/stm32g4xx_hal_cortex.o
 *fill*         0x000000000800170e        0x2 
 .text.SysTick_Config
                0x0000000008001710       0x44 Drivers/STM32G4xx_HAL_Driver/Src/stm32g4xx_hal_cortex.o
 .text.HAL_NVIC_SetPriorityGrouping
                0x0000000008001754       0x16 Drivers/STM32G4xx_HAL_Driver/Src/stm32g4xx_hal_cortex.o
                0x0000000008001754                HAL_NVIC_SetPriorityGrouping
 .text.HAL_NVIC_SetPriority
                0x000000000800176a       0x34 Drivers/STM32G4xx_HAL_Driver/Src/stm32g4xx_hal_cortex.o
                0x000000000800176a                HAL_NVIC_SetPriority
 .text.HAL_NVIC_EnableIRQ
                0x000000000800179e       0x1c Drivers/STM32G4xx_HAL_Driver/Src/stm32g4xx_hal_cortex.o
                0x000000000800179e                HAL_NVIC_EnableIRQ
 .text.HAL_SYSTICK_Config
                0x00000000080017ba       0x18 Drivers/STM32G4xx_HAL_Driver/Src/stm32g4xx_hal_cortex.o
                0x00000000080017ba                HAL_SYSTICK_Config
 *fill*         0x00000000080017d2        0x2 
 .text.HAL_GPIO_Init
                0x00000000080017d4      0x304 Drivers/STM32G4xx_HAL_Driver/Src/stm32g4xx_hal_gpio.o
                0x00000000080017d4                HAL_GPIO_Init
 .text.HAL_GPIO_WritePin
                0x0000000008001ad8       0x30 Drivers/STM32G4xx_HAL_Driver/Src/stm32g4xx_hal_gpio.o
                0x0000000008001ad8                HAL_GPIO_WritePin
 .text.HAL_GPIO_TogglePin
                0x0000000008001b08       0x34 Drivers/STM32G4xx_HAL_Driver/Src/stm32g4xx_hal_gpio.o
                0x0000000008001b08                HAL_GPIO_TogglePin
 .text.HAL_PCD_Init
                0x0000000008001b3c      0x1ca Drivers/STM32G4xx_HAL_Driver/Src/stm32g4xx_hal_pcd.o
                0x0000000008001b3c                HAL_PCD_Init
 .text.HAL_PCD_Start
                0x0000000008001d06       0x44 Drivers/STM32G4xx_HAL_Driver/Src/stm32g4xx_hal_pcd.o
                0x0000000008001d06                HAL_PCD_Start
 .text.HAL_PCD_IRQHandler
                0x0000000008001d4a      0x29c Drivers/STM32G4xx_HAL_Driver/Src/stm32g4xx_hal_pcd.o
                0x0000000008001d4a                HAL_PCD_IRQHandler
 .text.HAL_PCD_SetAddress
                0x0000000008001fe6       0x4a Drivers/STM32G4xx_HAL_Driver/Src/stm32g4xx_hal_pcd.o
                0x0000000008001fe6                HAL_PCD_SetAddress
 .text.HAL_PCD_EP_Open
                0x0000000008002030       0xcc Drivers/STM32G4xx_HAL_Driver/Src/stm32g4xx_hal_pcd.o
                0x0000000008002030                HAL_PCD_EP_Open
 .text.HAL_PCD_EP_Close
                0x00000000080020fc       0x90 Drivers/STM32G4xx_HAL_Driver/Src/stm32g4xx_hal_pcd.o
                0x00000000080020fc                HAL_PCD_EP_Close
 .text.HAL_PCD_EP_Receive
                0x000000000800218c       0x7a Drivers/STM32G4xx_HAL_Driver/Src/stm32g4xx_hal_pcd.o
                0x000000000800218c                HAL_PCD_EP_Receive
 .text.HAL_PCD_EP_GetRxCount
                0x0000000008002206       0x30 Drivers/STM32G4xx_HAL_Driver/Src/stm32g4xx_hal_pcd.o
                0x0000000008002206                HAL_PCD_EP_GetRxCount
 .text.HAL_PCD_EP_Transmit
                0x0000000008002236       0x86 Drivers/STM32G4xx_HAL_Driver/Src/stm32g4xx_hal_pcd.o
                0x0000000008002236                HAL_PCD_EP_Transmit
 .text.HAL_PCD_EP_SetStall
                0x00000000080022bc       0xc0 Drivers/STM32G4xx_HAL_Driver/Src/stm32g4xx_hal_pcd.o
                0x00000000080022bc                HAL_PCD_EP_SetStall
 .text.HAL_PCD_EP_ClrStall
                0x000000000800237c       0xa8 Drivers/STM32G4xx_HAL_Driver/Src/stm32g4xx_hal_pcd.o
                0x000000000800237c                HAL_PCD_EP_ClrStall
 .text.PCD_EP_ISR_Handler
                0x0000000008002424      0x5ca Drivers/STM32G4xx_HAL_Driver/Src/stm32g4xx_hal_pcd.o
 .text.HAL_PCD_EP_DB_Receive
                0x00000000080029ee      0x212 Drivers/STM32G4xx_HAL_Driver/Src/stm32g4xx_hal_pcd.o
 .text.HAL_PCD_EP_DB_Transmit
                0x0000000008002c00      0x532 Drivers/STM32G4xx_HAL_Driver/Src/stm32g4xx_hal_pcd.o
 .text.HAL_PCDEx_PMAConfig
                0x0000000008003132       0x86 Drivers/STM32G4xx_HAL_Driver/Src/stm32g4xx_hal_pcd_ex.o
                0x0000000008003132                HAL_PCDEx_PMAConfig
 .text.HAL_PCDEx_ActivateLPM
                0x00000000080031b8       0x54 Drivers/STM32G4xx_HAL_Driver/Src/stm32g4xx_hal_pcd_ex.o
                0x00000000080031b8                HAL_PCDEx_ActivateLPM
 .text.HAL_PWREx_ControlVoltageScaling
                0x000000000800320c      0x148 Drivers/STM32G4xx_HAL_Driver/Src/stm32g4xx_hal_pwr_ex.o
                0x000000000800320c                HAL_PWREx_ControlVoltageScaling
 .text.HAL_PWREx_DisableUCPDDeadBattery
                0x0000000008003354       0x20 Drivers/STM32G4xx_HAL_Driver/Src/stm32g4xx_hal_pwr_ex.o
                0x0000000008003354                HAL_PWREx_DisableUCPDDeadBattery
 .text.HAL_RCC_OscConfig
                0x0000000008003374      0x630 Drivers/STM32G4xx_HAL_Driver/Src/stm32g4xx_hal_rcc.o
                0x0000000008003374                HAL_RCC_OscConfig
 .text.HAL_RCC_ClockConfig
                0x00000000080039a4      0x278 Drivers/STM32G4xx_HAL_Driver/Src/stm32g4xx_hal_rcc.o
                0x00000000080039a4                HAL_RCC_ClockConfig
 .text.HAL_RCC_GetSysClockFreq
                0x0000000008003c1c       0xc4 Drivers/STM32G4xx_HAL_Driver/Src/stm32g4xx_hal_rcc.o
                0x0000000008003c1c                HAL_RCC_GetSysClockFreq
 .text.RCC_GetSysClockFreqFromPLLSource
                0x0000000008003ce0       0x8c Drivers/STM32G4xx_HAL_Driver/Src/stm32g4xx_hal_rcc.o
 .text.HAL_RCCEx_PeriphCLKConfig
                0x0000000008003d6c      0x3e0 Drivers/STM32G4xx_HAL_Driver/Src/stm32g4xx_hal_rcc_ex.o
                0x0000000008003d6c                HAL_RCCEx_PeriphCLKConfig
 .text.HAL_TIM_Base_Init
                0x000000000800414c       0xae Drivers/STM32G4xx_HAL_Driver/Src/stm32g4xx_hal_tim.o
                0x000000000800414c                HAL_TIM_Base_Init
 *fill*         0x00000000080041fa        0x2 
 .text.HAL_TIM_Base_Start_IT
                0x00000000080041fc       0xd4 Drivers/STM32G4xx_HAL_Driver/Src/stm32g4xx_hal_tim.o
                0x00000000080041fc                HAL_TIM_Base_Start_IT
 .text.HAL_TIM_PWM_Init
                0x00000000080042d0       0xae Drivers/STM32G4xx_HAL_Driver/Src/stm32g4xx_hal_tim.o
                0x00000000080042d0                HAL_TIM_PWM_Init
 *fill*         0x000000000800437e        0x2 
 .text.HAL_TIM_PWM_Start
                0x0000000008004380      0x200 Drivers/STM32G4xx_HAL_Driver/Src/stm32g4xx_hal_tim.o
                0x0000000008004380                HAL_TIM_PWM_Start
 .text.HAL_TIM_Encoder_Init
                0x0000000008004580      0x14c Drivers/STM32G4xx_HAL_Driver/Src/stm32g4xx_hal_tim.o
                0x0000000008004580                HAL_TIM_Encoder_Init
 .text.HAL_TIM_Encoder_Start
                0x00000000080046cc      0x11a Drivers/STM32G4xx_HAL_Driver/Src/stm32g4xx_hal_tim.o
                0x00000000080046cc                HAL_TIM_Encoder_Start
 .text.HAL_TIM_IRQHandler
                0x00000000080047e6      0x2fe Drivers/STM32G4xx_HAL_Driver/Src/stm32g4xx_hal_tim.o
                0x00000000080047e6                HAL_TIM_IRQHandler
 .text.HAL_TIM_PWM_ConfigChannel
                0x0000000008004ae4      0x220 Drivers/STM32G4xx_HAL_Driver/Src/stm32g4xx_hal_tim.o
                0x0000000008004ae4                HAL_TIM_PWM_ConfigChannel
 .text.HAL_TIM_OC_DelayElapsedCallback
                0x0000000008004d04       0x14 Drivers/STM32G4xx_HAL_Driver/Src/stm32g4xx_hal_tim.o
                0x0000000008004d04                HAL_TIM_OC_DelayElapsedCallback
 .text.HAL_TIM_IC_CaptureCallback
                0x0000000008004d18       0x14 Drivers/STM32G4xx_HAL_Driver/Src/stm32g4xx_hal_tim.o
                0x0000000008004d18                HAL_TIM_IC_CaptureCallback
 .text.HAL_TIM_PWM_PulseFinishedCallback
                0x0000000008004d2c       0x14 Drivers/STM32G4xx_HAL_Driver/Src/stm32g4xx_hal_tim.o
                0x0000000008004d2c                HAL_TIM_PWM_PulseFinishedCallback
 .text.HAL_TIM_TriggerCallback
                0x0000000008004d40       0x14 Drivers/STM32G4xx_HAL_Driver/Src/stm32g4xx_hal_tim.o
                0x0000000008004d40                HAL_TIM_TriggerCallback
 .text.TIM_Base_SetConfig
                0x0000000008004d54      0x120 Drivers/STM32G4xx_HAL_Driver/Src/stm32g4xx_hal_tim.o
                0x0000000008004d54                TIM_Base_SetConfig
 .text.TIM_OC1_SetConfig
                0x0000000008004e74      0x120 Drivers/STM32G4xx_HAL_Driver/Src/stm32g4xx_hal_tim.o
 .text.TIM_OC2_SetConfig
                0x0000000008004f94      0x114 Drivers/STM32G4xx_HAL_Driver/Src/stm32g4xx_hal_tim.o
                0x0000000008004f94                TIM_OC2_SetConfig
 .text.TIM_OC3_SetConfig
                0x00000000080050a8      0x110 Drivers/STM32G4xx_HAL_Driver/Src/stm32g4xx_hal_tim.o
 .text.TIM_OC4_SetConfig
                0x00000000080051b8      0x114 Drivers/STM32G4xx_HAL_Driver/Src/stm32g4xx_hal_tim.o
 .text.TIM_OC5_SetConfig
                0x00000000080052cc       0xc8 Drivers/STM32G4xx_HAL_Driver/Src/stm32g4xx_hal_tim.o
 .text.TIM_OC6_SetConfig
                0x0000000008005394       0xcc Drivers/STM32G4xx_HAL_Driver/Src/stm32g4xx_hal_tim.o
 .text.TIM_CCxChannelCmd
                0x0000000008005460       0x4a Drivers/STM32G4xx_HAL_Driver/Src/stm32g4xx_hal_tim.o
                0x0000000008005460                TIM_CCxChannelCmd
 *fill*         0x00000000080054aa        0x2 
 .text.HAL_TIMEx_MasterConfigSynchronization
                0x00000000080054ac      0x104 Drivers/STM32G4xx_HAL_Driver/Src/stm32g4xx_hal_tim_ex.o
                0x00000000080054ac                HAL_TIMEx_MasterConfigSynchronization
 .text.HAL_TIMEx_ConfigBreakDeadTime
                0x00000000080055b0      0x140 Drivers/STM32G4xx_HAL_Driver/Src/stm32g4xx_hal_tim_ex.o
                0x00000000080055b0                HAL_TIMEx_ConfigBreakDeadTime
 .text.HAL_TIMEx_CommutCallback
                0x00000000080056f0       0x14 Drivers/STM32G4xx_HAL_Driver/Src/stm32g4xx_hal_tim_ex.o
                0x00000000080056f0                HAL_TIMEx_CommutCallback
 .text.HAL_TIMEx_BreakCallback
                0x0000000008005704       0x14 Drivers/STM32G4xx_HAL_Driver/Src/stm32g4xx_hal_tim_ex.o
                0x0000000008005704                HAL_TIMEx_BreakCallback
 .text.HAL_TIMEx_Break2Callback
                0x0000000008005718       0x14 Drivers/STM32G4xx_HAL_Driver/Src/stm32g4xx_hal_tim_ex.o
                0x0000000008005718                HAL_TIMEx_Break2Callback
 .text.HAL_TIMEx_EncoderIndexCallback
                0x000000000800572c       0x14 Drivers/STM32G4xx_HAL_Driver/Src/stm32g4xx_hal_tim_ex.o
                0x000000000800572c                HAL_TIMEx_EncoderIndexCallback
 .text.HAL_TIMEx_DirectionChangeCallback
                0x0000000008005740       0x14 Drivers/STM32G4xx_HAL_Driver/Src/stm32g4xx_hal_tim_ex.o
                0x0000000008005740                HAL_TIMEx_DirectionChangeCallback
 .text.HAL_TIMEx_IndexErrorCallback
                0x0000000008005754       0x14 Drivers/STM32G4xx_HAL_Driver/Src/stm32g4xx_hal_tim_ex.o
                0x0000000008005754                HAL_TIMEx_IndexErrorCallback
 .text.HAL_TIMEx_TransitionErrorCallback
                0x0000000008005768       0x14 Drivers/STM32G4xx_HAL_Driver/Src/stm32g4xx_hal_tim_ex.o
                0x0000000008005768                HAL_TIMEx_TransitionErrorCallback
 .text.USB_EnableGlobalInt
                0x000000000800577c       0x2e Drivers/STM32G4xx_HAL_Driver/Src/stm32g4xx_ll_usb.o
                0x000000000800577c                USB_EnableGlobalInt
 .text.USB_DisableGlobalInt
                0x00000000080057aa       0x36 Drivers/STM32G4xx_HAL_Driver/Src/stm32g4xx_ll_usb.o
                0x00000000080057aa                USB_DisableGlobalInt
 .text.USB_DevInit
                0x00000000080057e0       0x42 Drivers/STM32G4xx_HAL_Driver/Src/stm32g4xx_ll_usb.o
                0x00000000080057e0                USB_DevInit
 *fill*         0x0000000008005822        0x2 
 .text.USB_ActivateEndpoint
                0x0000000008005824      0x6dc Drivers/STM32G4xx_HAL_Driver/Src/stm32g4xx_ll_usb.o
                0x0000000008005824                USB_ActivateEndpoint
 .text.USB_DeactivateEndpoint
                0x0000000008005f00      0x3da Drivers/STM32G4xx_HAL_Driver/Src/stm32g4xx_ll_usb.o
                0x0000000008005f00                USB_DeactivateEndpoint
 .text.USB_EPStartXfer
                0x00000000080062da     0x125e Drivers/STM32G4xx_HAL_Driver/Src/stm32g4xx_ll_usb.o
                0x00000000080062da                USB_EPStartXfer
 .text.USB_EPSetStall
                0x0000000008007538       0xa2 Drivers/STM32G4xx_HAL_Driver/Src/stm32g4xx_ll_usb.o
                0x0000000008007538                USB_EPSetStall
 .text.USB_EPClearStall
                0x00000000080075da      0x15c Drivers/STM32G4xx_HAL_Driver/Src/stm32g4xx_ll_usb.o
                0x00000000080075da                USB_EPClearStall
 .text.USB_SetDevAddress
                0x0000000008007736       0x28 Drivers/STM32G4xx_HAL_Driver/Src/stm32g4xx_ll_usb.o
                0x0000000008007736                USB_SetDevAddress
 .text.USB_DevConnect
                0x000000000800775e       0x2e Drivers/STM32G4xx_HAL_Driver/Src/stm32g4xx_ll_usb.o
                0x000000000800775e                USB_DevConnect
 .text.USB_ReadInterrupts
                0x000000000800778c       0x20 Drivers/STM32G4xx_HAL_Driver/Src/stm32g4xx_ll_usb.o
                0x000000000800778c                USB_ReadInterrupts
 .text.USB_EP0_OutStart
                0x00000000080077ac       0x18 Drivers/STM32G4xx_HAL_Driver/Src/stm32g4xx_ll_usb.o
                0x00000000080077ac                USB_EP0_OutStart
 .text.USB_WritePMA
                0x00000000080077c4       0x82 Drivers/STM32G4xx_HAL_Driver/Src/stm32g4xx_ll_usb.o
                0x00000000080077c4                USB_WritePMA
 .text.USB_ReadPMA
                0x0000000008007846       0x98 Drivers/STM32G4xx_HAL_Driver/Src/stm32g4xx_ll_usb.o
                0x0000000008007846                USB_ReadPMA
 .text.USBD_CDC_Init
                0x00000000080078de       0xfe Middlewares/ST/STM32_USB_Device_Library/Class/CDC/Src/usbd_cdc.o
 .text.USBD_CDC_DeInit
                0x00000000080079dc       0x74 Middlewares/ST/STM32_USB_Device_Library/Class/CDC/Src/usbd_cdc.o
 .text.USBD_CDC_Setup
                0x0000000008007a50      0x178 Middlewares/ST/STM32_USB_Device_Library/Class/CDC/Src/usbd_cdc.o
 .text.USBD_CDC_DataIn
                0x0000000008007bc8       0xca Middlewares/ST/STM32_USB_Device_Library/Class/CDC/Src/usbd_cdc.o
 .text.USBD_CDC_DataOut
                0x0000000008007c92       0x56 Middlewares/ST/STM32_USB_Device_Library/Class/CDC/Src/usbd_cdc.o
 .text.USBD_CDC_EP0_RxReady
                0x0000000008007ce8       0x50 Middlewares/ST/STM32_USB_Device_Library/Class/CDC/Src/usbd_cdc.o
 .text.USBD_CDC_GetFSCfgDesc
                0x0000000008007d38       0x20 Middlewares/ST/STM32_USB_Device_Library/Class/CDC/Src/usbd_cdc.o
 .text.USBD_CDC_GetHSCfgDesc
                0x0000000008007d58       0x20 Middlewares/ST/STM32_USB_Device_Library/Class/CDC/Src/usbd_cdc.o
 .text.USBD_CDC_GetOtherSpeedCfgDesc
                0x0000000008007d78       0x20 Middlewares/ST/STM32_USB_Device_Library/Class/CDC/Src/usbd_cdc.o
 .text.USBD_CDC_GetDeviceQualifierDescriptor
                0x0000000008007d98       0x20 Middlewares/ST/STM32_USB_Device_Library/Class/CDC/Src/usbd_cdc.o
                0x0000000008007d98                USBD_CDC_GetDeviceQualifierDescriptor
 .text.USBD_CDC_RegisterInterface
                0x0000000008007db8       0x2a Middlewares/ST/STM32_USB_Device_Library/Class/CDC/Src/usbd_cdc.o
                0x0000000008007db8                USBD_CDC_RegisterInterface
 .text.USBD_CDC_SetTxBuffer
                0x0000000008007de2       0x32 Middlewares/ST/STM32_USB_Device_Library/Class/CDC/Src/usbd_cdc.o
                0x0000000008007de2                USBD_CDC_SetTxBuffer
 .text.USBD_CDC_SetRxBuffer
                0x0000000008007e14       0x28 Middlewares/ST/STM32_USB_Device_Library/Class/CDC/Src/usbd_cdc.o
                0x0000000008007e14                USBD_CDC_SetRxBuffer
 .text.USBD_CDC_TransmitPacket
                0x0000000008007e3c       0x60 Middlewares/ST/STM32_USB_Device_Library/Class/CDC/Src/usbd_cdc.o
                0x0000000008007e3c                USBD_CDC_TransmitPacket
 .text.USBD_CDC_ReceivePacket
                0x0000000008007e9c       0x54 Middlewares/ST/STM32_USB_Device_Library/Class/CDC/Src/usbd_cdc.o
                0x0000000008007e9c                USBD_CDC_ReceivePacket
 .text.USBD_Init
                0x0000000008007ef0       0x60 Middlewares/ST/STM32_USB_Device_Library/Core/Src/usbd_core.o
                0x0000000008007ef0                USBD_Init
 .text.USBD_RegisterClass
                0x0000000008007f50       0x4e Middlewares/ST/STM32_USB_Device_Library/Core/Src/usbd_core.o
                0x0000000008007f50                USBD_RegisterClass
 .text.USBD_Start
                0x0000000008007f9e       0x18 Middlewares/ST/STM32_USB_Device_Library/Core/Src/usbd_core.o
                0x0000000008007f9e                USBD_Start
 .text.USBD_RunTestMode
                0x0000000008007fb6       0x16 Middlewares/ST/STM32_USB_Device_Library/Core/Src/usbd_core.o
                0x0000000008007fb6                USBD_RunTestMode
 .text.USBD_SetClassConfig
                0x0000000008007fcc       0x38 Middlewares/ST/STM32_USB_Device_Library/Core/Src/usbd_core.o
                0x0000000008007fcc                USBD_SetClassConfig
 .text.USBD_ClrClassConfig
                0x0000000008008004       0x30 Middlewares/ST/STM32_USB_Device_Library/Core/Src/usbd_core.o
                0x0000000008008004                USBD_ClrClassConfig
 .text.USBD_LL_SetupStage
                0x0000000008008034       0xa6 Middlewares/ST/STM32_USB_Device_Library/Core/Src/usbd_core.o
                0x0000000008008034                USBD_LL_SetupStage
 .text.USBD_LL_DataOutStage
                0x00000000080080da       0xc6 Middlewares/ST/STM32_USB_Device_Library/Core/Src/usbd_core.o
                0x00000000080080da                USBD_LL_DataOutStage
 .text.USBD_LL_DataInStage
                0x00000000080081a0      0x12c Middlewares/ST/STM32_USB_Device_Library/Core/Src/usbd_core.o
                0x00000000080081a0                USBD_LL_DataInStage
 .text.USBD_LL_Reset
                0x00000000080082cc       0x82 Middlewares/ST/STM32_USB_Device_Library/Core/Src/usbd_core.o
                0x00000000080082cc                USBD_LL_Reset
 .text.USBD_LL_SetSpeed
                0x000000000800834e       0x20 Middlewares/ST/STM32_USB_Device_Library/Core/Src/usbd_core.o
                0x000000000800834e                USBD_LL_SetSpeed
 .text.USBD_LL_Suspend
                0x000000000800836e       0x2a Middlewares/ST/STM32_USB_Device_Library/Core/Src/usbd_core.o
                0x000000000800836e                USBD_LL_Suspend
 .text.USBD_LL_Resume
                0x0000000008008398       0x2c Middlewares/ST/STM32_USB_Device_Library/Core/Src/usbd_core.o
                0x0000000008008398                USBD_LL_Resume
 .text.USBD_LL_SOF
                0x00000000080083c4       0x34 Middlewares/ST/STM32_USB_Device_Library/Core/Src/usbd_core.o
                0x00000000080083c4                USBD_LL_SOF
 .text.SWAPBYTE
                0x00000000080083f8       0x3c Middlewares/ST/STM32_USB_Device_Library/Core/Src/usbd_ctlreq.o
 .text.USBD_StdDevReq
                0x0000000008008434       0xdc Middlewares/ST/STM32_USB_Device_Library/Core/Src/usbd_ctlreq.o
                0x0000000008008434                USBD_StdDevReq
 .text.USBD_StdItfReq
                0x0000000008008510       0x8c Middlewares/ST/STM32_USB_Device_Library/Core/Src/usbd_ctlreq.o
                0x0000000008008510                USBD_StdItfReq
 .text.USBD_StdEPReq
                0x000000000800859c      0x2ae Middlewares/ST/STM32_USB_Device_Library/Core/Src/usbd_ctlreq.o
                0x000000000800859c                USBD_StdEPReq
 *fill*         0x000000000800884a        0x2 
 .text.USBD_GetDescriptor
                0x000000000800884c      0x328 Middlewares/ST/STM32_USB_Device_Library/Core/Src/usbd_ctlreq.o
 .text.USBD_SetAddress
                0x0000000008008b74       0x84 Middlewares/ST/STM32_USB_Device_Library/Core/Src/usbd_ctlreq.o
 .text.USBD_SetConfig
                0x0000000008008bf8      0x148 Middlewares/ST/STM32_USB_Device_Library/Core/Src/usbd_ctlreq.o
 .text.USBD_GetConfig
                0x0000000008008d40       0x68 Middlewares/ST/STM32_USB_Device_Library/Core/Src/usbd_ctlreq.o
 .text.USBD_GetStatus
                0x0000000008008da8       0x66 Middlewares/ST/STM32_USB_Device_Library/Core/Src/usbd_ctlreq.o
 .text.USBD_SetFeature
                0x0000000008008e0e       0x28 Middlewares/ST/STM32_USB_Device_Library/Core/Src/usbd_ctlreq.o
 .text.USBD_ClrFeature
                0x0000000008008e36       0x42 Middlewares/ST/STM32_USB_Device_Library/Core/Src/usbd_ctlreq.o
 .text.USBD_ParseSetupRequest
                0x0000000008008e78       0x74 Middlewares/ST/STM32_USB_Device_Library/Core/Src/usbd_ctlreq.o
                0x0000000008008e78                USBD_ParseSetupRequest
 .text.USBD_CtlError
                0x0000000008008eec       0x22 Middlewares/ST/STM32_USB_Device_Library/Core/Src/usbd_ctlreq.o
                0x0000000008008eec                USBD_CtlError
 .text.USBD_GetString
                0x0000000008008f0e       0x8c Middlewares/ST/STM32_USB_Device_Library/Core/Src/usbd_ctlreq.o
                0x0000000008008f0e                USBD_GetString
 .text.USBD_GetLen
                0x0000000008008f9a       0x34 Middlewares/ST/STM32_USB_Device_Library/Core/Src/usbd_ctlreq.o
 .text.USBD_CtlSendData
                0x0000000008008fce       0x36 Middlewares/ST/STM32_USB_Device_Library/Core/Src/usbd_ioreq.o
                0x0000000008008fce                USBD_CtlSendData
 .text.USBD_CtlContinueSendData
                0x0000000008009004       0x22 Middlewares/ST/STM32_USB_Device_Library/Core/Src/usbd_ioreq.o
                0x0000000008009004                USBD_CtlContinueSendData
 .text.USBD_CtlPrepareRx
                0x0000000008009026       0x3a Middlewares/ST/STM32_USB_Device_Library/Core/Src/usbd_ioreq.o
                0x0000000008009026                USBD_CtlPrepareRx
 .text.USBD_CtlContinueRx
                0x0000000008009060       0x22 Middlewares/ST/STM32_USB_Device_Library/Core/Src/usbd_ioreq.o
                0x0000000008009060                USBD_CtlContinueRx
 .text.USBD_CtlSendStatus
                0x0000000008009082       0x26 Middlewares/ST/STM32_USB_Device_Library/Core/Src/usbd_ioreq.o
                0x0000000008009082                USBD_CtlSendStatus
 .text.USBD_CtlReceiveStatus
                0x00000000080090a8       0x26 Middlewares/ST/STM32_USB_Device_Library/Core/Src/usbd_ioreq.o
                0x00000000080090a8                USBD_CtlReceiveStatus
 *fill*         0x00000000080090ce        0x2 
 .text.MX_USB_Device_Init
                0x00000000080090d0       0x60 USB_Device/App/usb_device.o
                0x00000000080090d0                MX_USB_Device_Init
 .text.CDC_Init_FS
                0x0000000008009130       0x28 USB_Device/App/usbd_cdc_if.o
 .text.CDC_DeInit_FS
                0x0000000008009158       0x10 USB_Device/App/usbd_cdc_if.o
 .text.CDC_Control_FS
                0x0000000008009168       0xbc USB_Device/App/usbd_cdc_if.o
 .text.CDC_Receive_FS
                0x0000000008009224       0x30 USB_Device/App/usbd_cdc_if.o
 .text.CDC_Transmit_FS
                0x0000000008009254       0x4c USB_Device/App/usbd_cdc_if.o
                0x0000000008009254                CDC_Transmit_FS
 .text.CDC_TransmitCplt_FS
                0x00000000080092a0       0x22 USB_Device/App/usbd_cdc_if.o
 *fill*         0x00000000080092c2        0x2 
 .text.USBD_CDC_DeviceDescriptor
                0x00000000080092c4       0x24 USB_Device/App/usbd_desc.o
                0x00000000080092c4                USBD_CDC_DeviceDescriptor
 .text.USBD_CDC_LangIDStrDescriptor
                0x00000000080092e8       0x24 USB_Device/App/usbd_desc.o
                0x00000000080092e8                USBD_CDC_LangIDStrDescriptor
 .text.USBD_CDC_ProductStrDescriptor
                0x000000000800930c       0x3c USB_Device/App/usbd_desc.o
                0x000000000800930c                USBD_CDC_ProductStrDescriptor
 .text.USBD_CDC_ManufacturerStrDescriptor
                0x0000000008009348       0x28 USB_Device/App/usbd_desc.o
                0x0000000008009348                USBD_CDC_ManufacturerStrDescriptor
 .text.USBD_CDC_SerialStrDescriptor
                0x0000000008009370       0x24 USB_Device/App/usbd_desc.o
                0x0000000008009370                USBD_CDC_SerialStrDescriptor
 .text.USBD_CDC_ConfigStrDescriptor
                0x0000000008009394       0x3c USB_Device/App/usbd_desc.o
                0x0000000008009394                USBD_CDC_ConfigStrDescriptor
 .text.USBD_CDC_InterfaceStrDescriptor
                0x00000000080093d0       0x3c USB_Device/App/usbd_desc.o
                0x00000000080093d0                USBD_CDC_InterfaceStrDescriptor
 .text.Get_SerialNum
                0x000000000800940c       0x58 USB_Device/App/usbd_desc.o
 .text.IntToUnicode
                0x0000000008009464       0x7c USB_Device/App/usbd_desc.o
 .text.HAL_PCD_MspInit
                0x00000000080094e0       0x4c USB_Device/Target/usbd_conf.o
                0x00000000080094e0                HAL_PCD_MspInit
 .text.HAL_PCD_SetupStageCallback
                0x000000000800952c       0x24 USB_Device/Target/usbd_conf.o
                0x000000000800952c                HAL_PCD_SetupStageCallback
 .text.HAL_PCD_DataOutStageCallback
                0x0000000008009550       0x36 USB_Device/Target/usbd_conf.o
                0x0000000008009550                HAL_PCD_DataOutStageCallback
 .text.HAL_PCD_DataInStageCallback
                0x0000000008009586       0x34 USB_Device/Target/usbd_conf.o
                0x0000000008009586                HAL_PCD_DataInStageCallback
 .text.HAL_PCD_SOFCallback
                0x00000000080095ba       0x1c USB_Device/Target/usbd_conf.o
                0x00000000080095ba                HAL_PCD_SOFCallback
 .text.HAL_PCD_ResetCallback
                0x00000000080095d6       0x3c USB_Device/Target/usbd_conf.o
                0x00000000080095d6                HAL_PCD_ResetCallback
 *fill*         0x0000000008009612        0x2 
 .text.HAL_PCD_SuspendCallback
                0x0000000008009614       0x34 USB_Device/Target/usbd_conf.o
                0x0000000008009614                HAL_PCD_SuspendCallback
 .text.HAL_PCD_ResumeCallback
                0x0000000008009648       0x38 USB_Device/Target/usbd_conf.o
                0x0000000008009648                HAL_PCD_ResumeCallback
 .text.USBD_LL_Init
                0x0000000008009680       0xc0 USB_Device/Target/usbd_conf.o
                0x0000000008009680                USBD_LL_Init
 .text.USBD_LL_Start
                0x0000000008009740       0x36 USB_Device/Target/usbd_conf.o
                0x0000000008009740                USBD_LL_Start
 .text.USBD_LL_OpenEP
                0x0000000008009776       0x4c USB_Device/Target/usbd_conf.o
                0x0000000008009776                USBD_LL_OpenEP
 .text.USBD_LL_CloseEP
                0x00000000080097c2       0x3e USB_Device/Target/usbd_conf.o
                0x00000000080097c2                USBD_LL_CloseEP
 .text.USBD_LL_StallEP
                0x0000000008009800       0x3e USB_Device/Target/usbd_conf.o
                0x0000000008009800                USBD_LL_StallEP
 .text.USBD_LL_ClearStallEP
                0x000000000800983e       0x3e USB_Device/Target/usbd_conf.o
                0x000000000800983e                USBD_LL_ClearStallEP
 .text.USBD_LL_IsStallEP
                0x000000000800987c       0x5a USB_Device/Target/usbd_conf.o
                0x000000000800987c                USBD_LL_IsStallEP
 .text.USBD_LL_SetUSBAddress
                0x00000000080098d6       0x3e USB_Device/Target/usbd_conf.o
                0x00000000080098d6                USBD_LL_SetUSBAddress
 .text.USBD_LL_Transmit
                0x0000000008009914       0x42 USB_Device/Target/usbd_conf.o
                0x0000000008009914                USBD_LL_Transmit
 .text.USBD_LL_PrepareReceive
                0x0000000008009956       0x42 USB_Device/Target/usbd_conf.o
                0x0000000008009956                USBD_LL_PrepareReceive
 .text.USBD_LL_GetRxDataSize
                0x0000000008009998       0x26 USB_Device/Target/usbd_conf.o
                0x0000000008009998                USBD_LL_GetRxDataSize
 *fill*         0x00000000080099be        0x2 
 .text.HAL_PCDEx_LPM_Callback
                0x00000000080099c0       0x6c USB_Device/Target/usbd_conf.o
                0x00000000080099c0                HAL_PCDEx_LPM_Callback
 .text.USBD_static_malloc
                0x0000000008009a2c       0x1c USB_Device/Target/usbd_conf.o
                0x0000000008009a2c                USBD_static_malloc
 .text.USBD_static_free
                0x0000000008009a48       0x14 USB_Device/Target/usbd_conf.o
                0x0000000008009a48                USBD_static_free
 .text.SystemClockConfig_Resume
                0x0000000008009a5c        0xc USB_Device/Target/usbd_conf.o
 .text.USBD_Get_USB_Status
                0x0000000008009a68       0x58 USB_Device/Target/usbd_conf.o
 .text.__libc_init_array
                0x0000000008009ac0       0x48 c:/st/stm32cubeide_1.4.0/stm32cubeide/plugins/com.st.stm32cube.ide.mcu.externaltools.gnu-tools-for-stm32.7-2018-q2-update.win32_1.5.0.202011040924/tools/bin/../lib/gcc/arm-none-eabi/7.3.1/../../../../arm-none-eabi/lib/thumb/v7e-m/fpv4-sp/hard\libc_nano.a(lib_a-init.o)
                0x0000000008009ac0                __libc_init_array
 .text.memcpy   0x0000000008009b08       0x16 c:/st/stm32cubeide_1.4.0/stm32cubeide/plugins/com.st.stm32cube.ide.mcu.externaltools.gnu-tools-for-stm32.7-2018-q2-update.win32_1.5.0.202011040924/tools/bin/../lib/gcc/arm-none-eabi/7.3.1/../../../../arm-none-eabi/lib/thumb/v7e-m/fpv4-sp/hard\libc_nano.a(lib_a-memcpy-stub.o)
                0x0000000008009b08                memcpy
 .text.memset   0x0000000008009b1e       0x10 c:/st/stm32cubeide_1.4.0/stm32cubeide/plugins/com.st.stm32cube.ide.mcu.externaltools.gnu-tools-for-stm32.7-2018-q2-update.win32_1.5.0.202011040924/tools/bin/../lib/gcc/arm-none-eabi/7.3.1/../../../../arm-none-eabi/lib/thumb/v7e-m/fpv4-sp/hard\libc_nano.a(lib_a-memset.o)
                0x0000000008009b1e                memset
 *(.glue_7)
 .glue_7        0x0000000008009b2e        0x0 linker stubs
 *(.glue_7t)
 .glue_7t       0x0000000008009b2e        0x0 linker stubs
 *(.eh_frame)
 *fill*         0x0000000008009b2e        0x2 
 .eh_frame      0x0000000008009b30        0x0 c:/st/stm32cubeide_1.4.0/stm32cubeide/plugins/com.st.stm32cube.ide.mcu.externaltools.gnu-tools-for-stm32.7-2018-q2-update.win32_1.5.0.202011040924/tools/bin/../lib/gcc/arm-none-eabi/7.3.1/thumb/v7e-m/fpv4-sp/hard/crtbegin.o
 *(.init)
 .init          0x0000000008009b30        0x4 c:/st/stm32cubeide_1.4.0/stm32cubeide/plugins/com.st.stm32cube.ide.mcu.externaltools.gnu-tools-for-stm32.7-2018-q2-update.win32_1.5.0.202011040924/tools/bin/../lib/gcc/arm-none-eabi/7.3.1/thumb/v7e-m/fpv4-sp/hard/crti.o
                0x0000000008009b30                _init
 .init          0x0000000008009b34        0x8 c:/st/stm32cubeide_1.4.0/stm32cubeide/plugins/com.st.stm32cube.ide.mcu.externaltools.gnu-tools-for-stm32.7-2018-q2-update.win32_1.5.0.202011040924/tools/bin/../lib/gcc/arm-none-eabi/7.3.1/thumb/v7e-m/fpv4-sp/hard/crtn.o
 *(.fini)
 .fini          0x0000000008009b3c        0x4 c:/st/stm32cubeide_1.4.0/stm32cubeide/plugins/com.st.stm32cube.ide.mcu.externaltools.gnu-tools-for-stm32.7-2018-q2-update.win32_1.5.0.202011040924/tools/bin/../lib/gcc/arm-none-eabi/7.3.1/thumb/v7e-m/fpv4-sp/hard/crti.o
                0x0000000008009b3c                _fini
 .fini          0x0000000008009b40        0x8 c:/st/stm32cubeide_1.4.0/stm32cubeide/plugins/com.st.stm32cube.ide.mcu.externaltools.gnu-tools-for-stm32.7-2018-q2-update.win32_1.5.0.202011040924/tools/bin/../lib/gcc/arm-none-eabi/7.3.1/thumb/v7e-m/fpv4-sp/hard/crtn.o
                0x0000000008009b48                . = ALIGN (0x4)
                0x0000000008009b48                _etext = .

.vfp11_veneer   0x0000000008009b48        0x0
 .vfp11_veneer  0x0000000008009b48        0x0 linker stubs

.v4_bx          0x0000000008009b48        0x0
 .v4_bx         0x0000000008009b48        0x0 linker stubs

.iplt           0x0000000008009b48        0x0
 .iplt          0x0000000008009b48        0x0 c:/st/stm32cubeide_1.4.0/stm32cubeide/plugins/com.st.stm32cube.ide.mcu.externaltools.gnu-tools-for-stm32.7-2018-q2-update.win32_1.5.0.202011040924/tools/bin/../lib/gcc/arm-none-eabi/7.3.1/thumb/v7e-m/fpv4-sp/hard/crtbegin.o

.rodata         0x0000000008009b48       0x58
                0x0000000008009b48                . = ALIGN (0x4)
 *(.rodata)
 .rodata        0x0000000008009b48       0x46 USB_Device/App/usbd_desc.o
 *(.rodata*)
 *fill*         0x0000000008009b8e        0x2 
 .rodata.AHBPrescTable
                0x0000000008009b90       0x10 Core/Src/system_stm32g4xx.o
                0x0000000008009b90                AHBPrescTable
                0x0000000008009ba0                . = ALIGN (0x4)

.rel.dyn        0x0000000008009ba0        0x0
 .rel.iplt      0x0000000008009ba0        0x0 c:/st/stm32cubeide_1.4.0/stm32cubeide/plugins/com.st.stm32cube.ide.mcu.externaltools.gnu-tools-for-stm32.7-2018-q2-update.win32_1.5.0.202011040924/tools/bin/../lib/gcc/arm-none-eabi/7.3.1/thumb/v7e-m/fpv4-sp/hard/crtbegin.o

.ARM.extab      0x0000000008009ba0        0x0
                0x0000000008009ba0                . = ALIGN (0x4)
 *(.ARM.extab* .gnu.linkonce.armextab.*)
                0x0000000008009ba0                . = ALIGN (0x4)

.ARM            0x0000000008009ba0        0x0
                0x0000000008009ba0                . = ALIGN (0x4)
                0x0000000008009ba0                __exidx_start = .
 *(.ARM.exidx*)
                0x0000000008009ba0                __exidx_end = .
                0x0000000008009ba0                . = ALIGN (0x4)

.preinit_array  0x0000000008009ba0        0x0
                0x0000000008009ba0                . = ALIGN (0x4)
                0x0000000008009ba0                PROVIDE (__preinit_array_start = .)
 *(.preinit_array*)
                0x0000000008009ba0                PROVIDE (__preinit_array_end = .)
                0x0000000008009ba0                . = ALIGN (0x4)

.init_array     0x0000000008009ba0        0x4
                0x0000000008009ba0                . = ALIGN (0x4)
                0x0000000008009ba0                PROVIDE (__init_array_start = .)
 *(SORT_BY_NAME(.init_array.*))
 *(.init_array*)
 .init_array    0x0000000008009ba0        0x4 c:/st/stm32cubeide_1.4.0/stm32cubeide/plugins/com.st.stm32cube.ide.mcu.externaltools.gnu-tools-for-stm32.7-2018-q2-update.win32_1.5.0.202011040924/tools/bin/../lib/gcc/arm-none-eabi/7.3.1/thumb/v7e-m/fpv4-sp/hard/crtbegin.o
                0x0000000008009ba4                PROVIDE (__init_array_end = .)
                0x0000000008009ba4                . = ALIGN (0x4)

.fini_array     0x0000000008009ba4        0x4
                0x0000000008009ba4                . = ALIGN (0x4)
                [!provide]                        PROVIDE (__fini_array_start = .)
 *(SORT_BY_NAME(.fini_array.*))
 *(.fini_array*)
 .fini_array    0x0000000008009ba4        0x4 c:/st/stm32cubeide_1.4.0/stm32cubeide/plugins/com.st.stm32cube.ide.mcu.externaltools.gnu-tools-for-stm32.7-2018-q2-update.win32_1.5.0.202011040924/tools/bin/../lib/gcc/arm-none-eabi/7.3.1/thumb/v7e-m/fpv4-sp/hard/crtbegin.o
                [!provide]                        PROVIDE (__fini_array_end = .)
                0x0000000008009ba8                . = ALIGN (0x4)
                0x0000000008009ba8                _sidata = LOADADDR (.data)

.data           0x0000000020000000      0x190 load address 0x0000000008009ba8
                0x0000000020000000                . = ALIGN (0x4)
                0x0000000020000000                _sdata = .
 *(.data)
 *(.data*)
 .data.min_duty
                0x0000000020000000        0x4 Core/Src/main.o
                0x0000000020000000                min_duty
 .data.max_duty
                0x0000000020000004        0x4 Core/Src/main.o
                0x0000000020000004                max_duty
 .data.max_speed
                0x0000000020000008        0x4 Core/Src/main.o
                0x0000000020000008                max_speed
 .data.SystemCoreClock
                0x000000002000000c        0x4 Core/Src/system_stm32g4xx.o
                0x000000002000000c                SystemCoreClock
 .data.uwTickPrio
                0x0000000020000010        0x4 Drivers/STM32G4xx_HAL_Driver/Src/stm32g4xx_hal.o
                0x0000000020000010                uwTickPrio
 .data.uwTickFreq
                0x0000000020000014        0x4 Drivers/STM32G4xx_HAL_Driver/Src/stm32g4xx_hal.o
                0x0000000020000014                uwTickFreq
 .data.USBD_CDC_DeviceQualifierDesc
                0x0000000020000018        0xa Middlewares/ST/STM32_USB_Device_Library/Class/CDC/Src/usbd_cdc.o
 *fill*         0x0000000020000022        0x2 
 .data.USBD_CDC
                0x0000000020000024       0x38 Middlewares/ST/STM32_USB_Device_Library/Class/CDC/Src/usbd_cdc.o
                0x0000000020000024                USBD_CDC
 .data.USBD_CDC_CfgHSDesc
                0x000000002000005c       0x43 Middlewares/ST/STM32_USB_Device_Library/Class/CDC/Src/usbd_cdc.o
 *fill*         0x000000002000009f        0x1 
 .data.USBD_CDC_CfgFSDesc
                0x00000000200000a0       0x43 Middlewares/ST/STM32_USB_Device_Library/Class/CDC/Src/usbd_cdc.o
 *fill*         0x00000000200000e3        0x1 
 .data.USBD_CDC_OtherSpeedCfgDesc
                0x00000000200000e4       0x43 Middlewares/ST/STM32_USB_Device_Library/Class/CDC/Src/usbd_cdc.o
 *fill*         0x0000000020000127        0x1 
 .data.USBD_Interface_fops_FS
                0x0000000020000128       0x14 USB_Device/App/usbd_cdc_if.o
                0x0000000020000128                USBD_Interface_fops_FS
 .data.CDC_Desc
                0x000000002000013c       0x20 USB_Device/App/usbd_desc.o
                0x000000002000013c                CDC_Desc
 .data.USBD_CDC_DeviceDesc
                0x000000002000015c       0x12 USB_Device/App/usbd_desc.o
                0x000000002000015c                USBD_CDC_DeviceDesc
 *fill*         0x000000002000016e        0x2 
 .data.USBD_LangIDDesc
                0x0000000020000170        0x4 USB_Device/App/usbd_desc.o
                0x0000000020000170                USBD_LangIDDesc
 .data.USBD_StringSerial
                0x0000000020000174       0x1a USB_Device/App/usbd_desc.o
                0x0000000020000174                USBD_StringSerial
                0x0000000020000190                . = ALIGN (0x4)
 *fill*         0x000000002000018e        0x2 
                0x0000000020000190                _edata = .

.igot.plt       0x0000000020000190        0x0 load address 0x0000000008009d38
 .igot.plt      0x0000000020000190        0x0 c:/st/stm32cubeide_1.4.0/stm32cubeide/plugins/com.st.stm32cube.ide.mcu.externaltools.gnu-tools-for-stm32.7-2018-q2-update.win32_1.5.0.202011040924/tools/bin/../lib/gcc/arm-none-eabi/7.3.1/thumb/v7e-m/fpv4-sp/hard/crtbegin.o
                0x0000000020000190                . = ALIGN (0x4)

.bss            0x0000000020000190     0x14b4 load address 0x0000000008009d38
                0x0000000020000190                _sbss = .
                0x0000000020000190                __bss_start__ = _sbss
 *(.bss)
 .bss           0x0000000020000190       0x1c c:/st/stm32cubeide_1.4.0/stm32cubeide/plugins/com.st.stm32cube.ide.mcu.externaltools.gnu-tools-for-stm32.7-2018-q2-update.win32_1.5.0.202011040924/tools/bin/../lib/gcc/arm-none-eabi/7.3.1/thumb/v7e-m/fpv4-sp/hard/crtbegin.o
 *(.bss*)
 .bss.command   0x00000000200001ac       0x14 Core/Src/main.o
                0x00000000200001ac                command
 .bss.feedback  0x00000000200001c0       0x14 Core/Src/main.o
                0x00000000200001c0                feedback
 .bss.command_received
                0x00000000200001d4        0x1 Core/Src/main.o
                0x00000000200001d4                command_received
 .bss.command_received_ticker
                0x00000000200001d5        0x1 Core/Src/main.o
                0x00000000200001d5                command_received_ticker
 .bss.motor1_position_prev
                0x00000000200001d6        0x2 Core/Src/main.o
                0x00000000200001d6                motor1_position_prev
 .bss.motor2_position_prev
                0x00000000200001d8        0x2 Core/Src/main.o
                0x00000000200001d8                motor2_position_prev
 .bss.motor3_position_prev
                0x00000000200001da        0x2 Core/Src/main.o
                0x00000000200001da                motor3_position_prev
 .bss.cfgidx.10491
                0x00000000200001dc        0x1 Middlewares/ST/STM32_USB_Device_Library/Core/Src/usbd_ctlreq.o
 *fill*         0x00000000200001dd        0x3 
 .bss.mem.10569
                0x00000000200001e0      0x220 USB_Device/Target/usbd_conf.o
 *(COMMON)
 COMMON         0x0000000020000400      0x2ac Core/Src/main.o
                0x0000000020000400                htim8
                0x000000002000044c                htim4
                0x0000000020000498                htim15
                0x00000000200004e4                htim17
                0x0000000020000530                htim3
                0x000000002000057c                htim1
                0x00000000200005c8                htim2
                0x0000000020000614                htim16
                0x0000000020000660                htim7
 COMMON         0x00000000200006ac        0x4 Drivers/STM32G4xx_HAL_Driver/Src/stm32g4xx_hal.o
                0x00000000200006ac                uwTick
 COMMON         0x00000000200006b0      0x2d0 USB_Device/App/usb_device.o
                0x00000000200006b0                hUsbDeviceFS
 COMMON         0x0000000020000980      0x7d0 USB_Device/App/usbd_cdc_if.o
                0x0000000020000980                UserRxBufferFS
                0x0000000020000d68                UserTxBufferFS
 COMMON         0x0000000020001150      0x200 USB_Device/App/usbd_desc.o
                0x0000000020001150                USBD_StrDesc
 COMMON         0x0000000020001350      0x2f4 USB_Device/Target/usbd_conf.o
                0x0000000020001350                hpcd_USB_FS
                0x0000000020001644                . = ALIGN (0x4)
                0x0000000020001644                _ebss = .
                0x0000000020001644                __bss_end__ = _ebss

._user_heap_stack
                0x0000000020001644      0x604 load address 0x0000000008009d38
                0x0000000020001648                . = ALIGN (0x8)
 *fill*         0x0000000020001644        0x4 
                [!provide]                        PROVIDE (end = .)
                0x0000000020001648                PROVIDE (_end = .)
                0x0000000020001848                . = (. + _Min_Heap_Size)
 *fill*         0x0000000020001648      0x200 
                0x0000000020001c48                . = (. + _Min_Stack_Size)
 *fill*         0x0000000020001848      0x400 
                0x0000000020001c48                . = ALIGN (0x8)

/DISCARD/
 libc.a(*)
 libm.a(*)
 libgcc.a(*)

.ARM.attributes
                0x0000000000000000       0x30
 *(.ARM.attributes)
 .ARM.attributes
                0x0000000000000000       0x22 c:/st/stm32cubeide_1.4.0/stm32cubeide/plugins/com.st.stm32cube.ide.mcu.externaltools.gnu-tools-for-stm32.7-2018-q2-update.win32_1.5.0.202011040924/tools/bin/../lib/gcc/arm-none-eabi/7.3.1/thumb/v7e-m/fpv4-sp/hard/crti.o
 .ARM.attributes
                0x0000000000000022       0x34 c:/st/stm32cubeide_1.4.0/stm32cubeide/plugins/com.st.stm32cube.ide.mcu.externaltools.gnu-tools-for-stm32.7-2018-q2-update.win32_1.5.0.202011040924/tools/bin/../lib/gcc/arm-none-eabi/7.3.1/thumb/v7e-m/fpv4-sp/hard/crtbegin.o
 .ARM.attributes
                0x0000000000000056       0x39 Core/Src/main.o
 .ARM.attributes
                0x000000000000008f       0x39 Core/Src/stm32g4xx_hal_msp.o
 .ARM.attributes
                0x00000000000000c8       0x39 Core/Src/stm32g4xx_it.o
 .ARM.attributes
                0x0000000000000101       0x39 Core/Src/system_stm32g4xx.o
 .ARM.attributes
                0x000000000000013a       0x21 Core/Startup/startup_stm32g431kbtx.o
 .ARM.attributes
                0x000000000000015b       0x39 Drivers/STM32G4xx_HAL_Driver/Src/stm32g4xx_hal.o
 .ARM.attributes
                0x0000000000000194       0x39 Drivers/STM32G4xx_HAL_Driver/Src/stm32g4xx_hal_cortex.o
 .ARM.attributes
                0x00000000000001cd       0x39 Drivers/STM32G4xx_HAL_Driver/Src/stm32g4xx_hal_gpio.o
 .ARM.attributes
                0x0000000000000206       0x39 Drivers/STM32G4xx_HAL_Driver/Src/stm32g4xx_hal_pcd.o
 .ARM.attributes
                0x000000000000023f       0x39 Drivers/STM32G4xx_HAL_Driver/Src/stm32g4xx_hal_pcd_ex.o
 .ARM.attributes
                0x0000000000000278       0x39 Drivers/STM32G4xx_HAL_Driver/Src/stm32g4xx_hal_pwr_ex.o
 .ARM.attributes
                0x00000000000002b1       0x39 Drivers/STM32G4xx_HAL_Driver/Src/stm32g4xx_hal_rcc.o
 .ARM.attributes
                0x00000000000002ea       0x39 Drivers/STM32G4xx_HAL_Driver/Src/stm32g4xx_hal_rcc_ex.o
 .ARM.attributes
                0x0000000000000323       0x39 Drivers/STM32G4xx_HAL_Driver/Src/stm32g4xx_hal_tim.o
 .ARM.attributes
                0x000000000000035c       0x39 Drivers/STM32G4xx_HAL_Driver/Src/stm32g4xx_hal_tim_ex.o
 .ARM.attributes
                0x0000000000000395       0x39 Drivers/STM32G4xx_HAL_Driver/Src/stm32g4xx_ll_usb.o
 .ARM.attributes
                0x00000000000003ce       0x39 Middlewares/ST/STM32_USB_Device_Library/Class/CDC/Src/usbd_cdc.o
 .ARM.attributes
                0x0000000000000407       0x39 Middlewares/ST/STM32_USB_Device_Library/Core/Src/usbd_core.o
 .ARM.attributes
                0x0000000000000440       0x39 Middlewares/ST/STM32_USB_Device_Library/Core/Src/usbd_ctlreq.o
 .ARM.attributes
                0x0000000000000479       0x39 Middlewares/ST/STM32_USB_Device_Library/Core/Src/usbd_ioreq.o
 .ARM.attributes
                0x00000000000004b2       0x39 USB_Device/App/usb_device.o
 .ARM.attributes
                0x00000000000004eb       0x39 USB_Device/App/usbd_cdc_if.o
 .ARM.attributes
                0x0000000000000524       0x39 USB_Device/App/usbd_desc.o
 .ARM.attributes
                0x000000000000055d       0x39 USB_Device/Target/usbd_conf.o
 .ARM.attributes
                0x0000000000000596       0x34 c:/st/stm32cubeide_1.4.0/stm32cubeide/plugins/com.st.stm32cube.ide.mcu.externaltools.gnu-tools-for-stm32.7-2018-q2-update.win32_1.5.0.202011040924/tools/bin/../lib/gcc/arm-none-eabi/7.3.1/../../../../arm-none-eabi/lib/thumb/v7e-m/fpv4-sp/hard\libc_nano.a(lib_a-init.o)
 .ARM.attributes
                0x00000000000005ca       0x34 c:/st/stm32cubeide_1.4.0/stm32cubeide/plugins/com.st.stm32cube.ide.mcu.externaltools.gnu-tools-for-stm32.7-2018-q2-update.win32_1.5.0.202011040924/tools/bin/../lib/gcc/arm-none-eabi/7.3.1/../../../../arm-none-eabi/lib/thumb/v7e-m/fpv4-sp/hard\libc_nano.a(lib_a-memcpy-stub.o)
 .ARM.attributes
                0x00000000000005fe       0x34 c:/st/stm32cubeide_1.4.0/stm32cubeide/plugins/com.st.stm32cube.ide.mcu.externaltools.gnu-tools-for-stm32.7-2018-q2-update.win32_1.5.0.202011040924/tools/bin/../lib/gcc/arm-none-eabi/7.3.1/../../../../arm-none-eabi/lib/thumb/v7e-m/fpv4-sp/hard\libc_nano.a(lib_a-memset.o)
 .ARM.attributes
                0x0000000000000632       0x22 c:/st/stm32cubeide_1.4.0/stm32cubeide/plugins/com.st.stm32cube.ide.mcu.externaltools.gnu-tools-for-stm32.7-2018-q2-update.win32_1.5.0.202011040924/tools/bin/../lib/gcc/arm-none-eabi/7.3.1/thumb/v7e-m/fpv4-sp/hard/crtn.o
OUTPUT(delta x mainboard.elf elf32-littlearm)

.debug_info     0x0000000000000000    0x1ad6f
 .debug_info    0x0000000000000000     0x1e63 Core/Src/main.o
 .debug_info    0x0000000000001e63     0x11a2 Core/Src/stm32g4xx_hal_msp.o
 .debug_info    0x0000000000003005      0xe7d Core/Src/stm32g4xx_it.o
 .debug_info    0x0000000000003e82      0x6af Core/Src/system_stm32g4xx.o
 .debug_info    0x0000000000004531       0x22 Core/Startup/startup_stm32g431kbtx.o
 .debug_info    0x0000000000004553      0xbaa Drivers/STM32G4xx_HAL_Driver/Src/stm32g4xx_hal.o
 .debug_info    0x00000000000050fd      0xebb Drivers/STM32G4xx_HAL_Driver/Src/stm32g4xx_hal_cortex.o
 .debug_info    0x0000000000005fb8      0x978 Drivers/STM32G4xx_HAL_Driver/Src/stm32g4xx_hal_gpio.o
 .debug_info    0x0000000000006930     0x1285 Drivers/STM32G4xx_HAL_Driver/Src/stm32g4xx_hal_pcd.o
 .debug_info    0x0000000000007bb5      0x980 Drivers/STM32G4xx_HAL_Driver/Src/stm32g4xx_hal_pcd_ex.o
 .debug_info    0x0000000000008535      0xa9c Drivers/STM32G4xx_HAL_Driver/Src/stm32g4xx_hal_pwr_ex.o
 .debug_info    0x0000000000008fd1      0xca5 Drivers/STM32G4xx_HAL_Driver/Src/stm32g4xx_hal_rcc.o
 .debug_info    0x0000000000009c76      0xd92 Drivers/STM32G4xx_HAL_Driver/Src/stm32g4xx_hal_rcc_ex.o
 .debug_info    0x000000000000aa08     0x2b3d Drivers/STM32G4xx_HAL_Driver/Src/stm32g4xx_hal_tim.o
 .debug_info    0x000000000000d545     0x1ca9 Drivers/STM32G4xx_HAL_Driver/Src/stm32g4xx_hal_tim_ex.o
 .debug_info    0x000000000000f1ee     0x19b5 Drivers/STM32G4xx_HAL_Driver/Src/stm32g4xx_ll_usb.o
 .debug_info    0x0000000000010ba3     0x1933 Middlewares/ST/STM32_USB_Device_Library/Class/CDC/Src/usbd_cdc.o
 .debug_info    0x00000000000124d6     0x1368 Middlewares/ST/STM32_USB_Device_Library/Core/Src/usbd_core.o
 .debug_info    0x000000000001383e     0x1332 Middlewares/ST/STM32_USB_Device_Library/Core/Src/usbd_ctlreq.o
 .debug_info    0x0000000000014b70     0x107d Middlewares/ST/STM32_USB_Device_Library/Core/Src/usbd_ioreq.o
 .debug_info    0x0000000000015bed      0xff0 USB_Device/App/usb_device.o
 .debug_info    0x0000000000016bdd     0x1202 USB_Device/App/usbd_cdc_if.o
 .debug_info    0x0000000000017ddf      0xe0c USB_Device/App/usbd_desc.o
 .debug_info    0x0000000000018beb     0x2184 USB_Device/Target/usbd_conf.o

.debug_abbrev   0x0000000000000000     0x3465
 .debug_abbrev  0x0000000000000000      0x2d7 Core/Src/main.o
 .debug_abbrev  0x00000000000002d7      0x23d Core/Src/stm32g4xx_hal_msp.o
 .debug_abbrev  0x0000000000000514      0x1b0 Core/Src/stm32g4xx_it.o
 .debug_abbrev  0x00000000000006c4      0x147 Core/Src/system_stm32g4xx.o
 .debug_abbrev  0x000000000000080b       0x12 Core/Startup/startup_stm32g431kbtx.o
 .debug_abbrev  0x000000000000081d      0x1fb Drivers/STM32G4xx_HAL_Driver/Src/stm32g4xx_hal.o
 .debug_abbrev  0x0000000000000a18      0x2f1 Drivers/STM32G4xx_HAL_Driver/Src/stm32g4xx_hal_cortex.o
 .debug_abbrev  0x0000000000000d09      0x1c0 Drivers/STM32G4xx_HAL_Driver/Src/stm32g4xx_hal_gpio.o
 .debug_abbrev  0x0000000000000ec9      0x268 Drivers/STM32G4xx_HAL_Driver/Src/stm32g4xx_hal_pcd.o
 .debug_abbrev  0x0000000000001131      0x1eb Drivers/STM32G4xx_HAL_Driver/Src/stm32g4xx_hal_pcd_ex.o
 .debug_abbrev  0x000000000000131c      0x1fd Drivers/STM32G4xx_HAL_Driver/Src/stm32g4xx_hal_pwr_ex.o
 .debug_abbrev  0x0000000000001519      0x245 Drivers/STM32G4xx_HAL_Driver/Src/stm32g4xx_hal_rcc.o
 .debug_abbrev  0x000000000000175e      0x204 Drivers/STM32G4xx_HAL_Driver/Src/stm32g4xx_hal_rcc_ex.o
 .debug_abbrev  0x0000000000001962      0x25b Drivers/STM32G4xx_HAL_Driver/Src/stm32g4xx_hal_tim.o
 .debug_abbrev  0x0000000000001bbd      0x261 Drivers/STM32G4xx_HAL_Driver/Src/stm32g4xx_hal_tim_ex.o
 .debug_abbrev  0x0000000000001e1e      0x231 Drivers/STM32G4xx_HAL_Driver/Src/stm32g4xx_ll_usb.o
 .debug_abbrev  0x000000000000204f      0x2af Middlewares/ST/STM32_USB_Device_Library/Class/CDC/Src/usbd_cdc.o
 .debug_abbrev  0x00000000000022fe      0x27d Middlewares/ST/STM32_USB_Device_Library/Core/Src/usbd_core.o
 .debug_abbrev  0x000000000000257b      0x2ba Middlewares/ST/STM32_USB_Device_Library/Core/Src/usbd_ctlreq.o
 .debug_abbrev  0x0000000000002835      0x1fc Middlewares/ST/STM32_USB_Device_Library/Core/Src/usbd_ioreq.o
 .debug_abbrev  0x0000000000002a31      0x1da USB_Device/App/usb_device.o
 .debug_abbrev  0x0000000000002c0b      0x2ca USB_Device/App/usbd_cdc_if.o
 .debug_abbrev  0x0000000000002ed5      0x290 USB_Device/App/usbd_desc.o
 .debug_abbrev  0x0000000000003165      0x300 USB_Device/Target/usbd_conf.o

.debug_aranges  0x0000000000000000     0x1398
 .debug_aranges
                0x0000000000000000       0x98 Core/Src/main.o
 .debug_aranges
                0x0000000000000098       0x58 Core/Src/stm32g4xx_hal_msp.o
 .debug_aranges
                0x00000000000000f0       0x70 Core/Src/stm32g4xx_it.o
 .debug_aranges
                0x0000000000000160       0x28 Core/Src/system_stm32g4xx.o
 .debug_aranges
                0x0000000000000188       0x28 Core/Startup/startup_stm32g431kbtx.o
 .debug_aranges
                0x00000000000001b0      0x130 Drivers/STM32G4xx_HAL_Driver/Src/stm32g4xx_hal.o
 .debug_aranges
                0x00000000000002e0      0x118 Drivers/STM32G4xx_HAL_Driver/Src/stm32g4xx_hal_cortex.o
 .debug_aranges
                0x00000000000003f8       0x58 Drivers/STM32G4xx_HAL_Driver/Src/stm32g4xx_hal_gpio.o
 .debug_aranges
                0x0000000000000450      0x130 Drivers/STM32G4xx_HAL_Driver/Src/stm32g4xx_hal_pcd.o
 .debug_aranges
                0x0000000000000580       0x58 Drivers/STM32G4xx_HAL_Driver/Src/stm32g4xx_hal_pcd_ex.o
 .debug_aranges
                0x00000000000005d8      0x140 Drivers/STM32G4xx_HAL_Driver/Src/stm32g4xx_hal_pwr_ex.o
 .debug_aranges
                0x0000000000000718       0x98 Drivers/STM32G4xx_HAL_Driver/Src/stm32g4xx_hal_rcc.o
 .debug_aranges
                0x00000000000007b0       0xb0 Drivers/STM32G4xx_HAL_Driver/Src/stm32g4xx_hal_rcc_ex.o
 .debug_aranges
                0x0000000000000860      0x3e0 Drivers/STM32G4xx_HAL_Driver/Src/stm32g4xx_hal_tim.o
 .debug_aranges
                0x0000000000000c40      0x240 Drivers/STM32G4xx_HAL_Driver/Src/stm32g4xx_hal_tim_ex.o
 .debug_aranges
                0x0000000000000e80      0x108 Drivers/STM32G4xx_HAL_Driver/Src/stm32g4xx_ll_usb.o
 .debug_aranges
                0x0000000000000f88       0x90 Middlewares/ST/STM32_USB_Device_Library/Class/CDC/Src/usbd_cdc.o
 .debug_aranges
                0x0000000000001018       0xb8 Middlewares/ST/STM32_USB_Device_Library/Core/Src/usbd_core.o
 .debug_aranges
                0x00000000000010d0       0x90 Middlewares/ST/STM32_USB_Device_Library/Core/Src/usbd_ctlreq.o
 .debug_aranges
                0x0000000000001160       0x50 Middlewares/ST/STM32_USB_Device_Library/Core/Src/usbd_ioreq.o
 .debug_aranges
                0x00000000000011b0       0x20 USB_Device/App/usb_device.o
 .debug_aranges
                0x00000000000011d0       0x48 USB_Device/App/usbd_cdc_if.o
 .debug_aranges
                0x0000000000001218       0x60 USB_Device/App/usbd_desc.o
 .debug_aranges
                0x0000000000001278      0x120 USB_Device/Target/usbd_conf.o

.debug_ranges   0x0000000000000000     0x1220
 .debug_ranges  0x0000000000000000       0x88 Core/Src/main.o
 .debug_ranges  0x0000000000000088       0x48 Core/Src/stm32g4xx_hal_msp.o
 .debug_ranges  0x00000000000000d0       0x60 Core/Src/stm32g4xx_it.o
 .debug_ranges  0x0000000000000130       0x18 Core/Src/system_stm32g4xx.o
 .debug_ranges  0x0000000000000148       0x20 Core/Startup/startup_stm32g431kbtx.o
 .debug_ranges  0x0000000000000168      0x120 Drivers/STM32G4xx_HAL_Driver/Src/stm32g4xx_hal.o
 .debug_ranges  0x0000000000000288      0x108 Drivers/STM32G4xx_HAL_Driver/Src/stm32g4xx_hal_cortex.o
 .debug_ranges  0x0000000000000390       0x48 Drivers/STM32G4xx_HAL_Driver/Src/stm32g4xx_hal_gpio.o
 .debug_ranges  0x00000000000003d8      0x120 Drivers/STM32G4xx_HAL_Driver/Src/stm32g4xx_hal_pcd.o
 .debug_ranges  0x00000000000004f8       0x48 Drivers/STM32G4xx_HAL_Driver/Src/stm32g4xx_hal_pcd_ex.o
 .debug_ranges  0x0000000000000540      0x130 Drivers/STM32G4xx_HAL_Driver/Src/stm32g4xx_hal_pwr_ex.o
 .debug_ranges  0x0000000000000670       0x88 Drivers/STM32G4xx_HAL_Driver/Src/stm32g4xx_hal_rcc.o
 .debug_ranges  0x00000000000006f8       0xa0 Drivers/STM32G4xx_HAL_Driver/Src/stm32g4xx_hal_rcc_ex.o
 .debug_ranges  0x0000000000000798      0x3d0 Drivers/STM32G4xx_HAL_Driver/Src/stm32g4xx_hal_tim.o
 .debug_ranges  0x0000000000000b68      0x230 Drivers/STM32G4xx_HAL_Driver/Src/stm32g4xx_hal_tim_ex.o
 .debug_ranges  0x0000000000000d98       0xf8 Drivers/STM32G4xx_HAL_Driver/Src/stm32g4xx_ll_usb.o
 .debug_ranges  0x0000000000000e90       0x80 Middlewares/ST/STM32_USB_Device_Library/Class/CDC/Src/usbd_cdc.o
 .debug_ranges  0x0000000000000f10       0xa8 Middlewares/ST/STM32_USB_Device_Library/Core/Src/usbd_core.o
 .debug_ranges  0x0000000000000fb8       0x80 Middlewares/ST/STM32_USB_Device_Library/Core/Src/usbd_ctlreq.o
 .debug_ranges  0x0000000000001038       0x40 Middlewares/ST/STM32_USB_Device_Library/Core/Src/usbd_ioreq.o
 .debug_ranges  0x0000000000001078       0x10 USB_Device/App/usb_device.o
 .debug_ranges  0x0000000000001088       0x38 USB_Device/App/usbd_cdc_if.o
 .debug_ranges  0x00000000000010c0       0x50 USB_Device/App/usbd_desc.o
 .debug_ranges  0x0000000000001110      0x110 USB_Device/Target/usbd_conf.o

.debug_macro    0x0000000000000000    0x20593
 .debug_macro   0x0000000000000000      0x3ca Core/Src/main.o
 .debug_macro   0x00000000000003ca      0xa5a Core/Src/main.o
 .debug_macro   0x0000000000000e24      0x15b Core/Src/main.o
 .debug_macro   0x0000000000000f7f       0x2e Core/Src/main.o
 .debug_macro   0x0000000000000fad       0x28 Core/Src/main.o
 .debug_macro   0x0000000000000fd5       0x22 Core/Src/main.o
 .debug_macro   0x0000000000000ff7       0x8e Core/Src/main.o
 .debug_macro   0x0000000000001085       0x51 Core/Src/main.o
 .debug_macro   0x00000000000010d6       0xef Core/Src/main.o
 .debug_macro   0x00000000000011c5       0x6a Core/Src/main.o
 .debug_macro   0x000000000000122f      0x1df Core/Src/main.o
 .debug_macro   0x000000000000140e       0x1c Core/Src/main.o
 .debug_macro   0x000000000000142a       0x22 Core/Src/main.o
 .debug_macro   0x000000000000144c      0x101 Core/Src/main.o
 .debug_macro   0x000000000000154d     0x1011 Core/Src/main.o
 .debug_macro   0x000000000000255e      0x11f Core/Src/main.o
 .debug_macro   0x000000000000267d    0x1138f Core/Src/main.o
 .debug_macro   0x0000000000013a0c       0x43 Core/Src/main.o
 .debug_macro   0x0000000000013a4f     0x34ed Core/Src/main.o
 .debug_macro   0x0000000000016f3c      0x174 Core/Src/main.o
 .debug_macro   0x00000000000170b0       0x5a Core/Src/main.o
 .debug_macro   0x000000000001710a     0x13de Core/Src/main.o
 .debug_macro   0x00000000000184e8      0x535 Core/Src/main.o
 .debug_macro   0x0000000000018a1d      0x137 Core/Src/main.o
 .debug_macro   0x0000000000018b54      0x289 Core/Src/main.o
 .debug_macro   0x0000000000018ddd      0x41d Core/Src/main.o
 .debug_macro   0x00000000000191fa      0x18b Core/Src/main.o
 .debug_macro   0x0000000000019385       0x43 Core/Src/main.o
 .debug_macro   0x00000000000193c8      0x23d Core/Src/main.o
 .debug_macro   0x0000000000019605      0x212 Core/Src/main.o
 .debug_macro   0x0000000000019817      0x401 Core/Src/main.o
 .debug_macro   0x0000000000019c18      0x107 Core/Src/main.o
 .debug_macro   0x0000000000019d1f       0x65 Core/Src/main.o
 .debug_macro   0x0000000000019d84      0x234 Core/Src/main.o
 .debug_macro   0x0000000000019fb8      0x122 Core/Src/main.o
 .debug_macro   0x000000000001a0da      0x3d1 Core/Src/main.o
 .debug_macro   0x000000000001a4ab      0xbbe Core/Src/main.o
 .debug_macro   0x000000000001b069      0x47e Core/Src/main.o
 .debug_macro   0x000000000001b4e7      0x307 Core/Src/main.o
 .debug_macro   0x000000000001b7ee       0x46 Core/Src/main.o
 .debug_macro   0x000000000001b834       0x18 Core/Src/main.o
 .debug_macro   0x000000000001b84c       0x3c Core/Src/main.o
 .debug_macro   0x000000000001b888       0x34 Core/Src/main.o
 .debug_macro   0x000000000001b8bc       0x16 Core/Src/main.o
 .debug_macro   0x000000000001b8d2       0x35 Core/Src/main.o
 .debug_macro   0x000000000001b907      0x32a Core/Src/main.o
 .debug_macro   0x000000000001bc31       0x10 Core/Src/main.o
 .debug_macro   0x000000000001bc41       0x52 Core/Src/main.o
 .debug_macro   0x000000000001bc93       0x1f Core/Src/main.o
 .debug_macro   0x000000000001bcb2       0x43 Core/Src/main.o
 .debug_macro   0x000000000001bcf5       0x20 Core/Src/main.o
 .debug_macro   0x000000000001bd15      0x1a3 Core/Src/main.o
 .debug_macro   0x000000000001beb8       0x10 Core/Src/main.o
 .debug_macro   0x000000000001bec8       0x1c Core/Src/main.o
 .debug_macro   0x000000000001bee4       0x52 Core/Src/main.o
 .debug_macro   0x000000000001bf36       0x40 Core/Src/main.o
 .debug_macro   0x000000000001bf76       0x10 Core/Src/main.o
 .debug_macro   0x000000000001bf86       0x40 Core/Src/main.o
 .debug_macro   0x000000000001bfc6       0xd7 Core/Src/main.o
 .debug_macro   0x000000000001c09d       0x1c Core/Src/main.o
 .debug_macro   0x000000000001c0b9       0x3d Core/Src/main.o
 .debug_macro   0x000000000001c0f6       0x16 Core/Src/main.o
 .debug_macro   0x000000000001c10c      0x145 Core/Src/main.o
 .debug_macro   0x000000000001c251       0x16 Core/Src/main.o
 .debug_macro   0x000000000001c267       0x16 Core/Src/main.o
 .debug_macro   0x000000000001c27d       0x29 Core/Src/main.o
 .debug_macro   0x000000000001c2a6       0x16 Core/Src/main.o
 .debug_macro   0x000000000001c2bc       0x20 Core/Src/main.o
 .debug_macro   0x000000000001c2dc       0x5f Core/Src/main.o
 .debug_macro   0x000000000001c33b      0x1c4 Core/Src/main.o
 .debug_macro   0x000000000001c4ff      0x1e8 Core/Src/stm32g4xx_hal_msp.o
 .debug_macro   0x000000000001c6e7      0x1f2 Core/Src/stm32g4xx_it.o
 .debug_macro   0x000000000001c8d9      0x1e4 Core/Src/system_stm32g4xx.o
 .debug_macro   0x000000000001cabd      0x22c Drivers/STM32G4xx_HAL_Driver/Src/stm32g4xx_hal.o
 .debug_macro   0x000000000001cce9      0x1de Drivers/STM32G4xx_HAL_Driver/Src/stm32g4xx_hal_cortex.o
 .debug_macro   0x000000000001cec7      0x216 Drivers/STM32G4xx_HAL_Driver/Src/stm32g4xx_hal_gpio.o
 .debug_macro   0x000000000001d0dd      0x1ea Drivers/STM32G4xx_HAL_Driver/Src/stm32g4xx_hal_pcd.o
 .debug_macro   0x000000000001d2c7      0x1de Drivers/STM32G4xx_HAL_Driver/Src/stm32g4xx_hal_pcd_ex.o
 .debug_macro   0x000000000001d4a5      0x208 Drivers/STM32G4xx_HAL_Driver/Src/stm32g4xx_hal_pwr_ex.o
 .debug_macro   0x000000000001d6ad      0x21a Drivers/STM32G4xx_HAL_Driver/Src/stm32g4xx_hal_rcc.o
 .debug_macro   0x000000000001d8c7      0x208 Drivers/STM32G4xx_HAL_Driver/Src/stm32g4xx_hal_rcc_ex.o
 .debug_macro   0x000000000001dacf      0x1e6 Drivers/STM32G4xx_HAL_Driver/Src/stm32g4xx_hal_tim.o
 .debug_macro   0x000000000001dcb5      0x1e4 Drivers/STM32G4xx_HAL_Driver/Src/stm32g4xx_hal_tim_ex.o
 .debug_macro   0x000000000001de99      0x1de Drivers/STM32G4xx_HAL_Driver/Src/stm32g4xx_ll_usb.o
 .debug_macro   0x000000000001e077      0x3eb Middlewares/ST/STM32_USB_Device_Library/Class/CDC/Src/usbd_cdc.o
 .debug_macro   0x000000000001e462       0x97 Middlewares/ST/STM32_USB_Device_Library/Class/CDC/Src/usbd_cdc.o
 .debug_macro   0x000000000001e4f9       0xfd Middlewares/ST/STM32_USB_Device_Library/Class/CDC/Src/usbd_cdc.o
 .debug_macro   0x000000000001e5f6       0xfb Middlewares/ST/STM32_USB_Device_Library/Class/CDC/Src/usbd_cdc.o
 .debug_macro   0x000000000001e6f1       0x54 Middlewares/ST/STM32_USB_Device_Library/Class/CDC/Src/usbd_cdc.o
 .debug_macro   0x000000000001e745       0x8f Middlewares/ST/STM32_USB_Device_Library/Class/CDC/Src/usbd_cdc.o
 .debug_macro   0x000000000001e7d4      0x3d2 Middlewares/ST/STM32_USB_Device_Library/Core/Src/usbd_core.o
 .debug_macro   0x000000000001eba6      0x1ca Middlewares/ST/STM32_USB_Device_Library/Core/Src/usbd_core.o
 .debug_macro   0x000000000001ed70      0x3dc Middlewares/ST/STM32_USB_Device_Library/Core/Src/usbd_ctlreq.o
 .debug_macro   0x000000000001f14c      0x3d8 Middlewares/ST/STM32_USB_Device_Library/Core/Src/usbd_ioreq.o
 .debug_macro   0x000000000001f524      0x411 USB_Device/App/usb_device.o
 .debug_macro   0x000000000001f935       0x22 USB_Device/App/usb_device.o
 .debug_macro   0x000000000001f957       0x16 USB_Device/App/usb_device.o
 .debug_macro   0x000000000001f96d      0x3f6 USB_Device/App/usbd_cdc_if.o
 .debug_macro   0x000000000001fd63       0x10 USB_Device/App/usbd_cdc_if.o
 .debug_macro   0x000000000001fd73      0x40f USB_Device/App/usbd_desc.o
 .debug_macro   0x0000000000020182       0x1c USB_Device/App/usbd_desc.o
 .debug_macro   0x000000000002019e      0x3f5 USB_Device/Target/usbd_conf.o

.debug_line     0x0000000000000000    0x11be3
 .debug_line    0x0000000000000000      0xc27 Core/Src/main.o
 .debug_line    0x0000000000000c27      0x833 Core/Src/stm32g4xx_hal_msp.o
 .debug_line    0x000000000000145a      0x7b8 Core/Src/stm32g4xx_it.o
 .debug_line    0x0000000000001c12      0x70a Core/Src/system_stm32g4xx.o
 .debug_line    0x000000000000231c       0x89 Core/Startup/startup_stm32g431kbtx.o
 .debug_line    0x00000000000023a5      0x990 Drivers/STM32G4xx_HAL_Driver/Src/stm32g4xx_hal.o
 .debug_line    0x0000000000002d35      0xa18 Drivers/STM32G4xx_HAL_Driver/Src/stm32g4xx_hal_cortex.o
 .debug_line    0x000000000000374d      0x892 Drivers/STM32G4xx_HAL_Driver/Src/stm32g4xx_hal_gpio.o
 .debug_line    0x0000000000003fdf      0xcc6 Drivers/STM32G4xx_HAL_Driver/Src/stm32g4xx_hal_pcd.o
 .debug_line    0x0000000000004ca5      0x7b7 Drivers/STM32G4xx_HAL_Driver/Src/stm32g4xx_hal_pcd_ex.o
 .debug_line    0x000000000000545c      0xa7b Drivers/STM32G4xx_HAL_Driver/Src/stm32g4xx_hal_pwr_ex.o
 .debug_line    0x0000000000005ed7      0x9cf Drivers/STM32G4xx_HAL_Driver/Src/stm32g4xx_hal_rcc.o
 .debug_line    0x00000000000068a6      0xb79 Drivers/STM32G4xx_HAL_Driver/Src/stm32g4xx_hal_rcc_ex.o
 .debug_line    0x000000000000741f     0x280e Drivers/STM32G4xx_HAL_Driver/Src/stm32g4xx_hal_tim.o
 .debug_line    0x0000000000009c2d     0x1835 Drivers/STM32G4xx_HAL_Driver/Src/stm32g4xx_hal_tim_ex.o
 .debug_line    0x000000000000b462      0xd97 Drivers/STM32G4xx_HAL_Driver/Src/stm32g4xx_ll_usb.o
 .debug_line    0x000000000000c1f9      0xba6 Middlewares/ST/STM32_USB_Device_Library/Class/CDC/Src/usbd_cdc.o
 .debug_line    0x000000000000cd9f      0xbc3 Middlewares/ST/STM32_USB_Device_Library/Core/Src/usbd_core.o
 .debug_line    0x000000000000d962      0xcbb Middlewares/ST/STM32_USB_Device_Library/Core/Src/usbd_ctlreq.o
 .debug_line    0x000000000000e61d      0xa41 Middlewares/ST/STM32_USB_Device_Library/Core/Src/usbd_ioreq.o
 .debug_line    0x000000000000f05e      0xa23 USB_Device/App/usb_device.o
 .debug_line    0x000000000000fa81      0xa6a USB_Device/App/usbd_cdc_if.o
 .debug_line    0x00000000000104eb      0xa75 USB_Device/App/usbd_desc.o
 .debug_line    0x0000000000010f60      0xc83 USB_Device/Target/usbd_conf.o

.debug_str      0x0000000000000000    0xc4333
 .debug_str     0x0000000000000000    0xbf014 Core/Src/main.o
                                      0xbf48c (size before relaxing)
 .debug_str     0x00000000000bf014      0x528 Core/Src/stm32g4xx_hal_msp.o
                                      0xba656 (size before relaxing)
 .debug_str     0x00000000000bf53c      0x3a9 Core/Src/stm32g4xx_it.o
                                      0xba387 (size before relaxing)
 .debug_str     0x00000000000bf8e5       0xc6 Core/Src/system_stm32g4xx.o
                                      0xb9b80 (size before relaxing)
 .debug_str     0x00000000000bf9ab       0x36 Core/Startup/startup_stm32g431kbtx.o
                                         0x79 (size before relaxing)
 .debug_str     0x00000000000bf9e1      0x591 Drivers/STM32G4xx_HAL_Driver/Src/stm32g4xx_hal.o
                                      0xba63e (size before relaxing)
 .debug_str     0x00000000000bff72      0x389 Drivers/STM32G4xx_HAL_Driver/Src/stm32g4xx_hal_cortex.o
                                      0xba346 (size before relaxing)
 .debug_str     0x00000000000c02fb      0x218 Drivers/STM32G4xx_HAL_Driver/Src/stm32g4xx_hal_gpio.o
                                      0xb9ded (size before relaxing)
 .debug_str     0x00000000000c0513      0x3d8 Drivers/STM32G4xx_HAL_Driver/Src/stm32g4xx_hal_pcd.o
                                      0xba134 (size before relaxing)
 .debug_str     0x00000000000c08eb      0x1c6 Drivers/STM32G4xx_HAL_Driver/Src/stm32g4xx_hal_pcd_ex.o
                                      0xb9f0c (size before relaxing)
 .debug_str     0x00000000000c0ab1      0x4d2 Drivers/STM32G4xx_HAL_Driver/Src/stm32g4xx_hal_pwr_ex.o
                                      0xba05f (size before relaxing)
 .debug_str     0x00000000000c0f83      0x3ab Drivers/STM32G4xx_HAL_Driver/Src/stm32g4xx_hal_rcc.o
                                      0xba0f9 (size before relaxing)
 .debug_str     0x00000000000c132e      0x3fa Drivers/STM32G4xx_HAL_Driver/Src/stm32g4xx_hal_rcc_ex.o
                                      0xba212 (size before relaxing)
 .debug_str     0x00000000000c1728      0xd55 Drivers/STM32G4xx_HAL_Driver/Src/stm32g4xx_hal_tim.o
                                      0xbaf35 (size before relaxing)
 .debug_str     0x00000000000c247d      0x971 Drivers/STM32G4xx_HAL_Driver/Src/stm32g4xx_hal_tim_ex.o
                                      0xbabf9 (size before relaxing)
 .debug_str     0x00000000000c2dee      0x2f0 Drivers/STM32G4xx_HAL_Driver/Src/stm32g4xx_ll_usb.o
                                      0xb9f30 (size before relaxing)
 .debug_str     0x00000000000c30de      0x92b Middlewares/ST/STM32_USB_Device_Library/Class/CDC/Src/usbd_cdc.o
                                      0xbf217 (size before relaxing)
 .debug_str     0x00000000000c3a09      0x1a2 Middlewares/ST/STM32_USB_Device_Library/Core/Src/usbd_core.o
                                      0xbeae6 (size before relaxing)
 .debug_str     0x00000000000c3bab      0x15b Middlewares/ST/STM32_USB_Device_Library/Core/Src/usbd_ctlreq.o
                                      0xbeaa4 (size before relaxing)
 .debug_str     0x00000000000c3d06       0xc9 Middlewares/ST/STM32_USB_Device_Library/Core/Src/usbd_ioreq.o
                                      0xbe9f4 (size before relaxing)
 .debug_str     0x00000000000c3dcf      0x119 USB_Device/App/usb_device.o
                                      0xbed69 (size before relaxing)
 .debug_str     0x00000000000c3ee8       0x8a USB_Device/App/usbd_cdc_if.o
                                      0xbedba (size before relaxing)
 .debug_str     0x00000000000c3f72      0x254 USB_Device/App/usbd_desc.o
                                      0xbe92d (size before relaxing)
 .debug_str     0x00000000000c41c6      0x16d USB_Device/Target/usbd_conf.o
                                      0xbf890 (size before relaxing)

.comment        0x0000000000000000       0x7b
 .comment       0x0000000000000000       0x7b Core/Src/main.o
                                         0x7c (size before relaxing)
 .comment       0x000000000000007b       0x7c Core/Src/stm32g4xx_hal_msp.o
 .comment       0x000000000000007b       0x7c Core/Src/stm32g4xx_it.o
 .comment       0x000000000000007b       0x7c Core/Src/system_stm32g4xx.o
 .comment       0x000000000000007b       0x7c Drivers/STM32G4xx_HAL_Driver/Src/stm32g4xx_hal.o
 .comment       0x000000000000007b       0x7c Drivers/STM32G4xx_HAL_Driver/Src/stm32g4xx_hal_cortex.o
 .comment       0x000000000000007b       0x7c Drivers/STM32G4xx_HAL_Driver/Src/stm32g4xx_hal_gpio.o
 .comment       0x000000000000007b       0x7c Drivers/STM32G4xx_HAL_Driver/Src/stm32g4xx_hal_pcd.o
 .comment       0x000000000000007b       0x7c Drivers/STM32G4xx_HAL_Driver/Src/stm32g4xx_hal_pcd_ex.o
 .comment       0x000000000000007b       0x7c Drivers/STM32G4xx_HAL_Driver/Src/stm32g4xx_hal_pwr_ex.o
 .comment       0x000000000000007b       0x7c Drivers/STM32G4xx_HAL_Driver/Src/stm32g4xx_hal_rcc.o
 .comment       0x000000000000007b       0x7c Drivers/STM32G4xx_HAL_Driver/Src/stm32g4xx_hal_rcc_ex.o
 .comment       0x000000000000007b       0x7c Drivers/STM32G4xx_HAL_Driver/Src/stm32g4xx_hal_tim.o
 .comment       0x000000000000007b       0x7c Drivers/STM32G4xx_HAL_Driver/Src/stm32g4xx_hal_tim_ex.o
 .comment       0x000000000000007b       0x7c Drivers/STM32G4xx_HAL_Driver/Src/stm32g4xx_ll_usb.o
 .comment       0x000000000000007b       0x7c Middlewares/ST/STM32_USB_Device_Library/Class/CDC/Src/usbd_cdc.o
 .comment       0x000000000000007b       0x7c Middlewares/ST/STM32_USB_Device_Library/Core/Src/usbd_core.o
 .comment       0x000000000000007b       0x7c Middlewares/ST/STM32_USB_Device_Library/Core/Src/usbd_ctlreq.o
 .comment       0x000000000000007b       0x7c Middlewares/ST/STM32_USB_Device_Library/Core/Src/usbd_ioreq.o
 .comment       0x000000000000007b       0x7c USB_Device/App/usb_device.o
 .comment       0x000000000000007b       0x7c USB_Device/App/usbd_cdc_if.o
 .comment       0x000000000000007b       0x7c USB_Device/App/usbd_desc.o
 .comment       0x000000000000007b       0x7c USB_Device/Target/usbd_conf.o

.debug_frame    0x0000000000000000     0x51a4
 .debug_frame   0x0000000000000000      0x250 Core/Src/main.o
 .debug_frame   0x0000000000000250      0x138 Core/Src/stm32g4xx_hal_msp.o
 .debug_frame   0x0000000000000388      0x144 Core/Src/stm32g4xx_it.o
 .debug_frame   0x00000000000004cc       0x58 Core/Src/system_stm32g4xx.o
 .debug_frame   0x0000000000000524      0x4a0 Drivers/STM32G4xx_HAL_Driver/Src/stm32g4xx_hal.o
 .debug_frame   0x00000000000009c4      0x498 Drivers/STM32G4xx_HAL_Driver/Src/stm32g4xx_hal_cortex.o
 .debug_frame   0x0000000000000e5c      0x14c Drivers/STM32G4xx_HAL_Driver/Src/stm32g4xx_hal_gpio.o
 .debug_frame   0x0000000000000fa8      0x554 Drivers/STM32G4xx_HAL_Driver/Src/stm32g4xx_hal_pcd.o
 .debug_frame   0x00000000000014fc      0x14c Drivers/STM32G4xx_HAL_Driver/Src/stm32g4xx_hal_pcd_ex.o
 .debug_frame   0x0000000000001648      0x4fc Drivers/STM32G4xx_HAL_Driver/Src/stm32g4xx_hal_pwr_ex.o
 .debug_frame   0x0000000000001b44      0x23c Drivers/STM32G4xx_HAL_Driver/Src/stm32g4xx_hal_rcc.o
 .debug_frame   0x0000000000001d80      0x2ac Drivers/STM32G4xx_HAL_Driver/Src/stm32g4xx_hal_rcc_ex.o
 .debug_frame   0x000000000000202c     0x121c Drivers/STM32G4xx_HAL_Driver/Src/stm32g4xx_hal_tim.o
 .debug_frame   0x0000000000003248      0xa68 Drivers/STM32G4xx_HAL_Driver/Src/stm32g4xx_hal_tim_ex.o
 .debug_frame   0x0000000000003cb0      0x4c8 Drivers/STM32G4xx_HAL_Driver/Src/stm32g4xx_ll_usb.o
 .debug_frame   0x0000000000004178      0x248 Middlewares/ST/STM32_USB_Device_Library/Class/CDC/Src/usbd_cdc.o
 .debug_frame   0x00000000000043c0      0x2fc Middlewares/ST/STM32_USB_Device_Library/Core/Src/usbd_core.o
 .debug_frame   0x00000000000046bc      0x23c Middlewares/ST/STM32_USB_Device_Library/Core/Src/usbd_ctlreq.o
 .debug_frame   0x00000000000048f8      0x10c Middlewares/ST/STM32_USB_Device_Library/Core/Src/usbd_ioreq.o
 .debug_frame   0x0000000000004a04       0x2c USB_Device/App/usb_device.o
 .debug_frame   0x0000000000004a30       0xe4 USB_Device/App/usbd_cdc_if.o
 .debug_frame   0x0000000000004b14      0x160 USB_Device/App/usbd_desc.o
 .debug_frame   0x0000000000004c74      0x4bc USB_Device/Target/usbd_conf.o
 .debug_frame   0x0000000000005130       0x2c c:/st/stm32cubeide_1.4.0/stm32cubeide/plugins/com.st.stm32cube.ide.mcu.externaltools.gnu-tools-for-stm32.7-2018-q2-update.win32_1.5.0.202011040924/tools/bin/../lib/gcc/arm-none-eabi/7.3.1/../../../../arm-none-eabi/lib/thumb/v7e-m/fpv4-sp/hard\libc_nano.a(lib_a-init.o)
 .debug_frame   0x000000000000515c       0x28 c:/st/stm32cubeide_1.4.0/stm32cubeide/plugins/com.st.stm32cube.ide.mcu.externaltools.gnu-tools-for-stm32.7-2018-q2-update.win32_1.5.0.202011040924/tools/bin/../lib/gcc/arm-none-eabi/7.3.1/../../../../arm-none-eabi/lib/thumb/v7e-m/fpv4-sp/hard\libc_nano.a(lib_a-memcpy-stub.o)
 .debug_frame   0x0000000000005184       0x20 c:/st/stm32cubeide_1.4.0/stm32cubeide/plugins/com.st.stm32cube.ide.mcu.externaltools.gnu-tools-for-stm32.7-2018-q2-update.win32_1.5.0.202011040924/tools/bin/../lib/gcc/arm-none-eabi/7.3.1/../../../../arm-none-eabi/lib/thumb/v7e-m/fpv4-sp/hard\libc_nano.a(lib_a-memset.o)