main.c:99:6:CDC_On_Receive	16	static
main.c:114:13:Set_Motor_Speed	32	static
main.c:151:5:main	8	static
main.c:247:6:SystemClock_Config	152	static
main.c:302:13:MX_TIM1_Init	104	static
main.c:384:13:MX_TIM2_Init	56	static
main.c:433:13:MX_TIM3_Init	48	static
main.c:492:13:MX_TIM4_Init	56	static
main.c:541:13:MX_TIM7_Init	24	static
main.c:579:13:MX_TIM8_Init	112	static
main.c:637:13:MX_TIM15_Init	104	static
main.c:703:13:MX_TIM16_Init	88	static
main.c:766:13:MX_TIM17_Init	88	static
main.c:829:13:MX_GPIO_Init	40	static
main.c:856:6:HAL_TIM_PeriodElapsedCallback	40	static
main.c:893:6:Error_Handler	4	static
